104.23.221.191 - - [09/Jan/2026:08:13:42 +0000] "GET /wordpress/wp-admin/setup-config.php HTTP/2.0" 404 93 "-" "https://lead360.app/wordpress/wp-admin/setup-config.php"
104.23.221.191 - - [09/Jan/2026:08:13:52 +0000] "GET /wp-admin/setup-config.php HTTP/2.0" 404 93 "-" "https://lead360.app/wp-admin/setup-config.php"
172.71.184.172 - - [09/Jan/2026:08:13:57 +0000] "GET /wordpress/wp-admin/setup-config.php HTTP/2.0" 404 93 "-" "http://lead360.app/wordpress/wp-admin/setup-config.php"
172.70.240.48 - - [09/Jan/2026:08:14:16 +0000] "GET /wp-admin/setup-config.php HTTP/2.0" 404 93 "-" "http://lead360.app/wp-admin/setup-config.php"
192.71.142.176 - - [09/Jan/2026:08:28:38 +0000] "GET / HTTP/1.1" 200 177 "http://lead360.app/" "Mozilla/5.0 (Linux; U; Android 13; sk-sk; Xiaomi 11T Pro Build/TKQ1.220829.002) AppleWebKit/537.36 (KHTML, like Gecko) Version/4.0 Chrome/112.0.5615.136 Mobile Safari/537.36 XiaoMi/MiuiBrowser/14.4.0-g"
104.23.221.190 - - [09/Jan/2026:08:32:59 +0000] "GET /wordpress/wp-admin/setup-config.php HTTP/2.0" 404 93 "-" "https://lead360.app/wordpress/wp-admin/setup-config.php"
104.23.223.87 - - [09/Jan/2026:08:33:04 +0000] "GET /wp-admin/setup-config.php HTTP/2.0" 404 93 "-" "http://lead360.app/wp-admin/setup-config.php"
172.70.247.187 - - [09/Jan/2026:08:34:24 +0000] "GET /wp-admin/setup-config.php HTTP/2.0" 404 93 "-" "https://lead360.app/wp-admin/setup-config.php"
104.23.221.190 - - [09/Jan/2026:08:35:39 +0000] "GET /wordpress/wp-admin/setup-config.php HTTP/2.0" 404 93 "-" "http://lead360.app/wordpress/wp-admin/setup-config.php"
104.23.221.190 - - [09/Jan/2026:08:48:41 +0000] "GET /wp-admin/setup-config.php HTTP/2.0" 404 93 "-" "http://lead360.app/wp-admin/setup-config.php"
172.68.10.126 - - [09/Jan/2026:08:49:50 +0000] "GET /wp-admin/setup-config.php HTTP/2.0" 404 136 "-" "Mozilla/5.0 (Windows NT 10.0; Win64; x64) AppleWebKit/537.36 (KHTML, like Gecko) Chrome/143.0.0.0 Safari/537.36"
172.70.240.49 - - [09/Jan/2026:08:50:28 +0000] "GET /wordpress/wp-admin/setup-config.php HTTP/2.0" 404 93 "-" "https://lead360.app/wordpress/wp-admin/setup-config.php"
172.68.10.127 - - [09/Jan/2026:08:52:06 +0000] "GET /wordpress/wp-admin/setup-config.php HTTP/2.0" 404 93 "-" "http://lead360.app/wordpress/wp-admin/setup-config.php"
104.23.221.191 - - [09/Jan/2026:09:06:20 +0000] "GET /wp-admin/setup-config.php HTTP/2.0" 404 136 "-" "Mozilla/5.0 (Windows NT 10.0; Win64; x64) AppleWebKit/537.36 (KHTML, like Gecko) Chrome/143.0.0.0 Safari/537.36"
162.158.183.23 - - [09/Jan/2026:09:07:29 +0000] "GET /wp-admin/setup-config.php HTTP/2.0" 404 93 "-" "https://lead360.app/wp-admin/setup-config.php"
104.23.217.136 - - [09/Jan/2026:09:07:29 +0000] "GET /wordpress/wp-admin/setup-config.php HTTP/2.0" 404 136 "-" "Mozilla/5.0 (Windows NT 10.0; Win64; x64) AppleWebKit/537.36 (KHTML, like Gecko) Chrome/143.0.0.0 Safari/537.36"
104.23.221.191 - - [09/Jan/2026:09:09:10 +0000] "GET /wordpress/wp-admin/setup-config.php HTTP/2.0" 404 93 "-" "https://lead360.app/wordpress/wp-admin/setup-config.php"
104.23.221.191 - - [09/Jan/2026:09:22:47 +0000] "GET /wordpress/wp-admin/setup-config.php HTTP/2.0" 404 93 "-" "https://lead360.app/wordpress/wp-admin/setup-config.php"
104.23.221.190 - - [09/Jan/2026:09:24:22 +0000] "GET /wp-admin/setup-config.php HTTP/2.0" 404 93 "-" "http://lead360.app/wp-admin/setup-config.php"
172.71.164.202 - - [09/Jan/2026:09:24:31 +0000] "GET /wp-admin/setup-config.php HTTP/2.0" 404 93 "-" "https://lead360.app/wp-admin/setup-config.php"
104.23.221.191 - - [09/Jan/2026:09:25:34 +0000] "GET /wordpress/wp-admin/setup-config.php HTTP/2.0" 404 136 "-" "Mozilla/5.0 (Windows NT 10.0; Win64; x64) AppleWebKit/537.36 (KHTML, like Gecko) Chrome/143.0.0.0 Safari/537.36"
104.23.221.191 - - [09/Jan/2026:09:41:12 +0000] "GET /wp-admin/setup-config.php HTTP/2.0" 404 136 "-" "Mozilla/5.0 (Windows NT 10.0; Win64; x64) AppleWebKit/537.36 (KHTML, like Gecko) Chrome/143.0.0.0 Safari/537.36"
172.71.144.65 - - [09/Jan/2026:09:41:26 +0000] "GET /wordpress/wp-admin/setup-config.php HTTP/2.0" 404 93 "-" "http://lead360.app/wordpress/wp-admin/setup-config.php"
172.70.248.133 - - [09/Jan/2026:09:41:50 +0000] "GET /wordpress/wp-admin/setup-config.php HTTP/2.0" 404 93 "-" "https://lead360.app/wordpress/wp-admin/setup-config.php"
104.23.221.191 - - [09/Jan/2026:09:42:59 +0000] "GET /wp-admin/setup-config.php HTTP/2.0" 404 93 "-" "http://lead360.app/wp-admin/setup-config.php"
104.23.221.190 - - [09/Jan/2026:09:56:04 +0000] "GET /wp-admin/setup-config.php HTTP/2.0" 404 136 "-" "Mozilla/5.0 (Windows NT 10.0; Win64; x64) AppleWebKit/537.36 (KHTML, like Gecko) Chrome/143.0.0.0 Safari/537.36"
104.23.223.87 - - [09/Jan/2026:09:56:09 +0000] "GET /wordpress/wp-admin/setup-config.php HTTP/2.0" 404 93 "-" "https://lead360.app/wordpress/wp-admin/setup-config.php"
104.23.223.87 - - [09/Jan/2026:09:56:23 +0000] "GET /wordpress/wp-admin/setup-config.php HTTP/2.0" 404 136 "-" "Mozilla/5.0 (Windows NT 10.0; Win64; x64) AppleWebKit/537.36 (KHTML, like Gecko) Chrome/143.0.0.0 Safari/537.36"
104.23.217.137 - - [09/Jan/2026:09:58:26 +0000] "GET /wp-admin/setup-config.php HTTP/2.0" 404 93 "-" "https://lead360.app/wp-admin/setup-config.php"
104.23.221.190 - - [09/Jan/2026:10:12:49 +0000] "GET /wp-admin/setup-config.php HTTP/2.0" 404 136 "-" "Mozilla/5.0 (Windows NT 10.0; Win64; x64) AppleWebKit/537.36 (KHTML, like Gecko) Chrome/143.0.0.0 Safari/537.36"
104.23.221.191 - - [09/Jan/2026:10:13:36 +0000] "GET /wordpress/wp-admin/setup-config.php HTTP/2.0" 404 93 "-" "https://lead360.app/wordpress/wp-admin/setup-config.php"
104.23.221.191 - - [09/Jan/2026:10:14:46 +0000] "GET /wp-admin/setup-config.php HTTP/2.0" 404 93 "-" "https://lead360.app/wp-admin/setup-config.php"
104.23.221.190 - - [09/Jan/2026:10:16:09 +0000] "GET /wordpress/wp-admin/setup-config.php HTTP/2.0" 404 93 "-" "http://lead360.app/wordpress/wp-admin/setup-config.php"
167.71.251.80 - - [09/Jan/2026:10:31:01 +0000] "GET / HTTP/1.1" 200 177 "-" "Mozilla/5.0 (Macintosh; Intel Mac OS X 10_15_7) AppleWebKit/605.1.15 (KHTML, like Gecko) Version/17.5 Safari/605.2.21"
167.71.251.80 - - [09/Jan/2026:10:31:01 +0000] "GET /wp-login.php HTTP/1.1" 404 555 "-" "Mozilla/5.0 (Macintosh; Intel Mac OS X 10_15_2) AppleWebKit/537.36 (KHTML, like Gecko) Chrome/87.0.4280.141 Safari/537.36"
167.71.251.80 - - [09/Jan/2026:10:31:01 +0000] "GET /wp-admin/ HTTP/1.1" 404 153 "-" "Mozilla/5.0 (Macintosh; Intel Mac OS X 10_15_7) AppleWebKit/605.1.15 (KHTML, like Gecko) Version/17.4.1 Safari/605.8.26"
162.158.87.130 - - [09/Jan/2026:10:32:04 +0000] "GET /wordpress/wp-admin/setup-config.php HTTP/2.0" 404 93 "-" "http://lead360.app/wordpress/wp-admin/setup-config.php"
104.23.223.86 - - [09/Jan/2026:10:33:35 +0000] "GET /wp-admin/setup-config.php HTTP/2.0" 404 93 "-" "http://lead360.app/wp-admin/setup-config.php"
104.23.223.87 - - [09/Jan/2026:10:34:51 +0000] "GET /wp-admin/setup-config.php HTTP/2.0" 404 93 "-" "https://lead360.app/wp-admin/setup-config.php"
104.23.223.86 - - [09/Jan/2026:10:34:57 +0000] "GET /wordpress/wp-admin/setup-config.php HTTP/2.0" 404 136 "-" "Mozilla/5.0 (Windows NT 10.0; Win64; x64) AppleWebKit/537.36 (KHTML, like Gecko) Chrome/143.0.0.0 Safari/537.36"
104.23.221.191 - - [09/Jan/2026:10:52:05 +0000] "GET /wp-admin/setup-config.php HTTP/2.0" 404 93 "-" "http://lead360.app/wp-admin/setup-config.php"
104.23.221.191 - - [09/Jan/2026:10:54:18 +0000] "GET /wordpress/wp-admin/setup-config.php HTTP/2.0" 404 93 "-" "https://lead360.app/wordpress/wp-admin/setup-config.php"
104.23.223.86 - - [09/Jan/2026:10:54:33 +0000] "GET /wp-admin/setup-config.php HTTP/2.0" 404 93 "-" "https://lead360.app/wp-admin/setup-config.php"
104.23.221.191 - - [09/Jan/2026:10:54:43 +0000] "GET /wordpress/wp-admin/setup-config.php HTTP/2.0" 404 93 "-" "http://lead360.app/wordpress/wp-admin/setup-config.php"
104.23.221.191 - - [09/Jan/2026:11:06:09 +0000] "GET /wordpress/wp-admin/setup-config.php HTTP/2.0" 404 93 "-" "http://lead360.app/wordpress/wp-admin/setup-config.php"
104.23.223.87 - - [09/Jan/2026:11:07:10 +0000] "GET /wordpress/wp-admin/setup-config.php HTTP/2.0" 404 93 "-" "https://lead360.app/wordpress/wp-admin/setup-config.php"
104.23.221.191 - - [09/Jan/2026:11:09:12 +0000] "GET /wp-admin/setup-config.php HTTP/2.0" 404 93 "-" "http://lead360.app/wp-admin/setup-config.php"
104.23.221.191 - - [09/Jan/2026:11:09:53 +0000] "GET /wp-admin/setup-config.php HTTP/2.0" 404 93 "-" "https://lead360.app/wp-admin/setup-config.php"
104.23.221.191 - - [09/Jan/2026:11:24:54 +0000] "GET /wp-admin/setup-config.php HTTP/2.0" 404 93 "-" "http://lead360.app/wp-admin/setup-config.php"
104.23.221.190 - - [09/Jan/2026:11:26:15 +0000] "GET /wordpress/wp-admin/setup-config.php HTTP/2.0" 404 93 "-" "https://lead360.app/wordpress/wp-admin/setup-config.php"
104.23.221.191 - - [09/Jan/2026:11:26:29 +0000] "GET /wordpress/wp-admin/setup-config.php HTTP/2.0" 404 93 "-" "http://lead360.app/wordpress/wp-admin/setup-config.php"
104.23.221.191 - - [09/Jan/2026:11:27:44 +0000] "GET /wp-admin/setup-config.php HTTP/2.0" 404 93 "-" "https://lead360.app/wp-admin/setup-config.php"
104.23.217.136 - - [09/Jan/2026:11:43:43 +0000] "GET /wp-admin/setup-config.php HTTP/2.0" 404 93 "-" "http://lead360.app/wp-admin/setup-config.php"
104.23.223.87 - - [09/Jan/2026:11:43:43 +0000] "GET /wordpress/wp-admin/setup-config.php HTTP/2.0" 404 93 "-" "http://lead360.app/wordpress/wp-admin/setup-config.php"
104.23.221.191 - - [09/Jan/2026:11:44:03 +0000] "GET /wp-admin/setup-config.php HTTP/2.0" 404 93 "-" "https://lead360.app/wp-admin/setup-config.php"
104.23.221.191 - - [09/Jan/2026:11:45:32 +0000] "GET /wordpress/wp-admin/setup-config.php HTTP/2.0" 404 93 "-" "https://lead360.app/wordpress/wp-admin/setup-config.php"
59.14.17.48 - - [09/Jan/2026:11:50:03 +0000] "GET / HTTP/1.1" 200 177 "-" "Mozilla/5.0 (Linux; Android 9; Mi A2 Lite) AppleWebKit/537.36 (KHTML, like Gecko) Chrome/80.0.3987.132"
59.14.17.48 - - [09/Jan/2026:11:50:05 +0000] "GET / HTTP/2.0" 200 115 "-" "Mozilla/5.0 (Linux; Android 9; Mi A2 Lite) AppleWebKit/537.36 (KHTML, like Gecko) Chrome/80.0.3987.132"
59.14.17.48 - - [09/Jan/2026:11:50:06 +0000] "GET / HTTP/1.1" 200 177 "-" "Mozilla/5.0 (Linux; Android 9; Mi A2 Lite) AppleWebKit/537.36 (KHTML, like Gecko) Chrome/80.0.3987.132"
162.158.95.172 - - [09/Jan/2026:12:01:09 +0000] "GET /wordpress/wp-admin/setup-config.php HTTP/2.0" 404 136 "-" "Mozilla/5.0 (Windows NT 10.0; Win64; x64) AppleWebKit/537.36 (KHTML, like Gecko) Chrome/143.0.0.0 Safari/537.36"
104.23.221.190 - - [09/Jan/2026:12:01:56 +0000] "GET /wordpress/wp-admin/setup-config.php HTTP/2.0" 404 136 "-" "Mozilla/5.0 (Windows NT 10.0; Win64; x64) AppleWebKit/537.36 (KHTML, like Gecko) Chrome/143.0.0.0 Safari/537.36"
104.23.221.190 - - [09/Jan/2026:12:02:01 +0000] "GET /wp-admin/setup-config.php HTTP/2.0" 404 93 "-" "http://lead360.app/wp-admin/setup-config.php"
172.70.248.158 - - [09/Jan/2026:12:03:40 +0000] "GET /wp-admin/setup-config.php HTTP/2.0" 404 136 "-" "Mozilla/5.0 (Windows NT 10.0; Win64; x64) AppleWebKit/537.36 (KHTML, like Gecko) Chrome/143.0.0.0 Safari/537.36"
162.158.110.106 - - [09/Jan/2026:12:17:28 +0000] "GET /wp-admin/setup-config.php HTTP/2.0" 404 136 "-" "Mozilla/5.0 (Windows NT 10.0; Win64; x64) AppleWebKit/537.36 (KHTML, like Gecko) Chrome/143.0.0.0 Safari/537.36"
104.23.223.87 - - [09/Jan/2026:12:17:38 +0000] "GET /wp-admin/setup-config.php HTTP/2.0" 404 93 "-" "https://lead360.app/wp-admin/setup-config.php"
104.23.221.190 - - [09/Jan/2026:12:17:43 +0000] "GET /wordpress/wp-admin/setup-config.php HTTP/2.0" 404 93 "-" "http://lead360.app/wordpress/wp-admin/setup-config.php"
172.71.144.64 - - [09/Jan/2026:12:18:07 +0000] "GET /wordpress/wp-admin/setup-config.php HTTP/2.0" 404 136 "-" "Mozilla/5.0 (Windows NT 10.0; Win64; x64) AppleWebKit/537.36 (KHTML, like Gecko) Chrome/143.0.0.0 Safari/537.36"
44.236.207.248 - - [09/Jan/2026:12:32:37 +0000] "GET / HTTP/2.0" 200 177 "-" "Go-http-client/2.0"
44.236.207.248 - - [09/Jan/2026:12:32:37 +0000] "GET / HTTP/2.0" 200 177 "-" "Go-http-client/2.0"
44.236.207.248 - - [09/Jan/2026:12:32:37 +0000] "GET / HTTP/2.0" 200 115 "-" "Mozilla/5.0 (X11; Linux x86_64) AppleWebKit/537.36 (KHTML, like Gecko) HeadlessChrome/142.0.0.0 Safari/537.36"
162.158.110.106 - - [09/Jan/2026:12:33:56 +0000] "GET /wordpress/wp-admin/setup-config.php HTTP/2.0" 404 93 "-" "http://lead360.app/wordpress/wp-admin/setup-config.php"
104.23.223.87 - - [09/Jan/2026:12:36:06 +0000] "GET /wp-admin/setup-config.php HTTP/2.0" 404 93 "-" "https://lead360.app/wp-admin/setup-config.php"
104.23.223.86 - - [09/Jan/2026:12:36:30 +0000] "GET /wp-admin/setup-config.php HTTP/2.0" 404 93 "-" "http://lead360.app/wp-admin/setup-config.php"
172.69.151.145 - - [09/Jan/2026:12:36:34 +0000] "GET /wordpress/wp-admin/setup-config.php HTTP/2.0" 404 93 "-" "https://lead360.app/wordpress/wp-admin/setup-config.php"
104.23.223.86 - - [09/Jan/2026:12:51:08 +0000] "GET /wp-admin/setup-config.php HTTP/2.0" 404 136 "-" "Mozilla/5.0 (Windows NT 10.0; Win64; x64) AppleWebKit/537.36 (KHTML, like Gecko) Chrome/143.0.0.0 Safari/537.36"
104.23.221.190 - - [09/Jan/2026:12:52:27 +0000] "GET /wp-admin/setup-config.php HTTP/2.0" 404 136 "-" "Mozilla/5.0 (Windows NT 10.0; Win64; x64) AppleWebKit/537.36 (KHTML, like Gecko) Chrome/143.0.0.0 Safari/537.36"
104.23.221.190 - - [09/Jan/2026:12:52:57 +0000] "GET /wordpress/wp-admin/setup-config.php HTTP/2.0" 404 93 "-" "https://lead360.app/wordpress/wp-admin/setup-config.php"
104.23.221.190 - - [09/Jan/2026:12:54:39 +0000] "GET /wordpress/wp-admin/setup-config.php HTTP/2.0" 404 136 "-" "Mozilla/5.0 (Windows NT 10.0; Win64; x64) AppleWebKit/537.36 (KHTML, like Gecko) Chrome/143.0.0.0 Safari/537.36"
104.23.239.112 - - [09/Jan/2026:13:05:46 +0000] "GET /wordpress/wp-admin/setup-config.php HTTP/2.0" 404 93 "-" "http://lead360.app/wordpress/wp-admin/setup-config.php"
104.23.221.191 - - [09/Jan/2026:13:05:55 +0000] "GET /wp-admin/setup-config.php HTTP/2.0" 404 93 "-" "http://lead360.app/wp-admin/setup-config.php"
104.23.221.191 - - [09/Jan/2026:13:08:11 +0000] "GET /wordpress/wp-admin/setup-config.php HTTP/2.0" 404 93 "-" "https://lead360.app/wordpress/wp-admin/setup-config.php"
104.23.223.87 - - [09/Jan/2026:13:09:47 +0000] "GET /wp-admin/setup-config.php HTTP/2.0" 404 136 "-" "Mozilla/5.0 (Windows NT 10.0; Win64; x64) AppleWebKit/537.36 (KHTML, like Gecko) Chrome/143.0.0.0 Safari/537.36"
104.23.221.191 - - [09/Jan/2026:13:25:23 +0000] "GET /wp-admin/setup-config.php HTTP/2.0" 404 93 "-" "https://lead360.app/wp-admin/setup-config.php"
104.23.221.191 - - [09/Jan/2026:13:25:33 +0000] "GET /wordpress/wp-admin/setup-config.php HTTP/2.0" 404 93 "-" "https://lead360.app/wordpress/wp-admin/setup-config.php"
172.71.246.125 - - [09/Jan/2026:13:27:58 +0000] "GET /wordpress/wp-admin/setup-config.php HTTP/2.0" 404 136 "-" "Mozilla/5.0 (Windows NT 10.0; Win64; x64) AppleWebKit/537.36 (KHTML, like Gecko) Chrome/143.0.0.0 Safari/537.36"
74.7.230.33 - - [09/Jan/2026:13:28:16 +0000] "GET /robots.txt HTTP/2.0" 404 136 "-" "Mozilla/5.0 (Macintosh; Intel Mac OS X 10_15_7) AppleWebKit/537.36 (KHTML, like Gecko) Chrome/131.0.0.0 Safari/537.36; compatible; OAI-SearchBot/1.3; robots.txt; +https://openai.com/searchbot"
74.7.227.178 - - [09/Jan/2026:13:28:17 +0000] "GET / HTTP/2.0" 200 115 "-" "Mozilla/5.0 AppleWebKit/537.36 (KHTML, like Gecko; compatible; GPTBot/1.3; +https://openai.com/gptbot)"
104.23.221.191 - - [09/Jan/2026:13:28:17 +0000] "GET /wp-admin/setup-config.php HTTP/2.0" 404 93 "-" "http://lead360.app/wp-admin/setup-config.php"
104.23.221.7 - - [09/Jan/2026:13:41:33 +0000] "GET /wp-admin/setup-config.php HTTP/2.0" 404 93 "-" "http://lead360.app/wp-admin/setup-config.php"
172.71.164.202 - - [09/Jan/2026:13:42:50 +0000] "GET /wp-admin/setup-config.php HTTP/2.0" 404 136 "-" "Mozilla/5.0 (Windows NT 10.0; Win64; x64) AppleWebKit/537.36 (KHTML, like Gecko) Chrome/143.0.0.0 Safari/537.36"
104.23.221.191 - - [09/Jan/2026:13:43:53 +0000] "GET /wordpress/wp-admin/setup-config.php HTTP/2.0" 404 136 "-" "Mozilla/5.0 (Windows NT 10.0; Win64; x64) AppleWebKit/537.36 (KHTML, like Gecko) Chrome/143.0.0.0 Safari/537.36"
104.23.221.190 - - [09/Jan/2026:13:43:59 +0000] "GET /wordpress/wp-admin/setup-config.php HTTP/2.0" 404 93 "-" "http://lead360.app/wordpress/wp-admin/setup-config.php"
104.23.221.190 - - [09/Jan/2026:13:59:00 +0000] "GET /wp-admin/setup-config.php HTTP/2.0" 404 93 "-" "http://lead360.app/wp-admin/setup-config.php"
104.23.221.191 - - [09/Jan/2026:13:59:48 +0000] "GET /wordpress/wp-admin/setup-config.php HTTP/2.0" 404 93 "-" "http://lead360.app/wordpress/wp-admin/setup-config.php"
104.23.223.86 - - [09/Jan/2026:14:01:18 +0000] "GET /wp-admin/setup-config.php HTTP/2.0" 404 136 "-" "Mozilla/5.0 (Windows NT 10.0; Win64; x64) AppleWebKit/537.36 (KHTML, like Gecko) Chrome/143.0.0.0 Safari/537.36"
104.23.221.191 - - [09/Jan/2026:14:02:11 +0000] "GET /wordpress/wp-admin/setup-config.php HTTP/2.0" 404 93 "-" "https://lead360.app/wordpress/wp-admin/setup-config.php"
51.68.111.212 - - [09/Jan/2026:14:17:19 +0000] "GET /robots.txt HTTP/1.1" 404 104 "-" "Mozilla/5.0 (compatible; MJ12bot/v2.0.4; http://mj12bot.com/)"
51.68.111.212 - - [09/Jan/2026:14:17:19 +0000] "GET / HTTP/1.1" 200 126 "-" "Mozilla/5.0 (compatible; MJ12bot/v2.0.4; http://mj12bot.com/)"
162.158.183.24 - - [09/Jan/2026:14:18:57 +0000] "GET /wordpress/wp-admin/setup-config.php HTTP/2.0" 404 136 "-" "Mozilla/5.0 (Windows NT 10.0; Win64; x64) AppleWebKit/537.36 (KHTML, like Gecko) Chrome/143.0.0.0 Safari/537.36"
162.158.183.24 - - [09/Jan/2026:14:20:00 +0000] "GET /wordpress/wp-admin/setup-config.php HTTP/2.0" 404 93 "-" "http://lead360.app/wordpress/wp-admin/setup-config.php"
104.23.223.87 - - [09/Jan/2026:14:20:33 +0000] "GET /wp-admin/setup-config.php HTTP/2.0" 404 93 "-" "http://lead360.app/wp-admin/setup-config.php"
162.158.183.24 - - [09/Jan/2026:14:20:42 +0000] "GET /wp-admin/setup-config.php HTTP/2.0" 404 93 "-" "https://lead360.app/wp-admin/setup-config.php"
104.23.223.87 - - [09/Jan/2026:14:35:09 +0000] "GET /wordpress/wp-admin/setup-config.php HTTP/2.0" 404 93 "-" "https://lead360.app/wordpress/wp-admin/setup-config.php"
104.23.223.86 - - [09/Jan/2026:14:35:37 +0000] "GET /wordpress/wp-admin/setup-config.php HTTP/2.0" 404 136 "-" "Mozilla/5.0 (Windows NT 10.0; Win64; x64) AppleWebKit/537.36 (KHTML, like Gecko) Chrome/143.0.0.0 Safari/537.36"
104.23.223.87 - - [09/Jan/2026:14:36:54 +0000] "GET /wp-admin/setup-config.php HTTP/2.0" 404 136 "-" "Mozilla/5.0 (Windows NT 10.0; Win64; x64) AppleWebKit/537.36 (KHTML, like Gecko) Chrome/143.0.0.0 Safari/537.36"
74.7.230.62 - - [09/Jan/2026:14:37:19 +0000] "GET /robots.txt HTTP/2.0" 404 136 "-" "Mozilla/5.0 (Macintosh; Intel Mac OS X 10_15_7) AppleWebKit/537.36 (KHTML, like Gecko) Chrome/131.0.0.0 Safari/537.36; compatible; OAI-SearchBot/1.3; robots.txt; +https://openai.com/searchbot"
74.7.241.22 - - [09/Jan/2026:14:37:19 +0000] "GET / HTTP/2.0" 200 115 "-" "Mozilla/5.0 AppleWebKit/537.36 (KHTML, like Gecko; compatible; GPTBot/1.3; +https://openai.com/gptbot)"
172.71.148.112 - - [09/Jan/2026:14:37:23 +0000] "GET /wp-admin/setup-config.php HTTP/2.0" 404 136 "-" "Mozilla/5.0 (Windows NT 10.0; Win64; x64) AppleWebKit/537.36 (KHTML, like Gecko) Chrome/143.0.0.0 Safari/537.36"
152.53.195.17 - - [09/Jan/2026:14:47:57 +0000] "GET / HTTP/1.1" 200 177 "-" "Mozilla/5.0 (Macintosh; Intel Mac OS X 10_15_7) AppleWebKit/537.36 (KHTML, like Gecko) Chrome/142.0.0.0 Safari/537.36 Edg/142.0.0.0"
154.28.229.227 - - [09/Jan/2026:14:47:57 +0000] "GET / HTTP/1.1" 200 126 "-" "Mozilla/5.0 (X11; Linux x86_64) AppleWebKit/537.36 (KHTML, like Gecko) Chrome/117.0.0.0 Safari/537.36"
104.164.173.158 - - [09/Jan/2026:14:47:58 +0000] "GET / HTTP/1.1" 200 126 "-" "Mozilla/5.0 (Windows NT 10.0; Win64; x64) AppleWebKit/537.36 (KHTML, like Gecko) Chrome/117.0.0.0 Safari/537.36"
154.28.229.227 - - [09/Jan/2026:14:48:08 +0000] "GET / HTTP/1.1" 200 126 "-" "Mozilla/5.0 (Macintosh; Intel Mac OS X 10_15_7) AppleWebKit/537.36 (KHTML, like Gecko) Chrome/116.0.0.0 Safari/537.36"
104.23.221.190 - - [09/Jan/2026:14:49:59 +0000] "GET /wp-admin/setup-config.php HTTP/2.0" 404 136 "-" "Mozilla/5.0 (Windows NT 10.0; Win64; x64) AppleWebKit/537.36 (KHTML, like Gecko) Chrome/143.0.0.0 Safari/537.36"
172.68.195.228 - - [09/Jan/2026:14:50:43 +0000] "GET /wordpress/wp-admin/setup-config.php HTTP/2.0" 404 136 "-" "Mozilla/5.0 (Windows NT 10.0; Win64; x64) AppleWebKit/537.36 (KHTML, like Gecko) Chrome/143.0.0.0 Safari/537.36"
172.70.248.158 - - [09/Jan/2026:14:51:17 +0000] "GET /wordpress/wp-admin/setup-config.php HTTP/2.0" 404 93 "-" "https://lead360.app/wordpress/wp-admin/setup-config.php"
104.164.126.243 - - [09/Jan/2026:14:53:03 +0000] "GET / HTTP/1.1" 200 126 "-" "Mozilla/5.0 (Macintosh; Intel Mac OS X 10_15_7) AppleWebKit/537.36 (KHTML, like Gecko) Chrome/116.0.0.0 Safari/537.36"
104.164.126.86 - - [09/Jan/2026:14:53:03 +0000] "GET / HTTP/1.1" 200 126 "-" "Mozilla/5.0 (Macintosh; Intel Mac OS X 10_15_7) AppleWebKit/537.36 (KHTML, like Gecko) Chrome/116.0.0.0 Safari/537.36"
104.164.126.86 - - [09/Jan/2026:14:53:10 +0000] "GET / HTTP/1.1" 200 126 "-" "Mozilla/5.0 (X11; Linux x86_64) AppleWebKit/537.36 (KHTML, like Gecko) Chrome/117.0.0.0 Safari/537.36"
104.23.221.190 - - [09/Jan/2026:14:53:45 +0000] "GET /wp-admin/setup-config.php HTTP/2.0" 404 93 "-" "https://lead360.app/wp-admin/setup-config.php"
51.68.111.214 - - [09/Jan/2026:15:06:21 +0000] "GET / HTTP/1.1" 200 126 "-" "Mozilla/5.0 (compatible; MJ12bot/v2.0.4; http://mj12bot.com/)"
104.23.223.86 - - [09/Jan/2026:15:07:32 +0000] "GET /wp-admin/setup-config.php HTTP/2.0" 404 93 "-" "https://lead360.app/wp-admin/setup-config.php"
104.23.221.190 - - [09/Jan/2026:15:08:01 +0000] "GET /wp-admin/setup-config.php HTTP/2.0" 404 136 "-" "Mozilla/5.0 (Windows NT 10.0; Win64; x64) AppleWebKit/537.36 (KHTML, like Gecko) Chrome/143.0.0.0 Safari/537.36"
104.23.221.190 - - [09/Jan/2026:15:08:20 +0000] "GET /wordpress/wp-admin/setup-config.php HTTP/2.0" 404 136 "-" "Mozilla/5.0 (Windows NT 10.0; Win64; x64) AppleWebKit/537.36 (KHTML, like Gecko) Chrome/143.0.0.0 Safari/537.36"
119.8.41.86 - - [09/Jan/2026:15:20:46 +0000] "HEAD / HTTP/1.1" 200 0 "-" "Java/1.8.0_322"
49.0.237.214 - - [09/Jan/2026:15:20:46 +0000] "GET / HTTP/1.1" 200 177 "-" "Mozilla/5.0 (X11; Linux x86_64; Android) AppleWebKit/537.36 (KHTML, like Gecko) Chrome/75.0.3696.22 Safari/537.36 HuaweiCrawler"
104.23.223.87 - - [09/Jan/2026:15:26:35 +0000] "GET /wp-admin/setup-config.php HTTP/2.0" 404 93 "-" "http://lead360.app/wp-admin/setup-config.php"
104.23.221.191 - - [09/Jan/2026:15:27:33 +0000] "GET /wordpress/wp-admin/setup-config.php HTTP/2.0" 404 136 "-" "Mozilla/5.0 (Windows NT 10.0; Win64; x64) AppleWebKit/537.36 (KHTML, like Gecko) Chrome/143.0.0.0 Safari/537.36"
104.23.221.190 - - [09/Jan/2026:15:28:12 +0000] "GET /wordpress/wp-admin/setup-config.php HTTP/2.0" 404 93 "-" "https://lead360.app/wordpress/wp-admin/setup-config.php"
104.23.221.190 - - [09/Jan/2026:15:28:51 +0000] "GET /wp-admin/setup-config.php HTTP/2.0" 404 93 "-" "https://lead360.app/wp-admin/setup-config.php"
212.192.198.220 - - [09/Jan/2026:15:34:49 +0000] "GET / HTTP/1.1" 200 177 "-" "Mozilla/5.0 (Windows NT 10.0; Win64; x64) AppleWebKit/537.36 (KHTML, like Gecko) Chrome/121.0.0.0 Safari/537.36 Edg/121.0.0.0"
84.233.212.67 - - [09/Jan/2026:15:36:39 +0000] "GET //wp-includes/ID3/license.txt HTTP/1.1" 404 555 "-" "Mozilla/5.0 (Windows NT 10.0; Win64; x64) AppleWebKit/537.36 (KHTML, like Gecko) Chrome/95.0.4638.69 Safari/537.36"
84.233.212.67 - - [09/Jan/2026:15:36:39 +0000] "GET //feed/ HTTP/1.1" 404 555 "-" "Mozilla/5.0 (Windows NT 10.0; Win64; x64) AppleWebKit/537.36 (KHTML, like Gecko) Chrome/95.0.4638.69 Safari/537.36"
84.233.212.67 - - [09/Jan/2026:15:36:39 +0000] "GET //xmlrpc.php?rsd HTTP/1.1" 404 555 "-" "Mozilla/5.0 (Windows NT 10.0; Win64; x64) AppleWebKit/537.36 (KHTML, like Gecko) Chrome/95.0.4638.69 Safari/537.36"
84.233.212.67 - - [09/Jan/2026:15:36:39 +0000] "GET //blog/wp-includes/wlwmanifest.xml HTTP/1.1" 404 555 "-" "Mozilla/5.0 (Windows NT 10.0; Win64; x64) AppleWebKit/537.36 (KHTML, like Gecko) Chrome/95.0.4638.69 Safari/537.36"
84.233.212.67 - - [09/Jan/2026:15:36:39 +0000] "GET //web/wp-includes/wlwmanifest.xml HTTP/1.1" 404 555 "-" "Mozilla/5.0 (Windows NT 10.0; Win64; x64) AppleWebKit/537.36 (KHTML, like Gecko) Chrome/95.0.4638.69 Safari/537.36"
84.233.212.67 - - [09/Jan/2026:15:36:39 +0000] "GET //wordpress/wp-includes/wlwmanifest.xml HTTP/1.1" 404 555 "-" "Mozilla/5.0 (Windows NT 10.0; Win64; x64) AppleWebKit/537.36 (KHTML, like Gecko) Chrome/95.0.4638.69 Safari/537.36"
84.233.212.67 - - [09/Jan/2026:15:36:40 +0000] "GET //wp/wp-includes/wlwmanifest.xml HTTP/1.1" 404 555 "-" "Mozilla/5.0 (Windows NT 10.0; Win64; x64) AppleWebKit/537.36 (KHTML, like Gecko) Chrome/95.0.4638.69 Safari/537.36"
84.233.212.67 - - [09/Jan/2026:15:36:40 +0000] "GET //2020/wp-includes/wlwmanifest.xml HTTP/1.1" 404 555 "-" "Mozilla/5.0 (Windows NT 10.0; Win64; x64) AppleWebKit/537.36 (KHTML, like Gecko) Chrome/95.0.4638.69 Safari/537.36"
84.233.212.67 - - [09/Jan/2026:15:36:40 +0000] "GET //2019/wp-includes/wlwmanifest.xml HTTP/1.1" 404 555 "-" "Mozilla/5.0 (Windows NT 10.0; Win64; x64) AppleWebKit/537.36 (KHTML, like Gecko) Chrome/95.0.4638.69 Safari/537.36"
84.233.212.67 - - [09/Jan/2026:15:36:40 +0000] "GET //2021/wp-includes/wlwmanifest.xml HTTP/1.1" 404 555 "-" "Mozilla/5.0 (Windows NT 10.0; Win64; x64) AppleWebKit/537.36 (KHTML, like Gecko) Chrome/95.0.4638.69 Safari/537.36"
84.233.212.67 - - [09/Jan/2026:15:36:40 +0000] "GET //shop/wp-includes/wlwmanifest.xml HTTP/1.1" 404 555 "-" "Mozilla/5.0 (Windows NT 10.0; Win64; x64) AppleWebKit/537.36 (KHTML, like Gecko) Chrome/95.0.4638.69 Safari/537.36"
84.233.212.67 - - [09/Jan/2026:15:36:40 +0000] "GET //wp1/wp-includes/wlwmanifest.xml HTTP/1.1" 404 555 "-" "Mozilla/5.0 (Windows NT 10.0; Win64; x64) AppleWebKit/537.36 (KHTML, like Gecko) Chrome/95.0.4638.69 Safari/537.36"
84.233.212.67 - - [09/Jan/2026:15:36:40 +0000] "GET //test/wp-includes/wlwmanifest.xml HTTP/1.1" 404 555 "-" "Mozilla/5.0 (Windows NT 10.0; Win64; x64) AppleWebKit/537.36 (KHTML, like Gecko) Chrome/95.0.4638.69 Safari/537.36"
84.233.212.67 - - [09/Jan/2026:15:36:41 +0000] "GET //site/wp-includes/wlwmanifest.xml HTTP/1.1" 404 555 "-" "Mozilla/5.0 (Windows NT 10.0; Win64; x64) AppleWebKit/537.36 (KHTML, like Gecko) Chrome/95.0.4638.69 Safari/537.36"
84.233.212.67 - - [09/Jan/2026:15:36:41 +0000] "GET //cms/wp-includes/wlwmanifest.xml HTTP/1.1" 404 555 "-" "Mozilla/5.0 (Windows NT 10.0; Win64; x64) AppleWebKit/537.36 (KHTML, like Gecko) Chrome/95.0.4638.69 Safari/537.36"
84.233.212.67 - - [09/Jan/2026:15:36:41 +0000] "" 400 0 "-" "-"
104.23.221.191 - - [09/Jan/2026:15:42:41 +0000] "GET /wordpress/wp-admin/setup-config.php HTTP/2.0" 404 93 "-" "https://lead360.app/wordpress/wp-admin/setup-config.php"
104.23.221.190 - - [09/Jan/2026:15:43:20 +0000] "GET /wp-admin/setup-config.php HTTP/2.0" 404 93 "-" "https://lead360.app/wp-admin/setup-config.php"
172.68.195.228 - - [09/Jan/2026:15:44:36 +0000] "GET /wp-admin/setup-config.php HTTP/2.0" 404 93 "-" "http://lead360.app/wp-admin/setup-config.php"
172.68.10.4 - - [09/Jan/2026:15:45:44 +0000] "GET /wordpress/wp-admin/setup-config.php HTTP/2.0" 404 136 "-" "Mozilla/5.0 (Windows NT 10.0; Win64; x64) AppleWebKit/537.36 (KHTML, like Gecko) Chrome/143.0.0.0 Safari/537.36"
104.23.221.190 - - [09/Jan/2026:15:58:25 +0000] "GET /wordpress/wp-admin/setup-config.php HTTP/2.0" 404 93 "-" "http://lead360.app/wordpress/wp-admin/setup-config.php"
162.158.94.187 - - [09/Jan/2026:16:00:47 +0000] "GET /wordpress/wp-admin/setup-config.php HTTP/2.0" 404 93 "-" "https://lead360.app/wordpress/wp-admin/setup-config.php"
104.23.221.45 - - [09/Jan/2026:16:00:57 +0000] "GET /wp-admin/setup-config.php HTTP/2.0" 404 93 "-" "https://lead360.app/wp-admin/setup-config.php"
172.71.184.172 - - [09/Jan/2026:16:01:07 +0000] "GET /wp-admin/setup-config.php HTTP/2.0" 404 93 "-" "http://lead360.app/wp-admin/setup-config.php"
3.24.123.253 - - [09/Jan/2026:16:02:40 +0000] "GET /.git/config HTTP/1.1" 403 153 "-" "python-httpx/0.28.1"
3.24.123.253 - - [09/Jan/2026:16:02:41 +0000] "GET /.env HTTP/1.1" 403 153 "-" "python-httpx/0.28.1"
3.24.123.253 - - [09/Jan/2026:16:02:42 +0000] "GET /backup.sql HTTP/1.1" 404 153 "-" "python-httpx/0.28.1"
3.24.123.253 - - [09/Jan/2026:16:02:43 +0000] "GET /debug.log HTTP/1.1" 404 153 "-" "python-httpx/0.28.1"
3.24.123.253 - - [09/Jan/2026:16:02:43 +0000] "GET /database.sql HTTP/1.1" 404 153 "-" "python-httpx/0.28.1"
3.24.123.253 - - [09/Jan/2026:16:02:44 +0000] "GET /storage/logs/laravel.log HTTP/1.1" 404 153 "-" "python-httpx/0.28.1"
3.24.123.253 - - [09/Jan/2026:16:02:45 +0000] "GET /auth.json HTTP/1.1" 404 153 "-" "python-httpx/0.28.1"
3.24.123.253 - - [09/Jan/2026:16:02:46 +0000] "GET /phpinfo HTTP/1.1" 404 153 "-" "python-httpx/0.28.1"
3.24.123.253 - - [09/Jan/2026:16:02:47 +0000] "GET /_profiler/phpinfo HTTP/1.1" 404 153 "-" "python-httpx/0.28.1"
3.24.123.253 - - [09/Jan/2026:16:02:47 +0000] "GET /dump.sql HTTP/1.1" 404 153 "-" "python-httpx/0.28.1"
3.24.123.253 - - [09/Jan/2026:16:02:49 +0000] "GET /api/.env HTTP/1.1" 403 153 "-" "python-httpx/0.28.1"
3.24.123.253 - - [09/Jan/2026:16:02:49 +0000] "GET /log/error.log HTTP/1.1" 404 153 "-" "python-httpx/0.28.1"
3.24.123.253 - - [09/Jan/2026:16:02:50 +0000] "GET /backend/.env HTTP/1.1" 403 153 "-" "python-httpx/0.28.1"
3.24.123.253 - - [09/Jan/2026:16:02:51 +0000] "GET /phpinfo.php HTTP/1.1" 404 153 "-" "python-httpx/0.28.1"
3.24.123.253 - - [09/Jan/2026:16:02:52 +0000] "GET /js HTTP/1.1" 404 153 "-" "python-httpx/0.28.1"
3.24.123.253 - - [09/Jan/2026:16:02:53 +0000] "GET /.env.local HTTP/1.1" 403 153 "-" "python-httpx/0.28.1"
3.24.123.253 - - [09/Jan/2026:16:02:53 +0000] "GET /info.php HTTP/1.1" 404 153 "-" "python-httpx/0.28.1"
3.24.123.253 - - [09/Jan/2026:16:02:54 +0000] "GET /.env.production HTTP/1.1" 403 153 "-" "python-httpx/0.28.1"
3.24.123.253 - - [09/Jan/2026:16:02:55 +0000] "GET /admin/.env HTTP/1.1" 403 153 "-" "python-httpx/0.28.1"
3.24.123.253 - - [09/Jan/2026:16:02:55 +0000] "GET /core/.env HTTP/1.1" 403 153 "-" "python-httpx/0.28.1"
3.24.123.253 - - [09/Jan/2026:16:02:56 +0000] "GET /laravel/.env HTTP/1.1" 403 153 "-" "python-httpx/0.28.1"
3.24.123.253 - - [09/Jan/2026:16:02:57 +0000] "GET /test.php HTTP/1.1" 404 153 "-" "python-httpx/0.28.1"
3.24.123.253 - - [09/Jan/2026:16:02:57 +0000] "GET /config/.env HTTP/1.1" 403 153 "-" "python-httpx/0.28.1"
3.24.123.253 - - [09/Jan/2026:16:02:58 +0000] "GET /app/.env HTTP/1.1" 403 153 "-" "python-httpx/0.28.1"
3.24.123.253 - - [09/Jan/2026:16:02:59 +0000] "GET /src/.env HTTP/1.1" 403 153 "-" "python-httpx/0.28.1"
3.24.123.253 - - [09/Jan/2026:16:02:59 +0000] "GET /storage/.env HTTP/1.1" 403 153 "-" "python-httpx/0.28.1"
3.24.123.253 - - [09/Jan/2026:16:03:00 +0000] "GET /vendor/.env HTTP/1.1" 403 153 "-" "python-httpx/0.28.1"
3.24.123.253 - - [09/Jan/2026:16:03:01 +0000] "GET /assets/.env HTTP/1.1" 403 153 "-" "python-httpx/0.28.1"
3.24.123.253 - - [09/Jan/2026:16:03:01 +0000] "GET /server/.env HTTP/1.1" 403 153 "-" "python-httpx/0.28.1"
3.24.123.253 - - [09/Jan/2026:16:03:02 +0000] "GET /v2/.env HTTP/1.1" 403 153 "-" "python-httpx/0.28.1"
3.24.123.253 - - [09/Jan/2026:16:03:03 +0000] "GET /Dockerfile HTTP/1.1" 404 153 "-" "python-httpx/0.28.1"
3.24.123.253 - - [09/Jan/2026:16:03:03 +0000] "GET /docker/.env HTTP/1.1" 403 153 "-" "python-httpx/0.28.1"
3.24.123.253 - - [09/Jan/2026:16:03:04 +0000] "GET /.env.save HTTP/1.1" 403 153 "-" "python-httpx/0.28.1"
3.24.123.253 - - [09/Jan/2026:16:03:05 +0000] "GET /frontend/.env HTTP/1.1" 403 153 "-" "python-httpx/0.28.1"
3.24.123.253 - - [09/Jan/2026:16:03:05 +0000] "GET /public/.env HTTP/1.1" 403 153 "-" "python-httpx/0.28.1"
3.24.123.253 - - [09/Jan/2026:16:03:06 +0000] "GET /uploads/.env HTTP/1.1" 403 153 "-" "python-httpx/0.28.1"
3.24.123.253 - - [09/Jan/2026:16:03:07 +0000] "GET /administrator/.env HTTP/1.1" 403 153 "-" "python-httpx/0.28.1"
3.24.123.253 - - [09/Jan/2026:16:03:08 +0000] "GET /v1/.env HTTP/1.1" 403 153 "-" "python-httpx/0.28.1"
3.24.123.253 - - [09/Jan/2026:16:03:08 +0000] "GET /tools/.env HTTP/1.1" 403 153 "-" "python-httpx/0.28.1"
3.24.123.253 - - [09/Jan/2026:16:03:09 +0000] "GET /en/.env HTTP/1.1" 403 153 "-" "python-httpx/0.28.1"
3.24.123.253 - - [09/Jan/2026:16:03:10 +0000] "GET /cron/.env HTTP/1.1" 403 153 "-" "python-httpx/0.28.1"
3.24.123.253 - - [09/Jan/2026:16:03:10 +0000] "GET /cronlab/.env HTTP/1.1" 403 153 "-" "python-httpx/0.28.1"
3.24.123.253 - - [09/Jan/2026:16:03:11 +0000] "GET /apps/.env HTTP/1.1" 403 153 "-" "python-httpx/0.28.1"
3.24.123.253 - - [09/Jan/2026:16:03:12 +0000] "GET /core/app/.env HTTP/1.1" 403 153 "-" "python-httpx/0.28.1"
3.24.123.253 - - [09/Jan/2026:16:03:12 +0000] "GET /kubernetes/.env HTTP/1.1" 403 153 "-" "python-httpx/0.28.1"
3.24.123.253 - - [09/Jan/2026:16:03:13 +0000] "GET /client/.env HTTP/1.1" 403 153 "-" "python-httpx/0.28.1"
3.24.123.253 - - [09/Jan/2026:16:03:14 +0000] "GET /lab/.env HTTP/1.1" 403 153 "-" "python-httpx/0.28.1"
3.24.123.253 - - [09/Jan/2026:16:03:14 +0000] "GET /exapi/.env HTTP/1.1" 403 153 "-" "python-httpx/0.28.1"
3.24.123.253 - - [09/Jan/2026:16:03:15 +0000] "GET /web/.env HTTP/1.1" 403 153 "-" "python-httpx/0.28.1"
3.24.123.253 - - [09/Jan/2026:16:03:16 +0000] "GET /lib/.env HTTP/1.1" 403 153 "-" "python-httpx/0.28.1"
3.24.123.253 - - [09/Jan/2026:16:03:16 +0000] "GET /plugins/.env HTTP/1.1" 403 153 "-" "python-httpx/0.28.1"
3.24.123.253 - - [09/Jan/2026:16:03:17 +0000] "GET /modules/.env HTTP/1.1" 403 153 "-" "python-httpx/0.28.1"
3.24.123.253 - - [09/Jan/2026:16:03:18 +0000] "GET /psnlink/.env HTTP/1.1" 403 153 "-" "python-httpx/0.28.1"
3.24.123.253 - - [09/Jan/2026:16:03:18 +0000] "GET /db_backup.sql HTTP/1.1" 404 153 "-" "python-httpx/0.28.1"
3.24.123.253 - - [09/Jan/2026:16:03:19 +0000] "GET /core/Datavase/.env HTTP/1.1" 403 153 "-" "python-httpx/0.28.1"
3.24.123.253 - - [09/Jan/2026:16:03:20 +0000] "GET /includes/.env HTTP/1.1" 403 153 "-" "python-httpx/0.28.1"
3.24.123.253 - - [09/Jan/2026:16:03:20 +0000] "GET /site/.env HTTP/1.1" 403 153 "-" "python-httpx/0.28.1"
3.24.123.253 - - [09/Jan/2026:16:03:21 +0000] "GET /themes/.env HTTP/1.1" 403 153 "-" "python-httpx/0.28.1"
3.24.123.253 - - [09/Jan/2026:16:03:22 +0000] "GET /error.log HTTP/1.1" 404 153 "-" "python-httpx/0.28.1"
3.24.123.253 - - [09/Jan/2026:16:03:22 +0000] "GET /sitemaps/.env HTTP/1.1" 403 153 "-" "python-httpx/0.28.1"
3.24.123.253 - - [09/Jan/2026:16:03:23 +0000] "GET /database/.env HTTP/1.1" 403 153 "-" "python-httpx/0.28.1"
3.24.123.253 - - [09/Jan/2026:16:03:24 +0000] "GET /.env.sample HTTP/1.1" 403 153 "-" "python-httpx/0.28.1"
3.24.123.253 - - [09/Jan/2026:16:03:25 +0000] "GET /saas/.env HTTP/1.1" 403 153 "-" "python-httpx/0.28.1"
3.24.123.253 - - [09/Jan/2026:16:03:25 +0000] "GET /_debug HTTP/1.1" 404 153 "-" "python-httpx/0.28.1"
3.24.123.253 - - [09/Jan/2026:16:03:26 +0000] "GET /backup.zip HTTP/1.1" 404 153 "-" "python-httpx/0.28.1"
3.24.123.253 - - [09/Jan/2026:16:03:27 +0000] "GET /server.php HTTP/1.1" 404 153 "-" "python-httpx/0.28.1"
3.24.123.253 - - [09/Jan/2026:16:03:27 +0000] "GET /secrets.json HTTP/1.1" 404 153 "-" "python-httpx/0.28.1"
3.24.123.253 - - [09/Jan/2026:16:03:28 +0000] "GET /php_version.php HTTP/1.1" 404 153 "-" "python-httpx/0.28.1"
3.24.123.253 - - [09/Jan/2026:16:03:28 +0000] "GET /docker-compose.yml HTTP/1.1" 404 153 "-" "python-httpx/0.28.1"
3.24.123.253 - - [09/Jan/2026:16:03:29 +0000] "GET /api/config HTTP/1.1" 404 153 "-" "python-httpx/0.28.1"
3.24.123.253 - - [09/Jan/2026:16:03:30 +0000] "GET /pi.php HTTP/1.1" 404 153 "-" "python-httpx/0.28.1"
3.24.123.253 - - [09/Jan/2026:16:03:30 +0000] "GET /.env.development HTTP/1.1" 403 153 "-" "python-httpx/0.28.1"
3.24.123.253 - - [09/Jan/2026:16:03:31 +0000] "GET /.env.test HTTP/1.1" 403 153 "-" "python-httpx/0.28.1"
3.24.123.253 - - [09/Jan/2026:16:03:32 +0000] "GET /.env.backup HTTP/1.1" 403 153 "-" "python-httpx/0.28.1"
3.24.123.253 - - [09/Jan/2026:16:03:32 +0000] "GET /.env.old HTTP/1.1" 403 153 "-" "python-httpx/0.28.1"
3.24.123.253 - - [09/Jan/2026:16:03:33 +0000] "GET /aws.json HTTP/1.1" 404 153 "-" "python-httpx/0.28.1"
3.24.123.253 - - [09/Jan/2026:16:03:34 +0000] "GET /var/www/html/error_log HTTP/1.1" 404 153 "-" "python-httpx/0.28.1"
3.24.123.253 - - [09/Jan/2026:16:03:34 +0000] "GET /php.php HTTP/1.1" 404 153 "-" "python-httpx/0.28.1"
3.24.123.253 - - [09/Jan/2026:16:03:35 +0000] "GET /aws-config.json HTTP/1.1" 404 153 "-" "python-httpx/0.28.1"
3.24.123.253 - - [09/Jan/2026:16:03:36 +0000] "GET /.env.prod.local HTTP/1.1" 403 153 "-" "python-httpx/0.28.1"
3.24.123.253 - - [09/Jan/2026:16:03:36 +0000] "GET /sites/default/settings.php HTTP/1.1" 404 153 "-" "python-httpx/0.28.1"
3.24.123.253 - - [09/Jan/2026:16:03:37 +0000] "GET /.DS_Store HTTP/1.1" 403 153 "-" "python-httpx/0.28.1"
3.24.123.253 - - [09/Jan/2026:16:03:38 +0000] "GET /i.php HTTP/1.1" 404 153 "-" "python-httpx/0.28.1"
3.24.123.253 - - [09/Jan/2026:16:03:38 +0000] "GET /.env.bak HTTP/1.1" 403 153 "-" "python-httpx/0.28.1"
3.24.123.253 - - [09/Jan/2026:16:03:39 +0000] "GET /.env.1 HTTP/1.1" 403 153 "-" "python-httpx/0.28.1"
3.24.123.253 - - [09/Jan/2026:16:03:40 +0000] "GET /.env.dev.local HTTP/1.1" 403 153 "-" "python-httpx/0.28.1"
3.24.123.253 - - [09/Jan/2026:16:03:40 +0000] "GET /api/v2/config HTTP/1.1" 404 153 "-" "python-httpx/0.28.1"
3.24.123.253 - - [09/Jan/2026:16:03:41 +0000] "GET /.aws/credentials HTTP/1.1" 403 153 "-" "python-httpx/0.28.1"
3.24.123.253 - - [09/Jan/2026:16:03:42 +0000] "GET /app/etc/local.xml HTTP/1.1" 404 153 "-" "python-httpx/0.28.1"
3.24.123.253 - - [09/Jan/2026:16:03:42 +0000] "GET /api/v1/config HTTP/1.1" 404 153 "-" "python-httpx/0.28.1"
3.24.123.253 - - [09/Jan/2026:16:03:43 +0000] "GET /.env.remote HTTP/1.1" 403 153 "-" "python-httpx/0.28.1"
3.24.123.253 - - [09/Jan/2026:16:03:44 +0000] "GET /.env.staging HTTP/1.1" 403 153 "-" "python-httpx/0.28.1"
3.24.123.253 - - [09/Jan/2026:16:03:44 +0000] "GET /logs/error.log HTTP/1.1" 404 153 "-" "python-httpx/0.28.1"
3.24.123.253 - - [09/Jan/2026:16:03:45 +0000] "GET /php_error.log HTTP/1.1" 404 153 "-" "python-httpx/0.28.1"
3.24.123.253 - - [09/Jan/2026:16:03:46 +0000] "GET /configuration.php HTTP/1.1" 404 153 "-" "python-httpx/0.28.1"
3.24.123.253 - - [09/Jan/2026:16:03:46 +0000] "GET /.well-known/security.txt HTTP/1.1" 404 153 "-" "python-httpx/0.28.1"
3.24.123.253 - - [09/Jan/2026:16:03:47 +0000] "GET /credentials.json HTTP/1.1" 404 153 "-" "python-httpx/0.28.1"
3.24.123.253 - - [09/Jan/2026:16:03:48 +0000] "GET /.dockerignore HTTP/1.1" 403 153 "-" "python-httpx/0.28.1"
3.24.123.253 - - [09/Jan/2026:16:03:48 +0000] "GET /.secrets HTTP/1.1" 403 153 "-" "python-httpx/0.28.1"
3.24.123.253 - - [09/Jan/2026:16:03:49 +0000] "GET /var/log/nginx/error.log HTTP/1.1" 404 153 "-" "python-httpx/0.28.1"
3.24.123.253 - - [09/Jan/2026:16:03:50 +0000] "GET /var/log/apache2/error.log HTTP/1.1" 404 153 "-" "python-httpx/0.28.1"
3.24.123.253 - - [09/Jan/2026:16:03:50 +0000] "GET /app/etc/env.php HTTP/1.1" 404 153 "-" "python-httpx/0.28.1"
3.24.123.253 - - [09/Jan/2026:16:03:51 +0000] "GET /logs/application.log HTTP/1.1" 404 153 "-" "python-httpx/0.28.1"
3.24.123.253 - - [09/Jan/2026:16:03:52 +0000] "GET /app/logs/dev.log HTTP/1.1" 404 153 "-" "python-httpx/0.28.1"
3.24.123.253 - - [09/Jan/2026:16:03:53 +0000] "GET /app/logs/prod.log HTTP/1.1" 404 153 "-" "python-httpx/0.28.1"
3.24.123.253 - - [09/Jan/2026:16:03:53 +0000] "GET /config.zip HTTP/1.1" 404 153 "-" "python-httpx/0.28.1"
3.24.123.253 - - [09/Jan/2026:16:03:54 +0000] "GET /.dockerenv HTTP/1.1" 403 153 "-" "python-httpx/0.28.1"
3.24.123.253 - - [09/Jan/2026:16:03:55 +0000] "GET /security.txt HTTP/1.1" 404 153 "-" "python-httpx/0.28.1"
3.24.123.253 - - [09/Jan/2026:16:03:55 +0000] "GET /apikeys.json HTTP/1.1" 404 153 "-" "python-httpx/0.28.1"
3.24.123.253 - - [09/Jan/2026:16:03:56 +0000] "GET /.azure/credentials HTTP/1.1" 403 153 "-" "python-httpx/0.28.1"
3.24.123.253 - - [09/Jan/2026:16:03:56 +0000] "GET /azure.json HTTP/1.1" 404 153 "-" "python-httpx/0.28.1"
3.24.123.253 - - [09/Jan/2026:16:03:57 +0000] "GET /.gcloud/credentials HTTP/1.1" 403 153 "-" "python-httpx/0.28.1"
3.24.123.253 - - [09/Jan/2026:16:03:58 +0000] "GET /.s3cfg HTTP/1.1" 403 153 "-" "python-httpx/0.28.1"
3.24.123.253 - - [09/Jan/2026:16:03:59 +0000] "GET /.aws/config HTTP/1.1" 403 153 "-" "python-httpx/0.28.1"
3.24.123.253 - - [09/Jan/2026:16:03:59 +0000] "GET /debug.php HTTP/1.1" 404 153 "-" "python-httpx/0.28.1"
3.24.123.253 - - [09/Jan/2026:16:04:00 +0000] "GET /info2.php HTTP/1.1" 404 153 "-" "python-httpx/0.28.1"
3.24.123.253 - - [09/Jan/2026:16:04:00 +0000] "GET /info1.php HTTP/1.1" 404 153 "-" "python-httpx/0.28.1"
3.24.123.253 - - [09/Jan/2026:16:04:01 +0000] "GET /php_info.php HTTP/1.1" 404 153 "-" "python-httpx/0.28.1"
3.24.123.253 - - [09/Jan/2026:16:04:02 +0000] "GET /errors.log HTTP/1.1" 404 153 "-" "python-httpx/0.28.1"
3.24.123.253 - - [09/Jan/2026:16:04:02 +0000] "GET /Thumbs.db HTTP/1.1" 404 153 "-" "python-httpx/0.28.1"
3.24.123.253 - - [09/Jan/2026:16:04:03 +0000] "GET /site-backup.zip HTTP/1.1" 404 153 "-" "python-httpx/0.28.1"
3.24.123.253 - - [09/Jan/2026:16:04:04 +0000] "GET /backup.tar.gz HTTP/1.1" 404 153 "-" "python-httpx/0.28.1"
3.24.123.253 - - [09/Jan/2026:16:04:05 +0000] "GET /k8s-config.yml HTTP/1.1" 404 153 "-" "python-httpx/0.28.1"
3.24.123.253 - - [09/Jan/2026:16:04:05 +0000] "GET /kubernetes.yml HTTP/1.1" 404 153 "-" "python-httpx/0.28.1"
3.24.123.253 - - [09/Jan/2026:16:04:06 +0000] "GET /.docker/config.json HTTP/1.1" 403 153 "-" "python-httpx/0.28.1"
3.24.123.253 - - [09/Jan/2026:16:04:07 +0000] "GET /docker-compose.override.yml HTTP/1.1" 404 153 "-" "python-httpx/0.28.1"
3.24.123.253 - - [09/Jan/2026:16:04:07 +0000] "GET /docker-compose.yaml HTTP/1.1" 404 153 "-" "python-httpx/0.28.1"
3.24.123.253 - - [09/Jan/2026:16:04:08 +0000] "GET /oauth.json HTTP/1.1" 404 153 "-" "python-httpx/0.28.1"
3.24.123.253 - - [09/Jan/2026:16:04:09 +0000] "GET /tokens.json HTTP/1.1" 404 153 "-" "python-httpx/0.28.1"
3.24.123.253 - - [09/Jan/2026:16:04:09 +0000] "GET /keys.json HTTP/1.1" 404 153 "-" "python-httpx/0.28.1"
3.24.123.253 - - [09/Jan/2026:16:04:10 +0000] "GET /.api_keys HTTP/1.1" 403 153 "-" "python-httpx/0.28.1"
3.24.123.253 - - [09/Jan/2026:16:04:11 +0000] "GET /api_keys.json HTTP/1.1" 404 153 "-" "python-httpx/0.28.1"
3.24.123.253 - - [09/Jan/2026:16:04:11 +0000] "GET /secrets.yml HTTP/1.1" 404 153 "-" "python-httpx/0.28.1"
3.24.123.253 - - [09/Jan/2026:16:04:12 +0000] "GET /gcp-credentials.json HTTP/1.1" 404 153 "-" "python-httpx/0.28.1"
3.24.123.253 - - [09/Jan/2026:16:04:13 +0000] "GET /s3.yml HTTP/1.1" 404 153 "-" "python-httpx/0.28.1"
3.24.123.253 - - [09/Jan/2026:16:04:13 +0000] "GET /.env.2 HTTP/1.1" 403 153 "-" "python-httpx/0.28.1"
3.24.123.253 - - [09/Jan/2026:16:04:14 +0000] "GET /testphp.php HTTP/1.1" 404 153 "-" "python-httpx/0.28.1"
3.24.123.253 - - [09/Jan/2026:16:04:15 +0000] "GET /infophp.php HTTP/1.1" 404 153 "-" "python-httpx/0.28.1"
3.24.123.253 - - [09/Jan/2026:16:04:15 +0000] "GET /php-info.php HTTP/1.1" 404 153 "-" "python-httpx/0.28.1"
3.24.123.253 - - [09/Jan/2026:16:04:16 +0000] "GET /info_php.php HTTP/1.1" 404 153 "-" "python-httpx/0.28.1"
3.24.123.253 - - [09/Jan/2026:16:04:17 +0000] "GET /t.php HTTP/1.1" 404 153 "-" "python-httpx/0.28.1"
3.24.123.253 - - [09/Jan/2026:16:04:17 +0000] "GET /p.php HTTP/1.1" 404 153 "-" "python-httpx/0.28.1"
3.24.123.253 - - [09/Jan/2026:16:04:18 +0000] "GET /3.php HTTP/1.1" 404 153 "-" "python-httpx/0.28.1"
3.24.123.253 - - [09/Jan/2026:16:04:19 +0000] "GET /2.php HTTP/1.1" 404 153 "-" "python-httpx/0.28.1"
3.24.123.253 - - [09/Jan/2026:16:04:20 +0000] "GET /1.php HTTP/1.1" 404 153 "-" "python-httpx/0.28.1"
3.24.123.253 - - [09/Jan/2026:16:04:20 +0000] "GET /probe.php HTTP/1.1" 404 153 "-" "python-httpx/0.28.1"
3.24.123.253 - - [09/Jan/2026:16:04:21 +0000] "GET /check.php HTTP/1.1" 404 153 "-" "python-httpx/0.28.1"
3.24.123.253 - - [09/Jan/2026:16:04:21 +0000] "GET /phptest.php HTTP/1.1" 404 153 "-" "python-httpx/0.28.1"
3.24.123.253 - - [09/Jan/2026:16:04:22 +0000] "GET /diagnostic.php HTTP/1.1" 404 153 "-" "python-httpx/0.28.1"
3.24.123.253 - - [09/Jan/2026:16:04:23 +0000] "GET /serverinfo.php HTTP/1.1" 404 153 "-" "python-httpx/0.28.1"
3.24.123.253 - - [09/Jan/2026:16:04:24 +0000] "GET /phpversion.php HTTP/1.1" 404 153 "-" "python-httpx/0.28.1"
3.24.123.253 - - [09/Jan/2026:16:04:24 +0000] "GET /info3.php HTTP/1.1" 404 153 "-" "python-httpx/0.28.1"
3.24.123.253 - - [09/Jan/2026:16:04:25 +0000] "GET / HTTP/1.1" 200 177 "-" "Mozilla/5.0 (Windows NT 10.0; Win64; x64) Chrome/91.0.4472.124"
104.23.217.137 - - [09/Jan/2026:16:10:50 +0000] "GET /wordpress/wp-admin/setup-config.php HTTP/2.0" 404 93 "-" "http://lead360.app/wordpress/wp-admin/setup-config.php"
104.23.221.191 - - [09/Jan/2026:16:13:01 +0000] "GET /wordpress/wp-admin/setup-config.php HTTP/2.0" 404 93 "-" "https://lead360.app/wordpress/wp-admin/setup-config.php"
104.23.221.190 - - [09/Jan/2026:16:13:38 +0000] "GET /wp-admin/setup-config.php HTTP/2.0" 404 93 "-" "https://lead360.app/wp-admin/setup-config.php"
104.23.221.190 - - [09/Jan/2026:16:14:11 +0000] "GET /wp-admin/setup-config.php HTTP/2.0" 404 93 "-" "http://lead360.app/wp-admin/setup-config.php"
74.7.230.33 - - [09/Jan/2026:16:17:41 +0000] "GET /robots.txt HTTP/2.0" 404 136 "-" "Mozilla/5.0 (Macintosh; Intel Mac OS X 10_15_7) AppleWebKit/537.36 (KHTML, like Gecko) Chrome/131.0.0.0 Safari/537.36; compatible; OAI-SearchBot/1.3; robots.txt; +https://openai.com/searchbot"
172.71.172.156 - - [09/Jan/2026:16:27:16 +0000] "GET /wp-admin/setup-config.php HTTP/2.0" 404 93 "-" "https://lead360.app/wp-admin/setup-config.php"
162.158.95.171 - - [09/Jan/2026:16:28:17 +0000] "GET /wordpress/wp-admin/setup-config.php HTTP/2.0" 404 93 "-" "https://lead360.app/wordpress/wp-admin/setup-config.php"
172.71.184.172 - - [09/Jan/2026:16:29:38 +0000] "GET /wp-admin/setup-config.php HTTP/2.0" 404 93 "-" "http://lead360.app/wp-admin/setup-config.php"
104.23.221.190 - - [09/Jan/2026:16:30:30 +0000] "GET /wordpress/wp-admin/setup-config.php HTTP/2.0" 404 93 "-" "http://lead360.app/wordpress/wp-admin/setup-config.php"
35.185.194.37 - - [09/Jan/2026:16:42:02 +0000] "GET / HTTP/2.0" 200 177 "http://lead360.app" "Mozilla/5.0 (compatible; CMS-Checker/1.0; +https://example.com)"
104.23.223.86 - - [09/Jan/2026:16:42:59 +0000] "GET /wp-admin/setup-config.php HTTP/2.0" 404 136 "-" "Mozilla/5.0 (Windows NT 10.0; Win64; x64) AppleWebKit/537.36 (KHTML, like Gecko) Chrome/143.0.0.0 Safari/537.36"
104.23.223.87 - - [09/Jan/2026:16:43:19 +0000] "GET /wp-admin/setup-config.php HTTP/2.0" 404 93 "-" "http://lead360.app/wp-admin/setup-config.php"
172.68.10.126 - - [09/Jan/2026:16:45:12 +0000] "GET /wordpress/wp-admin/setup-config.php HTTP/2.0" 404 93 "-" "http://lead360.app/wordpress/wp-admin/setup-config.php"
104.23.223.87 - - [09/Jan/2026:16:45:41 +0000] "GET /wordpress/wp-admin/setup-config.php HTTP/2.0" 404 93 "-" "https://lead360.app/wordpress/wp-admin/setup-config.php"
104.23.221.190 - - [09/Jan/2026:16:59:06 +0000] "GET /wordpress/wp-admin/setup-config.php HTTP/2.0" 404 93 "-" "http://lead360.app/wordpress/wp-admin/setup-config.php"
172.68.10.126 - - [09/Jan/2026:17:01:43 +0000] "GET /wp-admin/setup-config.php HTTP/2.0" 404 136 "-" "Mozilla/5.0 (Windows NT 10.0; Win64; x64) AppleWebKit/537.36 (KHTML, like Gecko) Chrome/143.0.0.0 Safari/537.36"
172.71.172.156 - - [09/Jan/2026:17:02:29 +0000] "GET /wp-admin/setup-config.php HTTP/2.0" 404 93 "-" "https://lead360.app/wp-admin/setup-config.php"
104.23.221.190 - - [09/Jan/2026:17:02:42 +0000] "GET /wordpress/wp-admin/setup-config.php HTTP/2.0" 404 93 "-" "https://lead360.app/wordpress/wp-admin/setup-config.php"
172.68.10.127 - - [09/Jan/2026:17:17:23 +0000] "GET /wordpress/wp-admin/setup-config.php HTTP/2.0" 404 136 "-" "Mozilla/5.0 (Windows NT 10.0; Win64; x64) AppleWebKit/537.36 (KHTML, like Gecko) Chrome/143.0.0.0 Safari/537.36"
162.158.87.2 - - [09/Jan/2026:17:17:59 +0000] "GET /wp-admin/setup-config.php HTTP/2.0" 404 136 "-" "Mozilla/5.0 (Windows NT 10.0; Win64; x64) AppleWebKit/537.36 (KHTML, like Gecko) Chrome/143.0.0.0 Safari/537.36"
172.68.10.127 - - [09/Jan/2026:17:18:27 +0000] "GET /wordpress/wp-admin/setup-config.php HTTP/2.0" 404 136 "-" "Mozilla/5.0 (Windows NT 10.0; Win64; x64) AppleWebKit/537.36 (KHTML, like Gecko) Chrome/143.0.0.0 Safari/537.36"
104.23.221.191 - - [09/Jan/2026:17:18:44 +0000] "GET /wp-admin/setup-config.php HTTP/2.0" 404 136 "-" "Mozilla/5.0 (Windows NT 10.0; Win64; x64) AppleWebKit/537.36 (KHTML, like Gecko) Chrome/143.0.0.0 Safari/537.36"
172.70.240.49 - - [09/Jan/2026:17:34:02 +0000] "GET /wordpress/wp-admin/setup-config.php HTTP/2.0" 404 93 "-" "https://lead360.app/wordpress/wp-admin/setup-config.php"
104.23.223.86 - - [09/Jan/2026:17:34:25 +0000] "GET /wp-admin/setup-config.php HTTP/2.0" 404 136 "-" "Mozilla/5.0 (Windows NT 10.0; Win64; x64) AppleWebKit/537.36 (KHTML, like Gecko) Chrome/143.0.0.0 Safari/537.36"
104.23.221.190 - - [09/Jan/2026:17:36:03 +0000] "GET /wordpress/wp-admin/setup-config.php HTTP/2.0" 404 93 "-" "http://lead360.app/wordpress/wp-admin/setup-config.php"
172.71.184.172 - - [09/Jan/2026:17:36:41 +0000] "GET /wp-admin/setup-config.php HTTP/2.0" 404 93 "-" "http://lead360.app/wp-admin/setup-config.php"
104.23.221.190 - - [09/Jan/2026:17:52:54 +0000] "GET /wordpress/wp-admin/setup-config.php HTTP/2.0" 404 93 "-" "https://lead360.app/wordpress/wp-admin/setup-config.php"
162.158.183.23 - - [09/Jan/2026:17:53:36 +0000] "GET /wp-admin/setup-config.php HTTP/2.0" 404 93 "-" "http://lead360.app/wp-admin/setup-config.php"
104.23.221.191 - - [09/Jan/2026:17:55:09 +0000] "GET /wordpress/wp-admin/setup-config.php HTTP/2.0" 404 93 "-" "http://lead360.app/wordpress/wp-admin/setup-config.php"
104.23.221.191 - - [09/Jan/2026:17:55:54 +0000] "GET /wp-admin/setup-config.php HTTP/2.0" 404 93 "-" "https://lead360.app/wp-admin/setup-config.php"
