104.23.221.191 - - [08/Jan/2026:15:28:01 +0000] "GET /wp-admin/setup-config.php HTTP/2.0" 404 93 "-" "http://lead360.app/wp-admin/setup-config.php"
45.95.28.149 - - [08/Jan/2026:15:34:26 +0000] "GET / HTTP/1.1" 200 177 "-" "Mozilla/5.0 (Windows NT 10.0; Win64; x64) AppleWebKit/537.36 (KHTML, like Gecko) Chrome/121.0.0.0 Safari/537.36 Edg/121.0.0.0"
104.23.221.191 - - [08/Jan/2026:15:43:10 +0000] "GET /wordpress/wp-admin/setup-config.php HTTP/2.0" 404 136 "-" "Mozilla/5.0 (Windows NT 10.0; Win64; x64) AppleWebKit/537.36 (KHTML, like Gecko) Chrome/143.0.0.0 Safari/537.36"
104.23.223.86 - - [08/Jan/2026:15:44:14 +0000] "GET /wp-admin/setup-config.php HTTP/2.0" 404 93 "-" "http://lead360.app/wp-admin/setup-config.php"
104.23.217.137 - - [08/Jan/2026:15:44:38 +0000] "GET /wp-admin/setup-config.php HTTP/2.0" 404 136 "-" "Mozilla/5.0 (Windows NT 10.0; Win64; x64) AppleWebKit/537.36 (KHTML, like Gecko) Chrome/143.0.0.0 Safari/537.36"
162.158.183.24 - - [08/Jan/2026:15:46:04 +0000] "GET /wordpress/wp-admin/setup-config.php HTTP/2.0" 404 136 "-" "Mozilla/5.0 (Windows NT 10.0; Win64; x64) AppleWebKit/537.36 (KHTML, like Gecko) Chrome/143.0.0.0 Safari/537.36"
104.23.221.191 - - [08/Jan/2026:16:02:26 +0000] "GET /wp-admin/setup-config.php HTTP/2.0" 404 93 "-" "http://lead360.app/wp-admin/setup-config.php"
104.23.223.87 - - [08/Jan/2026:16:02:55 +0000] "GET /wordpress/wp-admin/setup-config.php HTTP/2.0" 404 136 "-" "Mozilla/5.0 (Windows NT 10.0; Win64; x64) AppleWebKit/537.36 (KHTML, like Gecko) Chrome/143.0.0.0 Safari/537.36"
104.23.221.191 - - [08/Jan/2026:16:03:14 +0000] "GET /wordpress/wp-admin/setup-config.php HTTP/2.0" 404 93 "-" "https://lead360.app/wordpress/wp-admin/setup-config.php"
104.23.221.191 - - [08/Jan/2026:16:04:22 +0000] "GET /wp-admin/setup-config.php HTTP/2.0" 404 136 "-" "Mozilla/5.0 (Windows NT 10.0; Win64; x64) AppleWebKit/537.36 (KHTML, like Gecko) Chrome/143.0.0.0 Safari/537.36"
104.23.223.86 - - [08/Jan/2026:16:21:51 +0000] "GET /wordpress/wp-admin/setup-config.php HTTP/2.0" 404 93 "-" "http://lead360.app/wordpress/wp-admin/setup-config.php"
104.23.221.191 - - [08/Jan/2026:16:22:05 +0000] "GET /wordpress/wp-admin/setup-config.php HTTP/2.0" 404 93 "-" "https://lead360.app/wordpress/wp-admin/setup-config.php"
172.68.10.126 - - [08/Jan/2026:16:22:19 +0000] "GET /wp-admin/setup-config.php HTTP/2.0" 404 93 "-" "https://lead360.app/wp-admin/setup-config.php"
172.71.184.173 - - [08/Jan/2026:16:22:25 +0000] "GET /wp-admin/setup-config.php HTTP/2.0" 404 93 "-" "http://lead360.app/wp-admin/setup-config.php"
172.69.151.145 - - [08/Jan/2026:16:23:49 +0000] "GET /wp-admin/setup-config.php HTTP/2.0" 404 93 "-" "http://lead360.app/wp-admin/setup-config.php"
172.68.10.127 - - [08/Jan/2026:16:37:36 +0000] "GET /wordpress/wp-admin/setup-config.php HTTP/2.0" 404 93 "-" "http://lead360.app/wordpress/wp-admin/setup-config.php"
104.23.223.86 - - [08/Jan/2026:16:37:46 +0000] "GET /wordpress/wp-admin/setup-config.php HTTP/2.0" 404 93 "-" "https://lead360.app/wordpress/wp-admin/setup-config.php"
172.68.10.127 - - [08/Jan/2026:16:41:39 +0000] "GET /wp-admin/setup-config.php HTTP/2.0" 404 93 "-" "http://lead360.app/wp-admin/setup-config.php"
104.23.223.87 - - [08/Jan/2026:16:41:53 +0000] "GET /wp-admin/setup-config.php HTTP/2.0" 404 136 "-" "Mozilla/5.0 (Windows NT 10.0; Win64; x64) AppleWebKit/537.36 (KHTML, like Gecko) Chrome/143.0.0.0 Safari/537.36"
104.23.217.137 - - [08/Jan/2026:16:56:06 +0000] "GET /wordpress/wp-admin/setup-config.php HTTP/2.0" 404 93 "-" "https://lead360.app/wordpress/wp-admin/setup-config.php"
104.23.217.136 - - [08/Jan/2026:16:58:30 +0000] "GET /wordpress/wp-admin/setup-config.php HTTP/2.0" 404 93 "-" "http://lead360.app/wordpress/wp-admin/setup-config.php"
104.23.217.136 - - [08/Jan/2026:16:59:09 +0000] "GET /wp-admin/setup-config.php HTTP/2.0" 404 93 "-" "http://lead360.app/wp-admin/setup-config.php"
104.23.221.191 - - [08/Jan/2026:16:59:41 +0000] "GET /wp-admin/setup-config.php HTTP/2.0" 404 93 "-" "https://lead360.app/wp-admin/setup-config.php"
172.68.10.127 - - [08/Jan/2026:17:13:40 +0000] "GET /wordpress/wp-admin/setup-config.php HTTP/2.0" 404 93 "-" "https://lead360.app/wordpress/wp-admin/setup-config.php"
172.71.172.157 - - [08/Jan/2026:17:13:59 +0000] "GET /wp-admin/setup-config.php HTTP/2.0" 404 93 "-" "https://lead360.app/wp-admin/setup-config.php"
172.68.10.127 - - [08/Jan/2026:17:14:13 +0000] "GET /wp-admin/setup-config.php HTTP/2.0" 404 93 "-" "http://lead360.app/wp-admin/setup-config.php"
172.68.10.127 - - [08/Jan/2026:17:15:30 +0000] "GET /wordpress/wp-admin/setup-config.php HTTP/2.0" 404 93 "-" "http://lead360.app/wordpress/wp-admin/setup-config.php"
104.23.217.137 - - [08/Jan/2026:17:29:22 +0000] "GET /wp-admin/setup-config.php HTTP/2.0" 404 93 "-" "https://lead360.app/wp-admin/setup-config.php"
104.23.221.190 - - [08/Jan/2026:17:31:23 +0000] "GET /wordpress/wp-admin/setup-config.php HTTP/2.0" 404 136 "-" "Mozilla/5.0 (Windows NT 10.0; Win64; x64) AppleWebKit/537.36 (KHTML, like Gecko) Chrome/143.0.0.0 Safari/537.36"
104.23.217.137 - - [08/Jan/2026:17:31:52 +0000] "GET /wp-admin/setup-config.php HTTP/2.0" 404 136 "-" "Mozilla/5.0 (Windows NT 10.0; Win64; x64) AppleWebKit/537.36 (KHTML, like Gecko) Chrome/143.0.0.0 Safari/537.36"
104.23.221.190 - - [08/Jan/2026:17:32:59 +0000] "GET /wordpress/wp-admin/setup-config.php HTTP/2.0" 404 93 "-" "http://lead360.app/wordpress/wp-admin/setup-config.php"
172.71.184.172 - - [08/Jan/2026:17:49:10 +0000] "GET /wp-admin/setup-config.php HTTP/2.0" 404 93 "-" "http://lead360.app/wp-admin/setup-config.php"
172.68.10.126 - - [08/Jan/2026:17:51:01 +0000] "GET /wordpress/wp-admin/setup-config.php HTTP/2.0" 404 93 "-" "http://lead360.app/wordpress/wp-admin/setup-config.php"
172.68.10.127 - - [08/Jan/2026:17:51:51 +0000] "GET /wordpress/wp-admin/setup-config.php HTTP/2.0" 404 93 "-" "https://lead360.app/wordpress/wp-admin/setup-config.php"
172.68.10.127 - - [08/Jan/2026:17:52:05 +0000] "GET /wp-admin/setup-config.php HTTP/2.0" 404 93 "-" "https://lead360.app/wp-admin/setup-config.php"
172.68.10.127 - - [08/Jan/2026:18:05:40 +0000] "GET /wp-admin/setup-config.php HTTP/2.0" 404 93 "-" "https://lead360.app/wp-admin/setup-config.php"
104.23.223.86 - - [08/Jan/2026:18:05:50 +0000] "GET /wordpress/wp-admin/setup-config.php HTTP/2.0" 404 93 "-" "http://lead360.app/wordpress/wp-admin/setup-config.php"
172.68.10.126 - - [08/Jan/2026:18:07:16 +0000] "GET /wordpress/wp-admin/setup-config.php HTTP/2.0" 404 93 "-" "https://lead360.app/wordpress/wp-admin/setup-config.php"
172.70.248.158 - - [08/Jan/2026:18:09:06 +0000] "GET /wp-admin/setup-config.php HTTP/2.0" 404 136 "-" "Mozilla/5.0 (Windows NT 10.0; Win64; x64) AppleWebKit/537.36 (KHTML, like Gecko) Chrome/143.0.0.0 Safari/537.36"
104.23.217.137 - - [08/Jan/2026:18:24:49 +0000] "GET /wordpress/wp-admin/setup-config.php HTTP/2.0" 404 93 "-" "http://lead360.app/wordpress/wp-admin/setup-config.php"
104.23.217.136 - - [08/Jan/2026:18:24:54 +0000] "GET /wp-admin/setup-config.php HTTP/2.0" 404 136 "-" "Mozilla/5.0 (Windows NT 10.0; Win64; x64) AppleWebKit/537.36 (KHTML, like Gecko) Chrome/143.0.0.0 Safari/537.36"
104.23.217.137 - - [08/Jan/2026:18:25:57 +0000] "GET /wordpress/wp-admin/setup-config.php HTTP/2.0" 404 136 "-" "Mozilla/5.0 (Windows NT 10.0; Win64; x64) AppleWebKit/537.36 (KHTML, like Gecko) Chrome/143.0.0.0 Safari/537.36"
162.158.183.23 - - [08/Jan/2026:18:26:28 +0000] "GET /wp-admin/setup-config.php HTTP/2.0" 404 93 "-" "https://lead360.app/wp-admin/setup-config.php"
162.158.183.24 - - [08/Jan/2026:18:44:48 +0000] "GET /wordpress/wp-admin/setup-config.php HTTP/2.0" 404 93 "-" "http://lead360.app/wordpress/wp-admin/setup-config.php"
104.23.221.191 - - [08/Jan/2026:18:45:48 +0000] "GET /wp-admin/setup-config.php HTTP/2.0" 404 136 "-" "Mozilla/5.0 (Windows NT 10.0; Win64; x64) AppleWebKit/537.36 (KHTML, like Gecko) Chrome/143.0.0.0 Safari/537.36"
104.23.223.87 - - [08/Jan/2026:18:46:26 +0000] "GET /wp-admin/setup-config.php HTTP/2.0" 404 93 "-" "http://lead360.app/wp-admin/setup-config.php"
104.23.217.136 - - [08/Jan/2026:18:47:35 +0000] "GET /wordpress/wp-admin/setup-config.php HTTP/2.0" 404 93 "-" "https://lead360.app/wordpress/wp-admin/setup-config.php"
172.71.184.173 - - [08/Jan/2026:18:59:55 +0000] "GET /wordpress/wp-admin/setup-config.php HTTP/2.0" 404 136 "-" "Mozilla/5.0 (Windows NT 10.0; Win64; x64) AppleWebKit/537.36 (KHTML, like Gecko) Chrome/143.0.0.0 Safari/537.36"
172.68.10.127 - - [08/Jan/2026:19:01:03 +0000] "GET /wordpress/wp-admin/setup-config.php HTTP/2.0" 404 136 "-" "Mozilla/5.0 (Windows NT 10.0; Win64; x64) AppleWebKit/537.36 (KHTML, like Gecko) Chrome/143.0.0.0 Safari/537.36"
172.71.148.114 - - [08/Jan/2026:19:01:56 +0000] "GET /wp-admin/setup-config.php HTTP/2.0" 404 93 "-" "http://lead360.app/wp-admin/setup-config.php"
172.68.10.126 - - [08/Jan/2026:19:03:27 +0000] "GET /wp-admin/setup-config.php HTTP/2.0" 404 136 "-" "Mozilla/5.0 (Windows NT 10.0; Win64; x64) AppleWebKit/537.36 (KHTML, like Gecko) Chrome/143.0.0.0 Safari/537.36"
104.23.221.190 - - [08/Jan/2026:19:19:33 +0000] "GET /wordpress/wp-admin/setup-config.php HTTP/2.0" 404 93 "-" "https://lead360.app/wordpress/wp-admin/setup-config.php"
104.23.221.191 - - [08/Jan/2026:19:19:43 +0000] "GET /wordpress/wp-admin/setup-config.php HTTP/2.0" 404 93 "-" "http://lead360.app/wordpress/wp-admin/setup-config.php"
104.23.223.86 - - [08/Jan/2026:19:22:37 +0000] "GET /wp-admin/setup-config.php HTTP/2.0" 404 93 "-" "http://lead360.app/wp-admin/setup-config.php"
104.23.221.190 - - [08/Jan/2026:19:22:41 +0000] "GET /wp-admin/setup-config.php HTTP/2.0" 404 93 "-" "https://lead360.app/wp-admin/setup-config.php"
172.68.10.127 - - [08/Jan/2026:19:38:41 +0000] "GET /wp-admin/setup-config.php HTTP/2.0" 404 93 "-" "https://lead360.app/wp-admin/setup-config.php"
104.23.223.86 - - [08/Jan/2026:19:40:18 +0000] "GET /wp-admin/setup-config.php HTTP/2.0" 404 93 "-" "http://lead360.app/wp-admin/setup-config.php"
104.23.223.86 - - [08/Jan/2026:19:41:05 +0000] "GET /wordpress/wp-admin/setup-config.php HTTP/2.0" 404 136 "-" "Mozilla/5.0 (Windows NT 10.0; Win64; x64) AppleWebKit/537.36 (KHTML, like Gecko) Chrome/143.0.0.0 Safari/537.36"
172.68.10.126 - - [08/Jan/2026:19:41:35 +0000] "GET /wordpress/wp-admin/setup-config.php HTTP/2.0" 404 93 "-" "https://lead360.app/wordpress/wp-admin/setup-config.php"
172.236.122.62 - - [08/Jan/2026:19:51:10 +0000] "GET / HTTP/2.0" 200 115 "-" "Mozilla/5.0 (Windows NT 10.0; Win64; x64) AppleWebKit/537.36 (KHTML, like Gecko) Chrome/139.0.0.0 Safari/537.36"
172.68.10.127 - - [08/Jan/2026:19:56:57 +0000] "GET /wordpress/wp-admin/setup-config.php HTTP/2.0" 404 93 "-" "http://lead360.app/wordpress/wp-admin/setup-config.php"
104.23.223.87 - - [08/Jan/2026:19:57:52 +0000] "GET /wp-admin/setup-config.php HTTP/2.0" 404 93 "-" "https://lead360.app/wp-admin/setup-config.php"
172.71.184.173 - - [08/Jan/2026:19:58:13 +0000] "GET /wordpress/wp-admin/setup-config.php HTTP/2.0" 404 93 "-" "https://lead360.app/wordpress/wp-admin/setup-config.php"
172.68.10.127 - - [08/Jan/2026:19:58:18 +0000] "GET /wp-admin/setup-config.php HTTP/2.0" 404 136 "-" "Mozilla/5.0 (Windows NT 10.0; Win64; x64) AppleWebKit/537.36 (KHTML, like Gecko) Chrome/143.0.0.0 Safari/537.36"
100.31.72.222 - - [08/Jan/2026:20:01:10 +0000] "GET / HTTP/2.0" 200 115 "-" "Mozilla/5.0 (X11; Linux x86_64) AppleWebKit/537.36 (KHTML, like Gecko) Chrome/129.0.0.0 Safari/537.36"
162.158.110.107 - - [08/Jan/2026:20:14:46 +0000] "GET /wp-admin/setup-config.php HTTP/2.0" 404 93 "-" "https://lead360.app/wp-admin/setup-config.php"
172.70.250.174 - - [08/Jan/2026:20:16:46 +0000] "GET /wordpress/wp-admin/setup-config.php HTTP/2.0" 404 93 "-" "http://lead360.app/wordpress/wp-admin/setup-config.php"
162.158.111.8 - - [08/Jan/2026:20:17:29 +0000] "GET /wp-admin/setup-config.php HTTP/2.0" 404 93 "-" "http://lead360.app/wp-admin/setup-config.php"
172.71.184.172 - - [08/Jan/2026:20:17:34 +0000] "GET /wordpress/wp-admin/setup-config.php HTTP/2.0" 404 93 "-" "https://lead360.app/wordpress/wp-admin/setup-config.php"
204.101.161.15 - - [08/Jan/2026:20:21:44 +0000] "GET / HTTP/2.0" 200 115 "-" "Mozilla/5.0 (X11; Linux x86_64) AppleWebKit/537.36 (KHTML, like Gecko) Chrome/142.0.0.0 Safari/537.36"
84.254.106.197 - - [08/Jan/2026:20:31:06 +0000] "GET / HTTP/2.0" 200 177 "-" "Mozilla/5.0 (Linux; Android 6.0; Nexus 5 Build/MRA58N) AppleWebKit/537.36 (KHTML, like Gecko) Chrome/130.0.0.0 Mobile Safari/537.36"
172.69.151.145 - - [08/Jan/2026:20:33:29 +0000] "GET /wp-admin/setup-config.php HTTP/2.0" 404 93 "-" "https://lead360.app/wp-admin/setup-config.php"
104.23.223.87 - - [08/Jan/2026:20:33:34 +0000] "GET /wordpress/wp-admin/setup-config.php HTTP/2.0" 404 93 "-" "https://lead360.app/wordpress/wp-admin/setup-config.php"
172.68.10.127 - - [08/Jan/2026:20:33:35 +0000] "GET /wordpress/wp-admin/setup-config.php HTTP/2.0" 404 93 "-" "http://lead360.app/wordpress/wp-admin/setup-config.php"
172.68.10.127 - - [08/Jan/2026:20:34:59 +0000] "GET /wp-admin/setup-config.php HTTP/2.0" 404 93 "-" "http://lead360.app/wp-admin/setup-config.php"
104.23.223.86 - - [08/Jan/2026:20:50:45 +0000] "GET /wordpress/wp-admin/setup-config.php HTTP/2.0" 404 93 "-" "http://lead360.app/wordpress/wp-admin/setup-config.php"
172.71.184.173 - - [08/Jan/2026:20:51:09 +0000] "GET /wordpress/wp-admin/setup-config.php HTTP/2.0" 404 136 "-" "Mozilla/5.0 (Windows NT 10.0; Win64; x64) AppleWebKit/537.36 (KHTML, like Gecko) Chrome/143.0.0.0 Safari/537.36"
172.71.184.173 - - [08/Jan/2026:20:51:10 +0000] "GET /wp-admin/setup-config.php HTTP/2.0" 404 136 "-" "Mozilla/5.0 (Windows NT 10.0; Win64; x64) AppleWebKit/537.36 (KHTML, like Gecko) Chrome/143.0.0.0 Safari/537.36"
172.68.10.126 - - [08/Jan/2026:20:52:55 +0000] "GET /wp-admin/setup-config.php HTTP/2.0" 404 136 "-" "Mozilla/5.0 (Windows NT 10.0; Win64; x64) AppleWebKit/537.36 (KHTML, like Gecko) Chrome/143.0.0.0 Safari/537.36"
172.70.248.159 - - [08/Jan/2026:21:07:07 +0000] "GET /wordpress/wp-admin/setup-config.php HTTP/2.0" 404 136 "-" "Mozilla/5.0 (Windows NT 10.0; Win64; x64) AppleWebKit/537.36 (KHTML, like Gecko) Chrome/143.0.0.0 Safari/537.36"
172.71.184.173 - - [08/Jan/2026:21:07:13 +0000] "GET /wp-admin/setup-config.php HTTP/2.0" 404 93 "-" "http://lead360.app/wp-admin/setup-config.php"
172.68.10.127 - - [08/Jan/2026:21:09:56 +0000] "GET /wp-admin/setup-config.php HTTP/2.0" 404 93 "-" "https://lead360.app/wp-admin/setup-config.php"
172.68.10.126 - - [08/Jan/2026:21:10:33 +0000] "GET /wordpress/wp-admin/setup-config.php HTTP/2.0" 404 93 "-" "https://lead360.app/wordpress/wp-admin/setup-config.php"
104.23.223.86 - - [08/Jan/2026:21:24:28 +0000] "GET /wp-admin/setup-config.php HTTP/2.0" 404 93 "-" "http://lead360.app/wp-admin/setup-config.php"
104.23.221.191 - - [08/Jan/2026:21:24:51 +0000] "GET /wp-admin/setup-config.php HTTP/2.0" 404 136 "-" "Mozilla/5.0 (Windows NT 10.0; Win64; x64) AppleWebKit/537.36 (KHTML, like Gecko) Chrome/143.0.0.0 Safari/537.36"
162.158.183.23 - - [08/Jan/2026:21:27:01 +0000] "GET /wordpress/wp-admin/setup-config.php HTTP/2.0" 404 93 "-" "http://lead360.app/wordpress/wp-admin/setup-config.php"
104.23.223.87 - - [08/Jan/2026:21:27:32 +0000] "GET /wordpress/wp-admin/setup-config.php HTTP/2.0" 404 93 "-" "https://lead360.app/wordpress/wp-admin/setup-config.php"
95.177.163.4 - - [08/Jan/2026:21:34:00 +0000] "GET / HTTP/2.0" 200 115 "-" "Mozilla/5.0 (iPhone; CPU iPhone OS 10_3_1 like Mac OS X) AppleWebKit/603.1.30 (KHTML, like Gecko) Version/10.0 Mobile/14E304 Safari/602.1"
104.23.221.191 - - [08/Jan/2026:21:45:10 +0000] "GET /wp-admin/setup-config.php HTTP/2.0" 404 93 "-" "https://lead360.app/wp-admin/setup-config.php"
104.23.223.86 - - [08/Jan/2026:21:45:49 +0000] "GET /wp-admin/setup-config.php HTTP/2.0" 404 93 "-" "http://lead360.app/wp-admin/setup-config.php"
172.71.184.172 - - [08/Jan/2026:21:46:01 +0000] "GET /wordpress/wp-admin/setup-config.php HTTP/2.0" 404 93 "-" "http://lead360.app/wordpress/wp-admin/setup-config.php"
172.71.184.172 - - [08/Jan/2026:21:46:17 +0000] "GET /wordpress/wp-admin/setup-config.php HTTP/2.0" 404 93 "-" "https://lead360.app/wordpress/wp-admin/setup-config.php"
51.68.107.142 - - [08/Jan/2026:21:58:18 +0000] "GET /robots.txt HTTP/1.1" 404 104 "-" "Mozilla/5.0 (compatible; MJ12bot/v2.0.4; http://mj12bot.com/)"
51.68.107.142 - - [08/Jan/2026:21:58:18 +0000] "GET / HTTP/1.1" 200 126 "-" "Mozilla/5.0 (compatible; MJ12bot/v2.0.4; http://mj12bot.com/)"
172.69.50.238 - - [08/Jan/2026:22:03:13 +0000] "GET /wp-admin/setup-config.php HTTP/2.0" 404 136 "-" "Mozilla/5.0 (Windows NT 10.0; Win64; x64) AppleWebKit/537.36 (KHTML, like Gecko) Chrome/143.0.0.0 Safari/537.36"
172.69.50.238 - - [08/Jan/2026:22:04:06 +0000] "GET /wordpress/wp-admin/setup-config.php HTTP/2.0" 404 93 "-" "https://lead360.app/wordpress/wp-admin/setup-config.php"
104.23.221.190 - - [08/Jan/2026:22:05:05 +0000] "GET /wordpress/wp-admin/setup-config.php HTTP/2.0" 404 93 "-" "http://lead360.app/wordpress/wp-admin/setup-config.php"
104.23.221.191 - - [08/Jan/2026:22:05:28 +0000] "GET /wp-admin/setup-config.php HTTP/2.0" 404 93 "-" "https://lead360.app/wp-admin/setup-config.php"
167.71.251.80 - - [08/Jan/2026:22:08:12 +0000] "HEAD / HTTP/1.1" 200 0 "-" "Mozilla/5.0 (Macintosh; Intel Mac OS X 15_6_1; en) AppleWebKit/605.1.15 (KHTML, like Gecko) Version/17.1.1 Safari/605.1.15"
162.158.183.23 - - [08/Jan/2026:22:17:41 +0000] "GET /wp-admin/setup-config.php HTTP/2.0" 404 93 "-" "https://lead360.app/wp-admin/setup-config.php"
104.23.223.86 - - [08/Jan/2026:22:17:41 +0000] "GET /wordpress/wp-admin/setup-config.php HTTP/2.0" 404 93 "-" "http://lead360.app/wordpress/wp-admin/setup-config.php"
104.23.221.190 - - [08/Jan/2026:22:18:29 +0000] "GET /wp-admin/setup-config.php HTTP/2.0" 404 93 "-" "http://lead360.app/wp-admin/setup-config.php"
104.23.221.190 - - [08/Jan/2026:22:20:48 +0000] "GET /wordpress/wp-admin/setup-config.php HTTP/2.0" 404 93 "-" "https://lead360.app/wordpress/wp-admin/setup-config.php"
167.71.251.80 - - [08/Jan/2026:22:33:35 +0000] "HEAD / HTTP/1.1" 200 0 "-" "Mozilla/5.0 (Macintosh; Intel Mac OS X 13_6) AppleWebKit/605.1.15 (KHTML, like Gecko) Version/17.0 Safari/605.1.15"
104.23.223.87 - - [08/Jan/2026:22:36:21 +0000] "GET /wordpress/wp-admin/setup-config.php HTTP/2.0" 404 93 "-" "https://lead360.app/wordpress/wp-admin/setup-config.php"
104.23.223.87 - - [08/Jan/2026:22:37:08 +0000] "GET /wp-admin/setup-config.php HTTP/2.0" 404 93 "-" "http://lead360.app/wp-admin/setup-config.php"
104.23.221.190 - - [08/Jan/2026:22:37:45 +0000] "GET /wp-admin/setup-config.php HTTP/2.0" 404 93 "-" "https://lead360.app/wp-admin/setup-config.php"
104.23.217.137 - - [08/Jan/2026:22:38:56 +0000] "GET /wordpress/wp-admin/setup-config.php HTTP/2.0" 404 93 "-" "http://lead360.app/wordpress/wp-admin/setup-config.php"
172.68.10.127 - - [08/Jan/2026:22:53:09 +0000] "GET /wordpress/wp-admin/setup-config.php HTTP/2.0" 404 93 "-" "http://lead360.app/wordpress/wp-admin/setup-config.php"
172.70.248.158 - - [08/Jan/2026:22:53:28 +0000] "GET /wp-admin/setup-config.php HTTP/2.0" 404 93 "-" "https://lead360.app/wp-admin/setup-config.php"
172.69.50.239 - - [08/Jan/2026:22:53:43 +0000] "GET /wordpress/wp-admin/setup-config.php HTTP/2.0" 404 136 "-" "Mozilla/5.0 (Windows NT 10.0; Win64; x64) AppleWebKit/537.36 (KHTML, like Gecko) Chrome/143.0.0.0 Safari/537.36"
172.71.148.113 - - [08/Jan/2026:22:55:28 +0000] "GET /wp-admin/setup-config.php HTTP/2.0" 404 136 "-" "Mozilla/5.0 (Windows NT 10.0; Win64; x64) AppleWebKit/537.36 (KHTML, like Gecko) Chrome/143.0.0.0 Safari/537.36"
172.71.246.124 - - [08/Jan/2026:23:09:23 +0000] "GET /wp-admin/setup-config.php HTTP/2.0" 404 136 "-" "Mozilla/5.0 (Windows NT 10.0; Win64; x64) AppleWebKit/537.36 (KHTML, like Gecko) Chrome/143.0.0.0 Safari/537.36"
172.68.10.126 - - [08/Jan/2026:23:09:51 +0000] "GET /wordpress/wp-admin/setup-config.php HTTP/2.0" 404 93 "-" "http://lead360.app/wordpress/wp-admin/setup-config.php"
172.68.10.126 - - [08/Jan/2026:23:10:58 +0000] "GET /wp-admin/setup-config.php HTTP/2.0" 404 93 "-" "https://lead360.app/wp-admin/setup-config.php"
172.71.184.173 - - [08/Jan/2026:23:12:03 +0000] "GET /wordpress/wp-admin/setup-config.php HTTP/2.0" 404 136 "-" "Mozilla/5.0 (Windows NT 10.0; Win64; x64) AppleWebKit/537.36 (KHTML, like Gecko) Chrome/143.0.0.0 Safari/537.36"
172.69.50.239 - - [08/Jan/2026:23:28:04 +0000] "GET /wp-admin/setup-config.php HTTP/2.0" 404 93 "-" "http://lead360.app/wp-admin/setup-config.php"
172.68.10.126 - - [08/Jan/2026:23:29:46 +0000] "GET /wp-admin/setup-config.php HTTP/2.0" 404 93 "-" "https://lead360.app/wp-admin/setup-config.php"
172.68.10.127 - - [08/Jan/2026:23:29:47 +0000] "GET /wordpress/wp-admin/setup-config.php HTTP/2.0" 404 93 "-" "http://lead360.app/wordpress/wp-admin/setup-config.php"
172.70.248.158 - - [08/Jan/2026:23:30:18 +0000] "GET /wordpress/wp-admin/setup-config.php HTTP/2.0" 404 93 "-" "https://lead360.app/wordpress/wp-admin/setup-config.php"
84.233.212.67 - - [08/Jan/2026:23:41:58 +0000] "GET //wp-includes/ID3/license.txt HTTP/1.1" 404 555 "-" "Mozilla/5.0 (Windows NT 10.0; Win64; x64) AppleWebKit/537.36 (KHTML, like Gecko) Chrome/95.0.4638.69 Safari/537.36"
84.233.212.67 - - [08/Jan/2026:23:41:58 +0000] "GET //feed/ HTTP/1.1" 404 555 "-" "Mozilla/5.0 (Windows NT 10.0; Win64; x64) AppleWebKit/537.36 (KHTML, like Gecko) Chrome/95.0.4638.69 Safari/537.36"
84.233.212.67 - - [08/Jan/2026:23:41:58 +0000] "GET //xmlrpc.php?rsd HTTP/1.1" 404 555 "-" "Mozilla/5.0 (Windows NT 10.0; Win64; x64) AppleWebKit/537.36 (KHTML, like Gecko) Chrome/95.0.4638.69 Safari/537.36"
84.233.212.67 - - [08/Jan/2026:23:41:59 +0000] "GET //blog/wp-includes/wlwmanifest.xml HTTP/1.1" 404 555 "-" "Mozilla/5.0 (Windows NT 10.0; Win64; x64) AppleWebKit/537.36 (KHTML, like Gecko) Chrome/95.0.4638.69 Safari/537.36"
84.233.212.67 - - [08/Jan/2026:23:41:59 +0000] "GET //web/wp-includes/wlwmanifest.xml HTTP/1.1" 404 555 "-" "Mozilla/5.0 (Windows NT 10.0; Win64; x64) AppleWebKit/537.36 (KHTML, like Gecko) Chrome/95.0.4638.69 Safari/537.36"
84.233.212.67 - - [08/Jan/2026:23:41:59 +0000] "GET //wordpress/wp-includes/wlwmanifest.xml HTTP/1.1" 404 555 "-" "Mozilla/5.0 (Windows NT 10.0; Win64; x64) AppleWebKit/537.36 (KHTML, like Gecko) Chrome/95.0.4638.69 Safari/537.36"
84.233.212.67 - - [08/Jan/2026:23:41:59 +0000] "GET //wp/wp-includes/wlwmanifest.xml HTTP/1.1" 404 555 "-" "Mozilla/5.0 (Windows NT 10.0; Win64; x64) AppleWebKit/537.36 (KHTML, like Gecko) Chrome/95.0.4638.69 Safari/537.36"
84.233.212.67 - - [08/Jan/2026:23:41:59 +0000] "GET //2020/wp-includes/wlwmanifest.xml HTTP/1.1" 404 555 "-" "Mozilla/5.0 (Windows NT 10.0; Win64; x64) AppleWebKit/537.36 (KHTML, like Gecko) Chrome/95.0.4638.69 Safari/537.36"
84.233.212.67 - - [08/Jan/2026:23:41:59 +0000] "GET //2019/wp-includes/wlwmanifest.xml HTTP/1.1" 404 555 "-" "Mozilla/5.0 (Windows NT 10.0; Win64; x64) AppleWebKit/537.36 (KHTML, like Gecko) Chrome/95.0.4638.69 Safari/537.36"
84.233.212.67 - - [08/Jan/2026:23:41:59 +0000] "GET //2021/wp-includes/wlwmanifest.xml HTTP/1.1" 404 555 "-" "Mozilla/5.0 (Windows NT 10.0; Win64; x64) AppleWebKit/537.36 (KHTML, like Gecko) Chrome/95.0.4638.69 Safari/537.36"
84.233.212.67 - - [08/Jan/2026:23:41:59 +0000] "GET //shop/wp-includes/wlwmanifest.xml HTTP/1.1" 404 555 "-" "Mozilla/5.0 (Windows NT 10.0; Win64; x64) AppleWebKit/537.36 (KHTML, like Gecko) Chrome/95.0.4638.69 Safari/537.36"
84.233.212.67 - - [08/Jan/2026:23:41:59 +0000] "GET //wp1/wp-includes/wlwmanifest.xml HTTP/1.1" 404 555 "-" "Mozilla/5.0 (Windows NT 10.0; Win64; x64) AppleWebKit/537.36 (KHTML, like Gecko) Chrome/95.0.4638.69 Safari/537.36"
84.233.212.67 - - [08/Jan/2026:23:42:00 +0000] "GET //test/wp-includes/wlwmanifest.xml HTTP/1.1" 404 555 "-" "Mozilla/5.0 (Windows NT 10.0; Win64; x64) AppleWebKit/537.36 (KHTML, like Gecko) Chrome/95.0.4638.69 Safari/537.36"
84.233.212.67 - - [08/Jan/2026:23:42:00 +0000] "GET //site/wp-includes/wlwmanifest.xml HTTP/1.1" 404 555 "-" "Mozilla/5.0 (Windows NT 10.0; Win64; x64) AppleWebKit/537.36 (KHTML, like Gecko) Chrome/95.0.4638.69 Safari/537.36"
84.233.212.67 - - [08/Jan/2026:23:42:00 +0000] "GET //cms/wp-includes/wlwmanifest.xml HTTP/1.1" 404 555 "-" "Mozilla/5.0 (Windows NT 10.0; Win64; x64) AppleWebKit/537.36 (KHTML, like Gecko) Chrome/95.0.4638.69 Safari/537.36"
84.233.212.67 - - [08/Jan/2026:23:42:00 +0000] "" 400 0 "-" "-"
162.158.183.23 - - [08/Jan/2026:23:43:33 +0000] "GET /wordpress/wp-admin/setup-config.php HTTP/2.0" 404 136 "-" "Mozilla/5.0 (Windows NT 10.0; Win64; x64) AppleWebKit/537.36 (KHTML, like Gecko) Chrome/143.0.0.0 Safari/537.36"
104.23.217.136 - - [08/Jan/2026:23:44:02 +0000] "GET /wp-admin/setup-config.php HTTP/2.0" 404 136 "-" "Mozilla/5.0 (Windows NT 10.0; Win64; x64) AppleWebKit/537.36 (KHTML, like Gecko) Chrome/143.0.0.0 Safari/537.36"
162.158.183.24 - - [08/Jan/2026:23:45:17 +0000] "GET /wp-admin/setup-config.php HTTP/2.0" 404 93 "-" "https://lead360.app/wp-admin/setup-config.php"
104.23.217.136 - - [08/Jan/2026:23:46:39 +0000] "GET /wordpress/wp-admin/setup-config.php HTTP/2.0" 404 136 "-" "Mozilla/5.0 (Windows NT 10.0; Win64; x64) AppleWebKit/537.36 (KHTML, like Gecko) Chrome/143.0.0.0 Safari/537.36"
51.195.183.34 - - [08/Jan/2026:23:53:32 +0000] "GET /robots.txt HTTP/2.0" 404 93 "-" "Mozilla/5.0 (compatible; AhrefsBot/7.0; +http://ahrefs.com/robot/)"
142.44.225.15 - - [08/Jan/2026:23:53:36 +0000] "GET / HTTP/2.0" 200 115 "-" "Mozilla/5.0 (compatible; AhrefsBot/7.0; +http://ahrefs.com/robot/)"
89.248.168.222 - - [08/Jan/2026:23:56:27 +0000] "GET / HTTP/2.0" 200 177 "-" "curl/7.68.0"
172.71.148.115 - - [08/Jan/2026:23:59:13 +0000] "GET /wp-admin/setup-config.php HTTP/2.0" 404 136 "-" "Mozilla/5.0 (Windows NT 10.0; Win64; x64) AppleWebKit/537.36 (KHTML, like Gecko) Chrome/143.0.0.0 Safari/537.36"
172.71.184.173 - - [09/Jan/2026:00:00:12 +0000] "GET /wordpress/wp-admin/setup-config.php HTTP/2.0" 404 136 "-" "Mozilla/5.0 (Windows NT 10.0; Win64; x64) AppleWebKit/537.36 (KHTML, like Gecko) Chrome/143.0.0.0 Safari/537.36"
172.71.184.172 - - [09/Jan/2026:00:00:47 +0000] "GET /wp-admin/setup-config.php HTTP/2.0" 404 93 "-" "http://lead360.app/wp-admin/setup-config.php"
172.71.184.172 - - [09/Jan/2026:00:02:53 +0000] "GET /wordpress/wp-admin/setup-config.php HTTP/2.0" 404 136 "-" "Mozilla/5.0 (Windows NT 10.0; Win64; x64) AppleWebKit/537.36 (KHTML, like Gecko) Chrome/143.0.0.0 Safari/537.36"
172.71.184.172 - - [09/Jan/2026:00:16:44 +0000] "GET /wp-admin/setup-config.php HTTP/2.0" 404 93 "-" "https://lead360.app/wp-admin/setup-config.php"
172.71.184.173 - - [09/Jan/2026:00:18:20 +0000] "GET /wordpress/wp-admin/setup-config.php HTTP/2.0" 404 93 "-" "http://lead360.app/wordpress/wp-admin/setup-config.php"
172.69.151.146 - - [09/Jan/2026:00:18:53 +0000] "GET /wp-admin/setup-config.php HTTP/2.0" 404 93 "-" "http://lead360.app/wp-admin/setup-config.php"
172.71.184.173 - - [09/Jan/2026:00:19:48 +0000] "GET /wordpress/wp-admin/setup-config.php HTTP/2.0" 404 93 "-" "https://lead360.app/wordpress/wp-admin/setup-config.php"
172.71.184.172 - - [09/Jan/2026:00:33:27 +0000] "GET /wordpress/wp-admin/setup-config.php HTTP/2.0" 404 93 "-" "https://lead360.app/wordpress/wp-admin/setup-config.php"
172.71.184.173 - - [09/Jan/2026:00:33:37 +0000] "GET /wp-admin/setup-config.php HTTP/2.0" 404 93 "-" "https://lead360.app/wp-admin/setup-config.php"
172.71.184.173 - - [09/Jan/2026:00:33:42 +0000] "GET /wordpress/wp-admin/setup-config.php HTTP/2.0" 404 93 "-" "http://lead360.app/wordpress/wp-admin/setup-config.php"
172.71.184.172 - - [09/Jan/2026:00:34:11 +0000] "GET /wp-admin/setup-config.php HTTP/2.0" 404 136 "-" "Mozilla/5.0 (Windows NT 10.0; Win64; x64) AppleWebKit/537.36 (KHTML, like Gecko) Chrome/143.0.0.0 Safari/537.36"
172.71.184.173 - - [09/Jan/2026:00:50:24 +0000] "GET /wordpress/wp-admin/setup-config.php HTTP/2.0" 404 136 "-" "Mozilla/5.0 (Windows NT 10.0; Win64; x64) AppleWebKit/537.36 (KHTML, like Gecko) Chrome/143.0.0.0 Safari/537.36"
172.71.172.157 - - [09/Jan/2026:00:50:57 +0000] "GET /wp-admin/setup-config.php HTTP/2.0" 404 93 "-" "http://lead360.app/wp-admin/setup-config.php"
172.71.184.173 - - [09/Jan/2026:00:51:02 +0000] "GET /wp-admin/setup-config.php HTTP/2.0" 404 93 "-" "https://lead360.app/wp-admin/setup-config.php"
172.71.184.173 - - [09/Jan/2026:00:53:24 +0000] "GET /wordpress/wp-admin/setup-config.php HTTP/2.0" 404 136 "-" "Mozilla/5.0 (Windows NT 10.0; Win64; x64) AppleWebKit/537.36 (KHTML, like Gecko) Chrome/143.0.0.0 Safari/537.36"
167.71.251.80 - - [09/Jan/2026:00:58:32 +0000] "GET / HTTP/1.1" 200 177 "-" "Mozilla/5.0 (Windows NT 6.1; WOW64; rv:54.0) Gecko/20100101 Firefox/54.0"
167.71.251.80 - - [09/Jan/2026:00:58:32 +0000] "GET /wp-login.php HTTP/1.1" 404 153 "-" "Mozilla/5.0 (Windows NT 10.0; Win64; x64; rv:92.0) Gecko/20100101 Firefox/92.0"
167.71.251.80 - - [09/Jan/2026:00:58:32 +0000] "GET /wp-admin/ HTTP/1.1" 404 555 "-" "Mozilla/5.0 (Macintosh; Intel Mac OS X 10_15_0) AppleWebKit/537.36 (KHTML, like Gecko) Chrome/78.0.3904.108 Safari/537.36"
172.68.10.126 - - [09/Jan/2026:01:09:23 +0000] "GET /wp-admin/setup-config.php HTTP/2.0" 404 136 "-" "Mozilla/5.0 (Windows NT 10.0; Win64; x64) AppleWebKit/537.36 (KHTML, like Gecko) Chrome/143.0.0.0 Safari/537.36"
172.71.144.64 - - [09/Jan/2026:01:09:55 +0000] "GET /wp-admin/setup-config.php HTTP/2.0" 404 136 "-" "Mozilla/5.0 (Windows NT 10.0; Win64; x64) AppleWebKit/537.36 (KHTML, like Gecko) Chrome/143.0.0.0 Safari/537.36"
172.71.184.172 - - [09/Jan/2026:01:10:00 +0000] "GET /wordpress/wp-admin/setup-config.php HTTP/2.0" 404 93 "-" "https://lead360.app/wordpress/wp-admin/setup-config.php"
172.71.184.172 - - [09/Jan/2026:01:11:04 +0000] "GET /wordpress/wp-admin/setup-config.php HTTP/2.0" 404 136 "-" "Mozilla/5.0 (Windows NT 10.0; Win64; x64) AppleWebKit/537.36 (KHTML, like Gecko) Chrome/143.0.0.0 Safari/537.36"
172.71.164.203 - - [09/Jan/2026:01:27:45 +0000] "GET /wp-admin/setup-config.php HTTP/2.0" 404 93 "-" "https://lead360.app/wp-admin/setup-config.php"
172.71.184.172 - - [09/Jan/2026:01:28:43 +0000] "GET /wordpress/wp-admin/setup-config.php HTTP/2.0" 404 93 "-" "http://lead360.app/wordpress/wp-admin/setup-config.php"
172.71.184.173 - - [09/Jan/2026:01:30:21 +0000] "GET /wordpress/wp-admin/setup-config.php HTTP/2.0" 404 136 "-" "Mozilla/5.0 (Windows NT 10.0; Win64; x64) AppleWebKit/537.36 (KHTML, like Gecko) Chrome/143.0.0.0 Safari/537.36"
172.71.184.173 - - [09/Jan/2026:01:30:39 +0000] "GET /wp-admin/setup-config.php HTTP/2.0" 404 136 "-" "Mozilla/5.0 (Windows NT 10.0; Win64; x64) AppleWebKit/537.36 (KHTML, like Gecko) Chrome/143.0.0.0 Safari/537.36"
172.71.184.173 - - [09/Jan/2026:01:43:04 +0000] "GET /wp-admin/setup-config.php HTTP/2.0" 404 136 "-" "Mozilla/5.0 (Windows NT 10.0; Win64; x64) AppleWebKit/537.36 (KHTML, like Gecko) Chrome/143.0.0.0 Safari/537.36"
172.68.10.127 - - [09/Jan/2026:01:44:54 +0000] "GET /wordpress/wp-admin/setup-config.php HTTP/2.0" 404 93 "-" "http://lead360.app/wordpress/wp-admin/setup-config.php"
172.68.10.127 - - [09/Jan/2026:01:45:23 +0000] "GET /wp-admin/setup-config.php HTTP/2.0" 404 93 "-" "http://lead360.app/wp-admin/setup-config.php"
172.71.184.173 - - [09/Jan/2026:01:45:27 +0000] "GET /wordpress/wp-admin/setup-config.php HTTP/2.0" 404 93 "-" "https://lead360.app/wordpress/wp-admin/setup-config.php"
172.68.10.127 - - [09/Jan/2026:02:00:25 +0000] "GET /wordpress/wp-admin/setup-config.php HTTP/2.0" 404 93 "-" "http://lead360.app/wordpress/wp-admin/setup-config.php"
172.71.184.173 - - [09/Jan/2026:02:00:51 +0000] "GET /wordpress/wp-admin/setup-config.php HTTP/2.0" 404 93 "-" "https://lead360.app/wordpress/wp-admin/setup-config.php"
172.71.184.173 - - [09/Jan/2026:02:01:50 +0000] "GET /wp-admin/setup-config.php HTTP/2.0" 404 93 "-" "http://lead360.app/wp-admin/setup-config.php"
172.71.184.173 - - [09/Jan/2026:02:02:12 +0000] "GET /wp-admin/setup-config.php HTTP/2.0" 404 93 "-" "https://lead360.app/wp-admin/setup-config.php"
104.23.221.190 - - [09/Jan/2026:02:15:00 +0000] "GET /wp-admin/setup-config.php HTTP/2.0" 404 93 "-" "https://lead360.app/wp-admin/setup-config.php"
104.23.217.136 - - [09/Jan/2026:02:17:04 +0000] "GET /wp-admin/setup-config.php HTTP/2.0" 404 136 "-" "Mozilla/5.0 (Windows NT 10.0; Win64; x64) AppleWebKit/537.36 (KHTML, like Gecko) Chrome/143.0.0.0 Safari/537.36"
104.23.217.136 - - [09/Jan/2026:02:17:13 +0000] "GET /wordpress/wp-admin/setup-config.php HTTP/2.0" 404 93 "-" "http://lead360.app/wordpress/wp-admin/setup-config.php"
104.23.221.191 - - [09/Jan/2026:02:18:15 +0000] "GET /wordpress/wp-admin/setup-config.php HTTP/2.0" 404 93 "-" "https://lead360.app/wordpress/wp-admin/setup-config.php"
149.57.180.53 - - [09/Jan/2026:02:28:14 +0000] "GET / HTTP/1.1" 200 177 "-" "Mozilla/5.0 (X11; Linux i686; rv:109.0) Gecko/20100101 Firefox/120.0"
172.68.10.127 - - [09/Jan/2026:02:34:42 +0000] "GET /wordpress/wp-admin/setup-config.php HTTP/2.0" 404 93 "-" "http://lead360.app/wordpress/wp-admin/setup-config.php"
172.68.10.126 - - [09/Jan/2026:02:35:50 +0000] "GET /wordpress/wp-admin/setup-config.php HTTP/2.0" 404 93 "-" "https://lead360.app/wordpress/wp-admin/setup-config.php"
162.158.86.254 - - [09/Jan/2026:02:36:30 +0000] "GET /wp-admin/setup-config.php HTTP/2.0" 404 93 "-" "https://lead360.app/wp-admin/setup-config.php"
172.71.184.173 - - [09/Jan/2026:02:37:29 +0000] "GET /wp-admin/setup-config.php HTTP/2.0" 404 136 "-" "Mozilla/5.0 (Windows NT 10.0; Win64; x64) AppleWebKit/537.36 (KHTML, like Gecko) Chrome/143.0.0.0 Safari/537.36"
172.68.10.127 - - [09/Jan/2026:02:50:38 +0000] "GET /wp-admin/setup-config.php HTTP/2.0" 404 93 "-" "https://lead360.app/wp-admin/setup-config.php"
172.68.10.127 - - [09/Jan/2026:02:52:08 +0000] "GET /wordpress/wp-admin/setup-config.php HTTP/2.0" 404 93 "-" "http://lead360.app/wordpress/wp-admin/setup-config.php"
172.69.50.238 - - [09/Jan/2026:02:52:51 +0000] "GET /wordpress/wp-admin/setup-config.php HTTP/2.0" 404 93 "-" "https://lead360.app/wordpress/wp-admin/setup-config.php"
74.7.230.33 - - [09/Jan/2026:02:53:25 +0000] "GET /robots.txt HTTP/2.0" 404 136 "-" "Mozilla/5.0 (Macintosh; Intel Mac OS X 10_15_7) AppleWebKit/537.36 (KHTML, like Gecko) Chrome/131.0.0.0 Safari/537.36; compatible; OAI-SearchBot/1.3; robots.txt; +https://openai.com/searchbot"
172.71.184.172 - - [09/Jan/2026:02:53:52 +0000] "GET /wp-admin/setup-config.php HTTP/2.0" 404 136 "-" "Mozilla/5.0 (Windows NT 10.0; Win64; x64) AppleWebKit/537.36 (KHTML, like Gecko) Chrome/143.0.0.0 Safari/537.36"
172.69.50.239 - - [09/Jan/2026:03:08:19 +0000] "GET /wp-admin/setup-config.php HTTP/2.0" 404 93 "-" "http://lead360.app/wp-admin/setup-config.php"
172.71.184.173 - - [09/Jan/2026:03:08:24 +0000] "GET /wordpress/wp-admin/setup-config.php HTTP/2.0" 404 136 "-" "Mozilla/5.0 (Windows NT 10.0; Win64; x64) AppleWebKit/537.36 (KHTML, like Gecko) Chrome/143.0.0.0 Safari/537.36"
23.27.145.157 - - [09/Jan/2026:03:08:56 +0000] "GET / HTTP/1.1" 200 177 "-" "Mozilla/5.0 (X11; Linux i686; rv:109.0) Gecko/20100101 Firefox/120.0"
172.69.50.239 - - [09/Jan/2026:03:09:01 +0000] "GET /wp-admin/setup-config.php HTTP/2.0" 404 136 "-" "Mozilla/5.0 (Windows NT 10.0; Win64; x64) AppleWebKit/537.36 (KHTML, like Gecko) Chrome/143.0.0.0 Safari/537.36"
172.71.184.172 - - [09/Jan/2026:03:10:14 +0000] "GET /wordpress/wp-admin/setup-config.php HTTP/2.0" 404 93 "-" "https://lead360.app/wordpress/wp-admin/setup-config.php"
104.23.221.191 - - [09/Jan/2026:03:25:32 +0000] "GET /wordpress/wp-admin/setup-config.php HTTP/2.0" 404 136 "-" "Mozilla/5.0 (Windows NT 10.0; Win64; x64) AppleWebKit/537.36 (KHTML, like Gecko) Chrome/143.0.0.0 Safari/537.36"
104.23.223.87 - - [09/Jan/2026:03:25:46 +0000] "GET /wordpress/wp-admin/setup-config.php HTTP/2.0" 404 93 "-" "https://lead360.app/wordpress/wp-admin/setup-config.php"
162.158.183.24 - - [09/Jan/2026:03:26:00 +0000] "GET /wp-admin/setup-config.php HTTP/2.0" 404 136 "-" "Mozilla/5.0 (Windows NT 10.0; Win64; x64) AppleWebKit/537.36 (KHTML, like Gecko) Chrome/143.0.0.0 Safari/537.36"
104.23.221.191 - - [09/Jan/2026:03:27:01 +0000] "GET /wp-admin/setup-config.php HTTP/2.0" 404 136 "-" "Mozilla/5.0 (Windows NT 10.0; Win64; x64) AppleWebKit/537.36 (KHTML, like Gecko) Chrome/143.0.0.0 Safari/537.36"
162.158.183.24 - - [09/Jan/2026:03:42:27 +0000] "GET /wp-admin/setup-config.php HTTP/2.0" 404 93 "-" "http://lead360.app/wp-admin/setup-config.php"
104.23.221.190 - - [09/Jan/2026:03:42:51 +0000] "GET /wordpress/wp-admin/setup-config.php HTTP/2.0" 404 93 "-" "https://lead360.app/wordpress/wp-admin/setup-config.php"
162.158.183.23 - - [09/Jan/2026:03:44:05 +0000] "GET /wordpress/wp-admin/setup-config.php HTTP/2.0" 404 93 "-" "http://lead360.app/wordpress/wp-admin/setup-config.php"
104.23.221.191 - - [09/Jan/2026:03:45:09 +0000] "GET /wp-admin/setup-config.php HTTP/2.0" 404 93 "-" "https://lead360.app/wp-admin/setup-config.php"
172.68.10.127 - - [09/Jan/2026:03:58:11 +0000] "GET /wordpress/wp-admin/setup-config.php HTTP/2.0" 404 136 "-" "Mozilla/5.0 (Windows NT 10.0; Win64; x64) AppleWebKit/537.36 (KHTML, like Gecko) Chrome/143.0.0.0 Safari/537.36"
172.71.184.173 - - [09/Jan/2026:03:58:53 +0000] "GET /wordpress/wp-admin/setup-config.php HTTP/2.0" 404 93 "-" "https://lead360.app/wordpress/wp-admin/setup-config.php"
162.158.94.187 - - [09/Jan/2026:03:59:50 +0000] "GET /wp-admin/setup-config.php HTTP/2.0" 404 136 "-" "Mozilla/5.0 (Windows NT 10.0; Win64; x64) AppleWebKit/537.36 (KHTML, like Gecko) Chrome/143.0.0.0 Safari/537.36"
172.71.184.173 - - [09/Jan/2026:04:01:06 +0000] "GET /wp-admin/setup-config.php HTTP/2.0" 404 136 "-" "Mozilla/5.0 (Windows NT 10.0; Win64; x64) AppleWebKit/537.36 (KHTML, like Gecko) Chrome/143.0.0.0 Safari/537.36"
172.71.184.173 - - [09/Jan/2026:04:15:04 +0000] "GET /wordpress/wp-admin/setup-config.php HTTP/2.0" 404 93 "-" "http://lead360.app/wordpress/wp-admin/setup-config.php"
172.68.10.125 - - [09/Jan/2026:04:15:18 +0000] "GET /wp-admin/setup-config.php HTTP/2.0" 404 93 "-" "http://lead360.app/wp-admin/setup-config.php"
172.68.10.126 - - [09/Jan/2026:04:15:27 +0000] "GET /wp-admin/setup-config.php HTTP/2.0" 404 93 "-" "https://lead360.app/wp-admin/setup-config.php"
172.69.50.239 - - [09/Jan/2026:04:18:15 +0000] "GET /wordpress/wp-admin/setup-config.php HTTP/2.0" 404 93 "-" "https://lead360.app/wordpress/wp-admin/setup-config.php"
104.23.223.87 - - [09/Jan/2026:04:30:44 +0000] "GET /wordpress/wp-admin/setup-config.php HTTP/2.0" 404 93 "-" "https://lead360.app/wordpress/wp-admin/setup-config.php"
162.158.183.23 - - [09/Jan/2026:04:30:59 +0000] "GET /wp-admin/setup-config.php HTTP/2.0" 404 93 "-" "https://lead360.app/wp-admin/setup-config.php"
104.23.221.190 - - [09/Jan/2026:04:31:32 +0000] "GET /wp-admin/setup-config.php HTTP/2.0" 404 136 "-" "Mozilla/5.0 (Windows NT 10.0; Win64; x64) AppleWebKit/537.36 (KHTML, like Gecko) Chrome/143.0.0.0 Safari/537.36"
104.23.223.87 - - [09/Jan/2026:04:33:34 +0000] "GET /wordpress/wp-admin/setup-config.php HTTP/2.0" 404 136 "-" "Mozilla/5.0 (Windows NT 10.0; Win64; x64) AppleWebKit/537.36 (KHTML, like Gecko) Chrome/143.0.0.0 Safari/537.36"
74.7.230.62 - - [09/Jan/2026:04:37:51 +0000] "GET /robots.txt HTTP/2.0" 404 136 "-" "Mozilla/5.0 (Macintosh; Intel Mac OS X 10_15_7) AppleWebKit/537.36 (KHTML, like Gecko) Chrome/131.0.0.0 Safari/537.36; compatible; OAI-SearchBot/1.3; robots.txt; +https://openai.com/searchbot"
104.23.221.190 - - [09/Jan/2026:04:49:33 +0000] "GET /wp-admin/setup-config.php HTTP/2.0" 404 93 "-" "https://lead360.app/wp-admin/setup-config.php"
104.23.221.191 - - [09/Jan/2026:04:51:16 +0000] "GET /wordpress/wp-admin/setup-config.php HTTP/2.0" 404 93 "-" "https://lead360.app/wordpress/wp-admin/setup-config.php"
104.23.217.136 - - [09/Jan/2026:04:51:26 +0000] "GET /wp-admin/setup-config.php HTTP/2.0" 404 136 "-" "Mozilla/5.0 (Windows NT 10.0; Win64; x64) AppleWebKit/537.36 (KHTML, like Gecko) Chrome/143.0.0.0 Safari/537.36"
104.23.223.86 - - [09/Jan/2026:04:52:27 +0000] "GET /wordpress/wp-admin/setup-config.php HTTP/2.0" 404 93 "-" "http://lead360.app/wordpress/wp-admin/setup-config.php"
4.43.184.113 - - [09/Jan/2026:05:04:12 +0000] "GET / HTTP/1.1" 200 177 "-" "Mozilla/5.0 (X11; Linux x86_64) AppleWebKit/537.36 (KHTML, like Gecko) Chrome/44.0.2403.157 Safari/537.36"
172.71.148.115 - - [09/Jan/2026:05:05:15 +0000] "GET /wordpress/wp-admin/setup-config.php HTTP/2.0" 404 93 "-" "http://lead360.app/wordpress/wp-admin/setup-config.php"
172.68.10.127 - - [09/Jan/2026:05:06:02 +0000] "GET /wordpress/wp-admin/setup-config.php HTTP/2.0" 404 93 "-" "https://lead360.app/wordpress/wp-admin/setup-config.php"
162.158.110.106 - - [09/Jan/2026:05:07:33 +0000] "GET /wp-admin/setup-config.php HTTP/2.0" 404 93 "-" "http://lead360.app/wp-admin/setup-config.php"
172.69.50.239 - - [09/Jan/2026:05:07:43 +0000] "GET /wp-admin/setup-config.php HTTP/2.0" 404 93 "-" "https://lead360.app/wp-admin/setup-config.php"
172.71.184.173 - - [09/Jan/2026:05:20:02 +0000] "GET /wp-admin/setup-config.php HTTP/2.0" 404 93 "-" "http://lead360.app/wp-admin/setup-config.php"
172.71.184.172 - - [09/Jan/2026:05:22:07 +0000] "GET /wp-admin/setup-config.php HTTP/2.0" 404 136 "-" "Mozilla/5.0 (Windows NT 10.0; Win64; x64) AppleWebKit/537.36 (KHTML, like Gecko) Chrome/143.0.0.0 Safari/537.36"
172.71.184.172 - - [09/Jan/2026:05:22:59 +0000] "GET /wordpress/wp-admin/setup-config.php HTTP/2.0" 404 93 "-" "http://lead360.app/wordpress/wp-admin/setup-config.php"
172.71.184.172 - - [09/Jan/2026:05:25:17 +0000] "GET /wordpress/wp-admin/setup-config.php HTTP/2.0" 404 136 "-" "Mozilla/5.0 (Windows NT 10.0; Win64; x64) AppleWebKit/537.36 (KHTML, like Gecko) Chrome/143.0.0.0 Safari/537.36"
172.71.184.172 - - [09/Jan/2026:05:40:26 +0000] "GET /wordpress/wp-admin/setup-config.php HTTP/2.0" 404 93 "-" "http://lead360.app/wordpress/wp-admin/setup-config.php"
172.68.10.126 - - [09/Jan/2026:05:41:43 +0000] "GET /wordpress/wp-admin/setup-config.php HTTP/2.0" 404 136 "-" "Mozilla/5.0 (Windows NT 10.0; Win64; x64) AppleWebKit/537.36 (KHTML, like Gecko) Chrome/143.0.0.0 Safari/537.36"
172.71.184.172 - - [09/Jan/2026:05:42:12 +0000] "GET /wp-admin/setup-config.php HTTP/2.0" 404 93 "-" "http://lead360.app/wp-admin/setup-config.php"
172.71.184.172 - - [09/Jan/2026:05:43:04 +0000] "GET /wp-admin/setup-config.php HTTP/2.0" 404 93 "-" "https://lead360.app/wp-admin/setup-config.php"
172.68.10.127 - - [09/Jan/2026:05:56:28 +0000] "GET /wordpress/wp-admin/setup-config.php HTTP/2.0" 404 136 "-" "Mozilla/5.0 (Windows NT 10.0; Win64; x64) AppleWebKit/537.36 (KHTML, like Gecko) Chrome/143.0.0.0 Safari/537.36"
35.164.57.182 - - [09/Jan/2026:05:57:06 +0000] "GET / HTTP/1.1" 200 177 "-" "Mozilla/5.0 (Windows NT 6.1; WOW64; rv:52.0) Gecko/20100101 Firefox/52.0"
172.69.50.239 - - [09/Jan/2026:05:58:08 +0000] "GET /wordpress/wp-admin/setup-config.php HTTP/2.0" 404 136 "-" "Mozilla/5.0 (Windows NT 10.0; Win64; x64) AppleWebKit/537.36 (KHTML, like Gecko) Chrome/143.0.0.0 Safari/537.36"
172.71.184.173 - - [09/Jan/2026:05:59:06 +0000] "GET /wp-admin/setup-config.php HTTP/2.0" 404 136 "-" "Mozilla/5.0 (Windows NT 10.0; Win64; x64) AppleWebKit/537.36 (KHTML, like Gecko) Chrome/143.0.0.0 Safari/537.36"
172.68.10.126 - - [09/Jan/2026:06:00:39 +0000] "GET /wp-admin/setup-config.php HTTP/2.0" 404 136 "-" "Mozilla/5.0 (Windows NT 10.0; Win64; x64) AppleWebKit/537.36 (KHTML, like Gecko) Chrome/143.0.0.0 Safari/537.36"
104.23.223.87 - - [09/Jan/2026:06:14:02 +0000] "GET /wordpress/wp-admin/setup-config.php HTTP/2.0" 404 136 "-" "Mozilla/5.0 (Windows NT 10.0; Win64; x64) AppleWebKit/537.36 (KHTML, like Gecko) Chrome/143.0.0.0 Safari/537.36"
104.23.221.190 - - [09/Jan/2026:06:14:17 +0000] "GET /wp-admin/setup-config.php HTTP/2.0" 404 136 "-" "Mozilla/5.0 (Windows NT 10.0; Win64; x64) AppleWebKit/537.36 (KHTML, like Gecko) Chrome/143.0.0.0 Safari/537.36"
104.23.223.87 - - [09/Jan/2026:06:14:47 +0000] "GET /wp-admin/setup-config.php HTTP/2.0" 404 136 "-" "Mozilla/5.0 (Windows NT 10.0; Win64; x64) AppleWebKit/537.36 (KHTML, like Gecko) Chrome/143.0.0.0 Safari/537.36"
160.225.166.241 - - [09/Jan/2026:06:18:10 +0000] "GET / HTTP/1.1" 200 177 "-" "Mozilla/5.0 (Windows NT 10.0; Win64; x64) AppleWebKit/537.36 (KHTML, like Gecko) Chrome/94.0.4606.61 Safari/537.36"
104.23.223.87 - - [09/Jan/2026:06:18:24 +0000] "GET /wordpress/wp-admin/setup-config.php HTTP/2.0" 404 93 "-" "http://lead360.app/wordpress/wp-admin/setup-config.php"
172.71.184.173 - - [09/Jan/2026:06:29:49 +0000] "GET /wordpress/wp-admin/setup-config.php HTTP/2.0" 404 93 "-" "http://lead360.app/wordpress/wp-admin/setup-config.php"
172.68.10.127 - - [09/Jan/2026:06:29:58 +0000] "GET /wp-admin/setup-config.php HTTP/2.0" 404 136 "-" "Mozilla/5.0 (Windows NT 10.0; Win64; x64) AppleWebKit/537.36 (KHTML, like Gecko) Chrome/143.0.0.0 Safari/537.36"
172.71.184.172 - - [09/Jan/2026:06:31:57 +0000] "GET /wp-admin/setup-config.php HTTP/2.0" 404 93 "-" "http://lead360.app/wp-admin/setup-config.php"
172.71.184.172 - - [09/Jan/2026:06:32:02 +0000] "GET /wordpress/wp-admin/setup-config.php HTTP/2.0" 404 93 "-" "https://lead360.app/wordpress/wp-admin/setup-config.php"
104.23.221.191 - - [09/Jan/2026:06:46:04 +0000] "GET /wp-admin/setup-config.php HTTP/2.0" 404 93 "-" "https://lead360.app/wp-admin/setup-config.php"
104.23.223.87 - - [09/Jan/2026:06:47:59 +0000] "GET /wordpress/wp-admin/setup-config.php HTTP/2.0" 404 93 "-" "https://lead360.app/wordpress/wp-admin/setup-config.php"
104.23.221.191 - - [09/Jan/2026:06:48:26 +0000] "GET /wp-admin/setup-config.php HTTP/2.0" 404 136 "-" "Mozilla/5.0 (Windows NT 10.0; Win64; x64) AppleWebKit/537.36 (KHTML, like Gecko) Chrome/143.0.0.0 Safari/537.36"
104.23.223.86 - - [09/Jan/2026:06:48:36 +0000] "GET /wordpress/wp-admin/setup-config.php HTTP/2.0" 404 93 "-" "http://lead360.app/wordpress/wp-admin/setup-config.php"
172.71.184.172 - - [09/Jan/2026:06:50:23 +0000] "GET /wordpress/wp-admin/setup-config.php HTTP/2.0" 404 93 "-" "https://lead360.app/wordpress/wp-admin/setup-config.php"
162.158.110.106 - - [09/Jan/2026:06:51:02 +0000] "GET /wp-admin/setup-config.php HTTP/2.0" 404 93 "-" "http://lead360.app/wp-admin/setup-config.php"
172.71.184.173 - - [09/Jan/2026:06:52:24 +0000] "GET /wp-admin/setup-config.php HTTP/2.0" 404 136 "-" "Mozilla/5.0 (Windows NT 10.0; Win64; x64) AppleWebKit/537.36 (KHTML, like Gecko) Chrome/143.0.0.0 Safari/537.36"
172.68.10.126 - - [09/Jan/2026:06:52:29 +0000] "GET /wordpress/wp-admin/setup-config.php HTTP/2.0" 404 93 "-" "http://lead360.app/wordpress/wp-admin/setup-config.php"
172.71.148.115 - - [09/Jan/2026:06:53:34 +0000] "GET /wordpress/wp-admin/setup-config.php HTTP/2.0" 404 136 "-" "Mozilla/5.0 (Windows NT 10.0; Win64; x64) AppleWebKit/537.36 (KHTML, like Gecko) Chrome/143.0.0.0 Safari/537.36"
172.69.50.238 - - [09/Jan/2026:07:07:32 +0000] "GET /wp-admin/setup-config.php HTTP/2.0" 404 93 "-" "http://lead360.app/wp-admin/setup-config.php"
172.71.184.173 - - [09/Jan/2026:07:08:58 +0000] "GET /wp-admin/setup-config.php HTTP/2.0" 404 93 "-" "https://lead360.app/wp-admin/setup-config.php"
172.68.10.127 - - [09/Jan/2026:07:09:13 +0000] "GET /wordpress/wp-admin/setup-config.php HTTP/2.0" 404 136 "-" "Mozilla/5.0 (Windows NT 10.0; Win64; x64) AppleWebKit/537.36 (KHTML, like Gecko) Chrome/143.0.0.0 Safari/537.36"
172.71.184.172 - - [09/Jan/2026:07:09:36 +0000] "GET /wordpress/wp-admin/setup-config.php HTTP/2.0" 404 93 "-" "https://lead360.app/wordpress/wp-admin/setup-config.php"
172.71.184.173 - - [09/Jan/2026:07:23:49 +0000] "GET /wp-admin/setup-config.php HTTP/2.0" 404 136 "-" "Mozilla/5.0 (Windows NT 10.0; Win64; x64) AppleWebKit/537.36 (KHTML, like Gecko) Chrome/143.0.0.0 Safari/537.36"
172.71.184.172 - - [09/Jan/2026:07:24:33 +0000] "GET /wordpress/wp-admin/setup-config.php HTTP/2.0" 404 93 "-" "https://lead360.app/wordpress/wp-admin/setup-config.php"
172.71.184.173 - - [09/Jan/2026:07:24:34 +0000] "GET /wordpress/wp-admin/setup-config.php HTTP/2.0" 404 93 "-" "http://lead360.app/wordpress/wp-admin/setup-config.php"
172.71.184.173 - - [09/Jan/2026:07:25:33 +0000] "GET /wp-admin/setup-config.php HTTP/2.0" 404 136 "-" "Mozilla/5.0 (Windows NT 10.0; Win64; x64) AppleWebKit/537.36 (KHTML, like Gecko) Chrome/143.0.0.0 Safari/537.36"
135.148.195.1 - - [09/Jan/2026:07:34:48 +0000] "GET / HTTP/1.1" 200 177 "-" "Mozilla/5.0 (X11; Linux x86_64) AppleWebKit/537.36 (KHTML, like Gecko) Chrome/112.0.0.0 Safari/537.36"
172.71.184.172 - - [09/Jan/2026:07:40:39 +0000] "GET /wp-admin/setup-config.php HTTP/2.0" 404 93 "-" "https://lead360.app/wp-admin/setup-config.php"
172.71.184.172 - - [09/Jan/2026:07:41:05 +0000] "GET /wordpress/wp-admin/setup-config.php HTTP/2.0" 404 93 "-" "http://lead360.app/wordpress/wp-admin/setup-config.php"
172.71.184.173 - - [09/Jan/2026:07:44:39 +0000] "GET /wp-admin/setup-config.php HTTP/2.0" 404 93 "-" "http://lead360.app/wp-admin/setup-config.php"
172.71.184.173 - - [09/Jan/2026:07:44:44 +0000] "GET /wordpress/wp-admin/setup-config.php HTTP/2.0" 404 136 "-" "Mozilla/5.0 (Windows NT 10.0; Win64; x64) AppleWebKit/537.36 (KHTML, like Gecko) Chrome/143.0.0.0 Safari/537.36"
167.71.251.80 - - [09/Jan/2026:07:49:00 +0000] "HEAD / HTTP/1.1" 200 0 "-" "Mozilla/5.0 (Windows NT 6.1; Win64; x64) AppleWebKit/537.36 (KHTML, like Gecko) Chrome/109.0.0.0 Safari/537.36 Edg/109.0.1518.61"
162.158.183.24 - - [09/Jan/2026:07:56:46 +0000] "GET /wp-admin/setup-config.php HTTP/2.0" 404 93 "-" "https://lead360.app/wp-admin/setup-config.php"
104.23.223.86 - - [09/Jan/2026:07:57:34 +0000] "GET /wordpress/wp-admin/setup-config.php HTTP/2.0" 404 136 "-" "Mozilla/5.0 (Windows NT 10.0; Win64; x64) AppleWebKit/537.36 (KHTML, like Gecko) Chrome/143.0.0.0 Safari/537.36"
104.23.223.87 - - [09/Jan/2026:07:59:05 +0000] "GET /wp-admin/setup-config.php HTTP/2.0" 404 93 "-" "http://lead360.app/wp-admin/setup-config.php"
104.23.217.136 - - [09/Jan/2026:08:00:43 +0000] "GET /wordpress/wp-admin/setup-config.php HTTP/2.0" 404 93 "-" "http://lead360.app/wordpress/wp-admin/setup-config.php"
