172.70.248.159 - - [04/Jan/2026:23:50:35 +0000] "GET /wp-admin/setup-config.php HTTP/2.0" 404 136 "-" "Mozilla/5.0 (Windows NT 10.0; Win64; x64) AppleWebKit/537.36 (KHTML, like Gecko) Chrome/143.0.0.0 Safari/537.36"
172.68.10.126 - - [04/Jan/2026:23:51:39 +0000] "GET /wordpress/wp-admin/setup-config.php HTTP/2.0" 404 136 "-" "Mozilla/5.0 (Windows NT 10.0; Win64; x64) AppleWebKit/537.36 (KHTML, like Gecko) Chrome/143.0.0.0 Safari/537.36"
104.23.239.112 - - [04/Jan/2026:23:54:23 +0000] "GET /wp-admin/setup-config.php HTTP/2.0" 404 93 "-" "http://lead360.app/wp-admin/setup-config.php"
172.71.184.172 - - [04/Jan/2026:23:54:27 +0000] "GET /wordpress/wp-admin/setup-config.php HTTP/2.0" 404 93 "-" "https://lead360.app/wordpress/wp-admin/setup-config.php"
104.23.223.86 - - [05/Jan/2026:00:06:24 +0000] "GET /wordpress/wp-admin/setup-config.php HTTP/2.0" 404 93 "-" "https://lead360.app/wordpress/wp-admin/setup-config.php"
162.158.183.23 - - [05/Jan/2026:00:09:06 +0000] "GET /wp-admin/setup-config.php HTTP/2.0" 404 93 "-" "http://lead360.app/wp-admin/setup-config.php"
104.23.221.190 - - [05/Jan/2026:00:09:46 +0000] "GET /wp-admin/setup-config.php HTTP/2.0" 404 93 "-" "https://lead360.app/wp-admin/setup-config.php"
104.23.223.86 - - [05/Jan/2026:00:10:05 +0000] "GET /wordpress/wp-admin/setup-config.php HTTP/2.0" 404 93 "-" "http://lead360.app/wordpress/wp-admin/setup-config.php"
66.249.64.226 - - [05/Jan/2026:00:13:53 +0000] "GET /robots.txt HTTP/1.1" 404 104 "-" "Mozilla/5.0 (compatible; Googlebot/2.1; +http://www.google.com/bot.html)"
66.249.64.225 - - [05/Jan/2026:00:13:53 +0000] "GET / HTTP/1.1" 200 126 "-" "Mozilla/5.0 (Linux; Android 6.0.1; Nexus 5X Build/MMB29P) AppleWebKit/537.36 (KHTML, like Gecko) Chrome/141.0.7390.122 Mobile Safari/537.36 (compatible; Googlebot/2.1; +http://www.google.com/bot.html)"
23.111.114.116 - - [05/Jan/2026:00:15:11 +0000] "GET / HTTP/1.1" 200 177 "-" "Mozilla/5.0 (Linux; Android 7.1.1; SM-J510H) AppleWebKit/537.36 (KHTML, like Gecko) Chrome/88.0.4324.152 Mobile Safari/537.36"
172.70.242.210 - - [05/Jan/2026:00:23:26 +0000] "GET /wordpress/wp-admin/setup-config.php HTTP/2.0" 404 136 "-" "Mozilla/5.0 (Windows NT 10.0; Win64; x64) AppleWebKit/537.36 (KHTML, like Gecko) Chrome/143.0.0.0 Safari/537.36"
172.71.184.173 - - [05/Jan/2026:00:23:36 +0000] "GET /wp-admin/setup-config.php HTTP/2.0" 404 93 "-" "http://lead360.app/wp-admin/setup-config.php"
172.71.184.173 - - [05/Jan/2026:00:24:32 +0000] "GET /wp-admin/setup-config.php HTTP/2.0" 404 136 "-" "Mozilla/5.0 (Windows NT 10.0; Win64; x64) AppleWebKit/537.36 (KHTML, like Gecko) Chrome/143.0.0.0 Safari/537.36"
172.68.10.126 - - [05/Jan/2026:00:25:27 +0000] "GET /wordpress/wp-admin/setup-config.php HTTP/2.0" 404 93 "-" "https://lead360.app/wordpress/wp-admin/setup-config.php"
148.251.241.12 - - [05/Jan/2026:00:29:20 +0000] "GET /robots.txt HTTP/1.1" 404 153 "-" "serpstatbot/2.1 (advanced backlink tracking bot; https://serpstatbot.com/; abuse@serpstatbot.com)"
66.249.64.226 - - [05/Jan/2026:00:31:32 +0000] "GET / HTTP/1.1" 200 126 "-" "Mozilla/5.0 (Linux; Android 6.0.1; Nexus 5X Build/MMB29P) AppleWebKit/537.36 (KHTML, like Gecko) Chrome/99.0.4844.84 Mobile Safari/537.36 (compatible; Googlebot/2.1; +http://www.google.com/bot.html)"
66.249.64.227 - - [05/Jan/2026:00:31:32 +0000] "GET / HTTP/1.1" 200 126 "-" "Mozilla/5.0 (compatible; Googlebot/2.1; +http://www.google.com/bot.html)"
183.134.59.133 - - [05/Jan/2026:00:36:43 +0000] "GET / HTTP/1.1" 200 177 "-" "Mozilla/5.0 (Macintosh; Intel Mac OS X 10_11) AppleWebKit/601.1.27 (KHTML, like Gecko) Chrome/47.0.2526.106 Safari/601.1.27"
183.134.59.133 - - [05/Jan/2026:00:36:54 +0000] "GET / HTTP/1.1" 200 177 "-" "Mozilla/5.0 (Macintosh; Intel Mac OS X 10_11) AppleWebKit/601.1.27 (KHTML, like Gecko) Chrome/47.0.2526.106 Safari/601.1.27"
172.71.184.173 - - [05/Jan/2026:00:44:04 +0000] "GET /wp-admin/setup-config.php HTTP/2.0" 404 93 "-" "http://lead360.app/wp-admin/setup-config.php"
151.240.205.206 - - [05/Jan/2026:00:44:05 +0000] "GET / HTTP/2.0" 200 115 "-" "Mozilla/5.0 (X11; Linux x86_64) AppleWebKit/537.36 (KHTML, like Gecko) HeadlessChrome/123.0.6312.105 Safari/537.36"
172.71.184.173 - - [05/Jan/2026:00:44:08 +0000] "GET /wp-admin/setup-config.php HTTP/2.0" 404 93 "-" "https://lead360.app/wp-admin/setup-config.php"
172.71.184.173 - - [05/Jan/2026:00:44:41 +0000] "GET /wordpress/wp-admin/setup-config.php HTTP/2.0" 404 93 "-" "http://lead360.app/wordpress/wp-admin/setup-config.php"
172.71.184.173 - - [05/Jan/2026:00:45:28 +0000] "GET /wordpress/wp-admin/setup-config.php HTTP/2.0" 404 93 "-" "https://lead360.app/wordpress/wp-admin/setup-config.php"
8.129.70.53 - - [05/Jan/2026:00:56:05 +0000] "GET / HTTP/1.1" 200 177 "-" "Mozilla/5.0 (Windows NT 10.0; Win64; x64) AppleWebKit/537.36 (KHTML, like Gecko) Chrome/122.0.0.0 Safari/537.36 Edg/122.0.0.0"
172.71.184.172 - - [05/Jan/2026:00:57:47 +0000] "GET /wordpress/wp-admin/setup-config.php HTTP/2.0" 404 93 "-" "https://lead360.app/wordpress/wp-admin/setup-config.php"
172.70.250.175 - - [05/Jan/2026:00:57:47 +0000] "GET /wp-admin/setup-config.php HTTP/2.0" 404 93 "-" "https://lead360.app/wp-admin/setup-config.php"
172.71.184.172 - - [05/Jan/2026:00:58:36 +0000] "GET /wp-admin/setup-config.php HTTP/2.0" 404 93 "-" "http://lead360.app/wp-admin/setup-config.php"
172.71.184.173 - - [05/Jan/2026:00:59:38 +0000] "GET /wordpress/wp-admin/setup-config.php HTTP/2.0" 404 93 "-" "http://lead360.app/wordpress/wp-admin/setup-config.php"
148.251.241.12 - - [05/Jan/2026:01:04:17 +0000] "GET / HTTP/1.1" 200 177 "-" "serpstatbot/2.1 (advanced backlink tracking bot; https://serpstatbot.com/; abuse@serpstatbot.com)"
172.68.10.126 - - [05/Jan/2026:01:13:58 +0000] "GET /wordpress/wp-admin/setup-config.php HTTP/2.0" 404 136 "-" "Mozilla/5.0 (Windows NT 10.0; Win64; x64) AppleWebKit/537.36 (KHTML, like Gecko) Chrome/143.0.0.0 Safari/537.36"
172.68.10.126 - - [05/Jan/2026:01:15:58 +0000] "GET /wordpress/wp-admin/setup-config.php HTTP/2.0" 404 136 "-" "Mozilla/5.0 (Windows NT 10.0; Win64; x64) AppleWebKit/537.36 (KHTML, like Gecko) Chrome/143.0.0.0 Safari/537.36"
172.68.10.126 - - [05/Jan/2026:01:16:57 +0000] "GET /wp-admin/setup-config.php HTTP/2.0" 404 93 "-" "http://lead360.app/wp-admin/setup-config.php"
172.71.184.173 - - [05/Jan/2026:01:18:25 +0000] "GET /wp-admin/setup-config.php HTTP/2.0" 404 136 "-" "Mozilla/5.0 (Windows NT 10.0; Win64; x64) AppleWebKit/537.36 (KHTML, like Gecko) Chrome/143.0.0.0 Safari/537.36"
172.71.184.173 - - [05/Jan/2026:01:31:28 +0000] "GET /wp-admin/setup-config.php HTTP/2.0" 404 93 "-" "https://lead360.app/wp-admin/setup-config.php"
172.68.10.126 - - [05/Jan/2026:01:32:26 +0000] "GET /wordpress/wp-admin/setup-config.php HTTP/2.0" 404 93 "-" "https://lead360.app/wordpress/wp-admin/setup-config.php"
172.68.10.126 - - [05/Jan/2026:01:33:14 +0000] "GET /wp-admin/setup-config.php HTTP/2.0" 404 136 "-" "Mozilla/5.0 (Windows NT 10.0; Win64; x64) AppleWebKit/537.36 (KHTML, like Gecko) Chrome/143.0.0.0 Safari/537.36"
172.70.240.194 - - [05/Jan/2026:01:34:18 +0000] "GET /wordpress/wp-admin/setup-config.php HTTP/2.0" 404 93 "-" "http://lead360.app/wordpress/wp-admin/setup-config.php"
213.195.83.214 - - [05/Jan/2026:01:34:44 +0000] "GET / HTTP/1.1" 200 177 "-" "Python/3.11 aiohttp/3.8.4"
104.23.221.190 - - [05/Jan/2026:01:48:15 +0000] "GET /wp-admin/setup-config.php HTTP/2.0" 404 93 "-" "http://lead360.app/wp-admin/setup-config.php"
162.158.183.24 - - [05/Jan/2026:01:48:20 +0000] "GET /wordpress/wp-admin/setup-config.php HTTP/2.0" 404 93 "-" "https://lead360.app/wordpress/wp-admin/setup-config.php"
104.23.221.190 - - [05/Jan/2026:01:48:34 +0000] "GET /wp-admin/setup-config.php HTTP/2.0" 404 93 "-" "https://lead360.app/wp-admin/setup-config.php"
162.158.183.24 - - [05/Jan/2026:01:50:19 +0000] "GET /wordpress/wp-admin/setup-config.php HTTP/2.0" 404 136 "-" "Mozilla/5.0 (Windows NT 10.0; Win64; x64) AppleWebKit/537.36 (KHTML, like Gecko) Chrome/143.0.0.0 Safari/537.36"
43.155.140.157 - - [05/Jan/2026:02:01:58 +0000] "GET / HTTP/1.1" 200 177 "http://www.lead360.app" "Mozilla/5.0 (iPhone; CPU iPhone OS 13_2_3 like Mac OS X) AppleWebKit/605.1.15 (KHTML, like Gecko) Version/13.0.3 Mobile/15E148 Safari/604.1"
172.71.184.173 - - [05/Jan/2026:02:06:29 +0000] "GET /wp-admin/setup-config.php HTTP/2.0" 404 93 "-" "http://lead360.app/wp-admin/setup-config.php"
172.69.50.238 - - [05/Jan/2026:02:07:02 +0000] "GET /wp-admin/setup-config.php HTTP/2.0" 404 93 "-" "https://lead360.app/wp-admin/setup-config.php"
172.71.184.172 - - [05/Jan/2026:02:07:40 +0000] "GET /wordpress/wp-admin/setup-config.php HTTP/2.0" 404 136 "-" "Mozilla/5.0 (Windows NT 10.0; Win64; x64) AppleWebKit/537.36 (KHTML, like Gecko) Chrome/143.0.0.0 Safari/537.36"
172.71.184.172 - - [05/Jan/2026:02:08:03 +0000] "GET /wordpress/wp-admin/setup-config.php HTTP/2.0" 404 93 "-" "https://lead360.app/wordpress/wp-admin/setup-config.php"
172.71.184.172 - - [05/Jan/2026:02:23:56 +0000] "GET /wp-admin/setup-config.php HTTP/2.0" 404 93 "-" "http://lead360.app/wp-admin/setup-config.php"
172.71.184.172 - - [05/Jan/2026:02:24:39 +0000] "GET /wordpress/wp-admin/setup-config.php HTTP/2.0" 404 93 "-" "http://lead360.app/wordpress/wp-admin/setup-config.php"
172.71.184.172 - - [05/Jan/2026:02:24:59 +0000] "GET /wp-admin/setup-config.php HTTP/2.0" 404 93 "-" "https://lead360.app/wp-admin/setup-config.php"
172.68.10.126 - - [05/Jan/2026:02:27:04 +0000] "GET /wordpress/wp-admin/setup-config.php HTTP/2.0" 404 136 "-" "Mozilla/5.0 (Windows NT 10.0; Win64; x64) AppleWebKit/537.36 (KHTML, like Gecko) Chrome/143.0.0.0 Safari/537.36"
172.70.247.188 - - [05/Jan/2026:02:38:29 +0000] "GET /wp-admin/setup-config.php HTTP/2.0" 404 93 "-" "https://lead360.app/wp-admin/setup-config.php"
172.71.184.172 - - [05/Jan/2026:02:39:52 +0000] "GET /wordpress/wp-admin/setup-config.php HTTP/2.0" 404 93 "-" "https://lead360.app/wordpress/wp-admin/setup-config.php"
172.68.10.127 - - [05/Jan/2026:02:40:12 +0000] "GET /wordpress/wp-admin/setup-config.php HTTP/2.0" 404 93 "-" "http://lead360.app/wordpress/wp-admin/setup-config.php"
172.69.50.239 - - [05/Jan/2026:02:42:04 +0000] "GET /wp-admin/setup-config.php HTTP/2.0" 404 93 "-" "http://lead360.app/wp-admin/setup-config.php"
170.106.165.186 - - [05/Jan/2026:02:44:32 +0000] "GET / HTTP/1.1" 200 177 "http://www.lead360.app" "Mozilla/5.0 (iPhone; CPU iPhone OS 13_2_3 like Mac OS X) AppleWebKit/605.1.15 (KHTML, like Gecko) Version/13.0.3 Mobile/15E148 Safari/604.1"
172.71.184.173 - - [05/Jan/2026:02:55:10 +0000] "GET /wordpress/wp-admin/setup-config.php HTTP/2.0" 404 93 "-" "https://lead360.app/wordpress/wp-admin/setup-config.php"
172.69.50.238 - - [05/Jan/2026:02:55:50 +0000] "GET /wp-admin/setup-config.php HTTP/2.0" 404 93 "-" "http://lead360.app/wp-admin/setup-config.php"
172.71.184.173 - - [05/Jan/2026:02:56:10 +0000] "GET /wp-admin/setup-config.php HTTP/2.0" 404 93 "-" "https://lead360.app/wp-admin/setup-config.php"
172.71.184.173 - - [05/Jan/2026:02:57:23 +0000] "GET /wordpress/wp-admin/setup-config.php HTTP/2.0" 404 93 "-" "http://lead360.app/wordpress/wp-admin/setup-config.php"
66.249.70.2 - - [05/Jan/2026:03:10:51 +0000] "GET /robots.txt HTTP/1.1" 404 104 "-" "Mozilla/5.0 (compatible; Googlebot/2.1; +http://www.google.com/bot.html)"
66.249.70.8 - - [05/Jan/2026:03:10:51 +0000] "GET / HTTP/1.1" 200 126 "-" "Mozilla/5.0 (Linux; Android 6.0.1; Nexus 5X Build/MMB29P) AppleWebKit/537.36 (KHTML, like Gecko) Chrome/141.0.7390.122 Mobile Safari/537.36 (compatible; Googlebot/2.1; +http://www.google.com/bot.html)"
66.249.70.8 - - [05/Jan/2026:03:11:11 +0000] "GET / HTTP/1.1" 200 126 "-" "Mozilla/5.0 (Linux; Android 6.0.1; Nexus 5X Build/MMB29P) AppleWebKit/537.36 (KHTML, like Gecko) Chrome/99.0.4844.84 Mobile Safari/537.36 (compatible; Googlebot/2.1; +http://www.google.com/bot.html)"
66.249.70.2 - - [05/Jan/2026:03:11:12 +0000] "GET / HTTP/1.1" 200 126 "-" "Mozilla/5.0 (Linux; Android 6.0.1; Nexus 5X Build/MMB29P) AppleWebKit/537.36 (KHTML, like Gecko) Chrome/99.0.4844.84 Mobile Safari/537.36 (compatible; Googlebot/2.1; +http://www.google.com/bot.html)"
66.249.70.2 - - [05/Jan/2026:03:11:12 +0000] "GET / HTTP/1.1" 200 126 "-" "Mozilla/5.0 (compatible; Googlebot/2.1; +http://www.google.com/bot.html)"
66.249.70.8 - - [05/Jan/2026:03:11:13 +0000] "GET / HTTP/1.1" 200 126 "-" "Mozilla/5.0 (compatible; Googlebot/2.1; +http://www.google.com/bot.html)"
104.23.221.190 - - [05/Jan/2026:03:11:38 +0000] "GET /wordpress/wp-admin/setup-config.php HTTP/2.0" 404 93 "-" "https://lead360.app/wordpress/wp-admin/setup-config.php"
104.23.221.190 - - [05/Jan/2026:03:12:20 +0000] "GET /wordpress/wp-admin/setup-config.php HTTP/2.0" 404 93 "-" "http://lead360.app/wordpress/wp-admin/setup-config.php"
66.249.70.8 - - [05/Jan/2026:03:12:46 +0000] "GET / HTTP/1.1" 200 126 "-" "Mozilla/5.0 (compatible; Googlebot/2.1; +http://www.google.com/bot.html)"
66.249.70.1 - - [05/Jan/2026:03:12:47 +0000] "GET / HTTP/1.1" 200 126 "-" "Mozilla/5.0 (Linux; Android 6.0.1; Nexus 5X Build/MMB29P) AppleWebKit/537.36 (KHTML, like Gecko) Chrome/99.0.4844.84 Mobile Safari/537.36 (compatible; Googlebot/2.1; +http://www.google.com/bot.html)"
104.23.217.137 - - [05/Jan/2026:03:13:02 +0000] "GET /wp-admin/setup-config.php HTTP/2.0" 404 93 "-" "https://lead360.app/wp-admin/setup-config.php"
104.23.223.87 - - [05/Jan/2026:03:13:57 +0000] "GET /wp-admin/setup-config.php HTTP/2.0" 404 93 "-" "http://lead360.app/wp-admin/setup-config.php"
172.70.248.159 - - [05/Jan/2026:03:31:52 +0000] "GET /wp-admin/setup-config.php HTTP/2.0" 404 136 "-" "Mozilla/5.0 (Windows NT 10.0; Win64; x64) AppleWebKit/537.36 (KHTML, like Gecko) Chrome/143.0.0.0 Safari/537.36"
172.71.184.172 - - [05/Jan/2026:03:31:52 +0000] "GET /wordpress/wp-admin/setup-config.php HTTP/2.0" 404 93 "-" "https://lead360.app/wordpress/wp-admin/setup-config.php"
109.235.48.155 - - [05/Jan/2026:03:32:41 +0000] "GET / HTTP/2.0" 200 115 "-" "Mozilla/5.0 (Windows NT 10.0; Win64; x64) AppleWebKit/537.36 (KHTML, like Gecko) Chrome/127.0.0.0 Safari/537.36 OPR/113.0.0.0"
162.158.110.107 - - [05/Jan/2026:03:32:48 +0000] "GET /wp-admin/setup-config.php HTTP/2.0" 404 93 "-" "http://lead360.app/wp-admin/setup-config.php"
172.69.50.239 - - [05/Jan/2026:03:34:57 +0000] "GET /wordpress/wp-admin/setup-config.php HTTP/2.0" 404 136 "-" "Mozilla/5.0 (Windows NT 10.0; Win64; x64) AppleWebKit/537.36 (KHTML, like Gecko) Chrome/143.0.0.0 Safari/537.36"
149.56.150.241 - - [05/Jan/2026:03:44:41 +0000] "GET / HTTP/1.1" 200 177 "-" "Mozilla/5.0 (compatible; Dataprovider.com)"
149.56.150.241 - - [05/Jan/2026:03:44:41 +0000] "GET /robots.txt HTTP/1.1" 404 153 "-" "Mozilla/5.0 (compatible; Dataprovider.com)"
149.56.150.241 - - [05/Jan/2026:03:44:41 +0000] "GET / HTTP/1.1" 200 177 "-" "Mozilla/5.0 (compatible; Dataprovider.com)"
149.56.150.241 - - [05/Jan/2026:03:44:41 +0000] "GET /sitemap.xml HTTP/1.1" 404 153 "-" "Mozilla/5.0 (compatible; Dataprovider.com)"
149.56.150.241 - - [05/Jan/2026:03:44:41 +0000] "GET /llms.txt HTTP/1.1" 404 153 "-" "Mozilla/5.0 (compatible; Dataprovider.com)"
149.56.150.241 - - [05/Jan/2026:03:44:41 +0000] "GET /ads.txt HTTP/1.1" 404 153 "-" "Mozilla/5.0 (compatible; Dataprovider.com)"
149.56.150.241 - - [05/Jan/2026:03:44:41 +0000] "GET /humans.txt HTTP/1.1" 404 153 "-" "Mozilla/5.0 (compatible; Dataprovider.com)"
149.56.150.241 - - [05/Jan/2026:03:44:41 +0000] "GET /security.txt HTTP/1.1" 404 153 "-" "Mozilla/5.0 (compatible; Dataprovider.com)"
149.56.150.241 - - [05/Jan/2026:03:44:41 +0000] "GET /.well-known/security.txt HTTP/1.1" 404 153 "-" "Mozilla/5.0 (compatible; Dataprovider.com)"
149.56.150.241 - - [05/Jan/2026:03:44:41 +0000] "GET / HTTP/1.1" 200 177 "-" "Mozilla/5.0 (Linux; Android 10; SM-G981B) AppleWebKit/537.36 (KHTML, like Gecko) Chrome/80.0.3987.162 Mobile Safari/537.36"
149.56.150.140 - - [05/Jan/2026:03:44:51 +0000] "GET / HTTP/2.0" 200 115 "-" "Mozilla/5.0 (compatible; Dataprovider.com)"
149.56.150.140 - - [05/Jan/2026:03:44:52 +0000] "GET / HTTP/1.1" 200 126 "-" "Mozilla/5.0 (compatible; Dataprovider.com)"
149.56.150.140 - - [05/Jan/2026:03:44:52 +0000] "GET /robots.txt HTTP/1.1" 404 104 "-" "Mozilla/5.0 (compatible; Dataprovider.com)"
149.56.150.140 - - [05/Jan/2026:03:44:53 +0000] "OPTIONS / HTTP/1.1" 405 157 "-" "Mozilla/5.0 (compatible; Dataprovider.com)"
172.68.10.127 - - [05/Jan/2026:03:49:46 +0000] "GET /wordpress/wp-admin/setup-config.php HTTP/2.0" 404 136 "-" "Mozilla/5.0 (Windows NT 10.0; Win64; x64) AppleWebKit/537.36 (KHTML, like Gecko) Chrome/143.0.0.0 Safari/537.36"
172.71.184.173 - - [05/Jan/2026:03:50:52 +0000] "GET /wp-admin/setup-config.php HTTP/2.0" 404 136 "-" "Mozilla/5.0 (Windows NT 10.0; Win64; x64) AppleWebKit/537.36 (KHTML, like Gecko) Chrome/143.0.0.0 Safari/537.36"
172.71.184.172 - - [05/Jan/2026:03:51:11 +0000] "GET /wp-admin/setup-config.php HTTP/2.0" 404 136 "-" "Mozilla/5.0 (Windows NT 10.0; Win64; x64) AppleWebKit/537.36 (KHTML, like Gecko) Chrome/143.0.0.0 Safari/537.36"
172.69.150.147 - - [05/Jan/2026:03:51:20 +0000] "GET /wordpress/wp-admin/setup-config.php HTTP/2.0" 404 136 "-" "Mozilla/5.0 (Windows NT 10.0; Win64; x64) AppleWebKit/537.36 (KHTML, like Gecko) Chrome/143.0.0.0 Safari/537.36"
43.155.140.157 - - [05/Jan/2026:03:51:25 +0000] "GET / HTTP/1.1" 200 177 "http://lead360.app" "Mozilla/5.0 (iPhone; CPU iPhone OS 13_2_3 like Mac OS X) AppleWebKit/605.1.15 (KHTML, like Gecko) Version/13.0.3 Mobile/15E148 Safari/604.1"
172.71.184.173 - - [05/Jan/2026:04:04:10 +0000] "GET /wordpress/wp-admin/setup-config.php HTTP/2.0" 404 93 "-" "http://lead360.app/wordpress/wp-admin/setup-config.php"
172.71.184.173 - - [05/Jan/2026:04:05:04 +0000] "GET /wp-admin/setup-config.php HTTP/2.0" 404 136 "-" "Mozilla/5.0 (Windows NT 10.0; Win64; x64) AppleWebKit/537.36 (KHTML, like Gecko) Chrome/143.0.0.0 Safari/537.36"
172.68.10.126 - - [05/Jan/2026:04:06:09 +0000] "GET /wp-admin/setup-config.php HTTP/2.0" 404 93 "-" "https://lead360.app/wp-admin/setup-config.php"
172.71.184.172 - - [05/Jan/2026:04:07:33 +0000] "GET /wordpress/wp-admin/setup-config.php HTTP/2.0" 404 93 "-" "https://lead360.app/wordpress/wp-admin/setup-config.php"
172.68.10.127 - - [05/Jan/2026:04:08:27 +0000] "GET /wp-admin/setup-config.php HTTP/2.0" 404 93 "-" "http://lead360.app/wp-admin/setup-config.php"
45.58.48.83 - - [05/Jan/2026:04:15:18 +0000] "GET / HTTP/1.1" 200 177 "-" "Mozilla/5.0 (X11; U; Linux i686; de; rv:1.8.1.13) Gecko/20080325 Ubuntu/7.10 (gutsy) Firefox/52.0.2"
172.71.184.172 - - [05/Jan/2026:04:21:39 +0000] "GET /wordpress/wp-admin/setup-config.php HTTP/2.0" 404 93 "-" "http://lead360.app/wordpress/wp-admin/setup-config.php"
172.68.10.127 - - [05/Jan/2026:04:23:10 +0000] "GET /wp-admin/setup-config.php HTTP/2.0" 404 93 "-" "https://lead360.app/wp-admin/setup-config.php"
172.68.10.127 - - [05/Jan/2026:04:23:59 +0000] "GET /wp-admin/setup-config.php HTTP/2.0" 404 93 "-" "http://lead360.app/wp-admin/setup-config.php"
162.158.94.76 - - [05/Jan/2026:04:24:49 +0000] "GET /wordpress/wp-admin/setup-config.php HTTP/2.0" 404 93 "-" "https://lead360.app/wordpress/wp-admin/setup-config.php"
172.68.10.127 - - [05/Jan/2026:04:28:21 +0000] "GET /wordpress/wp-admin/setup-config.php HTTP/2.0" 404 93 "-" "https://lead360.app/wordpress/wp-admin/setup-config.php"
172.68.10.127 - - [05/Jan/2026:04:28:21 +0000] "GET /wp-admin/setup-config.php HTTP/2.0" 404 93 "-" "http://lead360.app/wp-admin/setup-config.php"
172.71.184.173 - - [05/Jan/2026:04:28:30 +0000] "GET /wordpress/wp-admin/setup-config.php HTTP/2.0" 404 93 "-" "http://lead360.app/wordpress/wp-admin/setup-config.php"
162.158.86.254 - - [05/Jan/2026:04:29:51 +0000] "GET /wp-admin/setup-config.php HTTP/2.0" 404 93 "-" "https://lead360.app/wp-admin/setup-config.php"
172.68.10.127 - - [05/Jan/2026:04:44:13 +0000] "GET /wordpress/wp-admin/setup-config.php HTTP/2.0" 404 93 "-" "http://lead360.app/wordpress/wp-admin/setup-config.php"
162.158.94.76 - - [05/Jan/2026:04:45:39 +0000] "GET /wp-admin/setup-config.php HTTP/2.0" 404 93 "-" "http://lead360.app/wp-admin/setup-config.php"
172.71.144.64 - - [05/Jan/2026:04:47:05 +0000] "GET /wp-admin/setup-config.php HTTP/2.0" 404 93 "-" "https://lead360.app/wp-admin/setup-config.php"
172.71.184.173 - - [05/Jan/2026:04:47:15 +0000] "GET /wordpress/wp-admin/setup-config.php HTTP/2.0" 404 136 "-" "Mozilla/5.0 (Windows NT 10.0; Win64; x64) AppleWebKit/537.36 (KHTML, like Gecko) Chrome/143.0.0.0 Safari/537.36"
104.23.221.190 - - [05/Jan/2026:05:16:09 +0000] "GET /wordpress/wp-admin/setup-config.php HTTP/2.0" 404 93 "-" "https://lead360.app/wordpress/wp-admin/setup-config.php"
104.23.217.136 - - [05/Jan/2026:05:17:42 +0000] "GET /wp-admin/setup-config.php HTTP/2.0" 404 93 "-" "https://lead360.app/wp-admin/setup-config.php"
104.23.223.86 - - [05/Jan/2026:05:18:42 +0000] "GET /wordpress/wp-admin/setup-config.php HTTP/2.0" 404 93 "-" "http://lead360.app/wordpress/wp-admin/setup-config.php"
162.158.183.24 - - [05/Jan/2026:05:18:49 +0000] "GET /wp-admin/setup-config.php HTTP/2.0" 404 93 "-" "http://lead360.app/wp-admin/setup-config.php"
185.65.134.244 - - [05/Jan/2026:05:23:03 +0000] "GET / HTTP/1.1" 200 177 "-" "Mozilla/5.0"
104.23.217.137 - - [05/Jan/2026:05:32:28 +0000] "GET /wordpress/wp-admin/setup-config.php HTTP/2.0" 404 136 "-" "Mozilla/5.0 (Windows NT 10.0; Win64; x64) AppleWebKit/537.36 (KHTML, like Gecko) Chrome/143.0.0.0 Safari/537.36"
104.23.221.190 - - [05/Jan/2026:05:32:43 +0000] "GET /wp-admin/setup-config.php HTTP/2.0" 404 93 "-" "http://lead360.app/wp-admin/setup-config.php"
104.23.223.86 - - [05/Jan/2026:05:33:12 +0000] "GET /wp-admin/setup-config.php HTTP/2.0" 404 136 "-" "Mozilla/5.0 (Windows NT 10.0; Win64; x64) AppleWebKit/537.36 (KHTML, like Gecko) Chrome/143.0.0.0 Safari/537.36"
162.158.183.23 - - [05/Jan/2026:05:35:39 +0000] "GET /wordpress/wp-admin/setup-config.php HTTP/2.0" 404 93 "-" "http://lead360.app/wordpress/wp-admin/setup-config.php"
172.71.172.156 - - [05/Jan/2026:05:48:38 +0000] "GET /wp-admin/setup-config.php HTTP/2.0" 404 93 "-" "https://lead360.app/wp-admin/setup-config.php"
172.71.184.172 - - [05/Jan/2026:05:50:51 +0000] "GET /wp-admin/setup-config.php HTTP/2.0" 404 93 "-" "http://lead360.app/wp-admin/setup-config.php"
172.71.184.172 - - [05/Jan/2026:05:50:55 +0000] "GET /wordpress/wp-admin/setup-config.php HTTP/2.0" 404 93 "-" "https://lead360.app/wordpress/wp-admin/setup-config.php"
172.71.184.172 - - [05/Jan/2026:05:51:31 +0000] "GET /wordpress/wp-admin/setup-config.php HTTP/2.0" 404 93 "-" "http://lead360.app/wordpress/wp-admin/setup-config.php"
172.71.184.172 - - [05/Jan/2026:06:03:58 +0000] "GET /wordpress/wp-admin/setup-config.php HTTP/2.0" 404 136 "-" "Mozilla/5.0 (Windows NT 10.0; Win64; x64) AppleWebKit/537.36 (KHTML, like Gecko) Chrome/143.0.0.0 Safari/537.36"
172.71.184.172 - - [05/Jan/2026:06:06:27 +0000] "GET /wp-admin/setup-config.php HTTP/2.0" 404 136 "-" "Mozilla/5.0 (Windows NT 10.0; Win64; x64) AppleWebKit/537.36 (KHTML, like Gecko) Chrome/143.0.0.0 Safari/537.36"
172.68.10.126 - - [05/Jan/2026:06:06:51 +0000] "GET /wordpress/wp-admin/setup-config.php HTTP/2.0" 404 93 "-" "https://lead360.app/wordpress/wp-admin/setup-config.php"
172.69.150.147 - - [05/Jan/2026:06:07:09 +0000] "GET /wp-admin/setup-config.php HTTP/2.0" 404 93 "-" "https://lead360.app/wp-admin/setup-config.php"
162.158.183.24 - - [05/Jan/2026:06:21:05 +0000] "GET /wordpress/wp-admin/setup-config.php HTTP/2.0" 404 136 "-" "Mozilla/5.0 (Windows NT 10.0; Win64; x64) AppleWebKit/537.36 (KHTML, like Gecko) Chrome/143.0.0.0 Safari/537.36"
104.23.221.190 - - [05/Jan/2026:06:21:10 +0000] "GET /wp-admin/setup-config.php HTTP/2.0" 404 136 "-" "Mozilla/5.0 (Windows NT 10.0; Win64; x64) AppleWebKit/537.36 (KHTML, like Gecko) Chrome/143.0.0.0 Safari/537.36"
104.23.221.191 - - [05/Jan/2026:06:21:23 +0000] "GET /wordpress/wp-admin/setup-config.php HTTP/2.0" 404 93 "-" "https://lead360.app/wordpress/wp-admin/setup-config.php"
104.23.223.86 - - [05/Jan/2026:06:22:12 +0000] "GET /wp-admin/setup-config.php HTTP/2.0" 404 136 "-" "Mozilla/5.0 (Windows NT 10.0; Win64; x64) AppleWebKit/537.36 (KHTML, like Gecko) Chrome/143.0.0.0 Safari/537.36"
178.16.52.192 - - [05/Jan/2026:06:26:56 +0000] "GET /wp-login.php HTTP/1.1" 404 153 "-" "Mozilla/5.0 (Windows NT 10.0; Win64; x64) AppleWebKit/537.36"
104.23.223.87 - - [05/Jan/2026:06:35:04 +0000] "GET /wp-admin/setup-config.php HTTP/2.0" 404 136 "-" "Mozilla/5.0 (Windows NT 10.0; Win64; x64) AppleWebKit/537.36 (KHTML, like Gecko) Chrome/143.0.0.0 Safari/537.36"
104.23.221.191 - - [05/Jan/2026:06:54:39 +0000] "GET /wp-admin/setup-config.php HTTP/2.0" 404 93 "-" "http://lead360.app/wp-admin/setup-config.php"
104.23.221.190 - - [05/Jan/2026:06:54:49 +0000] "GET /wordpress/wp-admin/setup-config.php HTTP/2.0" 404 93 "-" "http://lead360.app/wordpress/wp-admin/setup-config.php"
104.23.223.87 - - [05/Jan/2026:06:55:43 +0000] "GET /wp-admin/setup-config.php HTTP/2.0" 404 93 "-" "https://lead360.app/wp-admin/setup-config.php"
104.23.223.86 - - [05/Jan/2026:06:56:20 +0000] "GET /wordpress/wp-admin/setup-config.php HTTP/2.0" 404 136 "-" "Mozilla/5.0 (Windows NT 10.0; Win64; x64) AppleWebKit/537.36 (KHTML, like Gecko) Chrome/143.0.0.0 Safari/537.36"
104.23.221.190 - - [05/Jan/2026:07:11:06 +0000] "GET /wp-admin/setup-config.php HTTP/2.0" 404 93 "-" "http://lead360.app/wp-admin/setup-config.php"
162.158.183.24 - - [05/Jan/2026:07:12:04 +0000] "GET /wordpress/wp-admin/setup-config.php HTTP/2.0" 404 136 "-" "Mozilla/5.0 (Windows NT 10.0; Win64; x64) AppleWebKit/537.36 (KHTML, like Gecko) Chrome/143.0.0.0 Safari/537.36"
162.158.183.23 - - [05/Jan/2026:07:12:42 +0000] "GET /wordpress/wp-admin/setup-config.php HTTP/2.0" 404 93 "-" "https://lead360.app/wordpress/wp-admin/setup-config.php"
104.23.221.190 - - [05/Jan/2026:07:13:05 +0000] "GET /wp-admin/setup-config.php HTTP/2.0" 404 93 "-" "https://lead360.app/wp-admin/setup-config.php"
172.68.10.126 - - [05/Jan/2026:07:23:59 +0000] "GET /wordpress/wp-admin/setup-config.php HTTP/2.0" 404 93 "-" "http://lead360.app/wordpress/wp-admin/setup-config.php"
104.23.221.191 - - [05/Jan/2026:07:25:57 +0000] "GET /wp-admin/setup-config.php HTTP/2.0" 404 93 "-" "https://lead360.app/wp-admin/setup-config.php"
172.71.184.172 - - [05/Jan/2026:07:27:43 +0000] "GET /wp-admin/setup-config.php HTTP/2.0" 404 93 "-" "http://lead360.app/wp-admin/setup-config.php"
172.68.10.127 - - [05/Jan/2026:07:27:52 +0000] "GET /wordpress/wp-admin/setup-config.php HTTP/2.0" 404 93 "-" "https://lead360.app/wordpress/wp-admin/setup-config.php"
162.158.183.24 - - [05/Jan/2026:07:41:18 +0000] "GET /wordpress/wp-admin/setup-config.php HTTP/2.0" 404 93 "-" "http://lead360.app/wordpress/wp-admin/setup-config.php"
162.158.183.24 - - [05/Jan/2026:07:43:07 +0000] "GET /wp-admin/setup-config.php HTTP/2.0" 404 93 "-" "https://lead360.app/wp-admin/setup-config.php"
104.23.217.136 - - [05/Jan/2026:07:43:40 +0000] "GET /wp-admin/setup-config.php HTTP/2.0" 404 93 "-" "http://lead360.app/wp-admin/setup-config.php"
104.23.221.190 - - [05/Jan/2026:07:44:08 +0000] "GET /wordpress/wp-admin/setup-config.php HTTP/2.0" 404 93 "-" "https://lead360.app/wordpress/wp-admin/setup-config.php"
172.68.10.5 - - [05/Jan/2026:07:56:37 +0000] "GET /wordpress/wp-admin/setup-config.php HTTP/2.0" 404 93 "-" "https://lead360.app/wordpress/wp-admin/setup-config.php"
104.23.239.75 - - [05/Jan/2026:07:58:32 +0000] "GET /wordpress/wp-admin/setup-config.php HTTP/2.0" 404 93 "-" "http://lead360.app/wordpress/wp-admin/setup-config.php"
172.71.184.172 - - [05/Jan/2026:07:59:42 +0000] "GET /wp-admin/setup-config.php HTTP/2.0" 404 93 "-" "http://lead360.app/wp-admin/setup-config.php"
162.158.87.2 - - [05/Jan/2026:08:00:00 +0000] "GET /wp-admin/setup-config.php HTTP/2.0" 404 93 "-" "https://lead360.app/wp-admin/setup-config.php"
104.23.221.190 - - [05/Jan/2026:08:15:34 +0000] "GET /wp-admin/setup-config.php HTTP/2.0" 404 93 "-" "https://lead360.app/wp-admin/setup-config.php"
104.23.223.86 - - [05/Jan/2026:08:15:40 +0000] "GET /wordpress/wp-admin/setup-config.php HTTP/2.0" 404 136 "-" "Mozilla/5.0 (Windows NT 10.0; Win64; x64) AppleWebKit/537.36 (KHTML, like Gecko) Chrome/143.0.0.0 Safari/537.36"
172.71.246.125 - - [05/Jan/2026:08:16:22 +0000] "GET /wp-admin/setup-config.php HTTP/2.0" 404 93 "-" "http://lead360.app/wp-admin/setup-config.php"
172.68.10.126 - - [05/Jan/2026:08:18:26 +0000] "GET /wordpress/wp-admin/setup-config.php HTTP/2.0" 404 93 "-" "http://lead360.app/wordpress/wp-admin/setup-config.php"
104.23.223.86 - - [05/Jan/2026:08:32:57 +0000] "GET /wordpress/wp-admin/setup-config.php HTTP/2.0" 404 93 "-" "http://lead360.app/wordpress/wp-admin/setup-config.php"
172.71.184.172 - - [05/Jan/2026:08:33:06 +0000] "GET /wp-admin/setup-config.php HTTP/2.0" 404 93 "-" "https://lead360.app/wp-admin/setup-config.php"
104.23.223.86 - - [05/Jan/2026:08:33:54 +0000] "GET /wordpress/wp-admin/setup-config.php HTTP/2.0" 404 93 "-" "https://lead360.app/wordpress/wp-admin/setup-config.php"
172.68.10.126 - - [05/Jan/2026:08:36:31 +0000] "GET /wp-admin/setup-config.php HTTP/2.0" 404 93 "-" "http://lead360.app/wp-admin/setup-config.php"
34.207.56.28 - - [05/Jan/2026:08:47:00 +0000] "GET / HTTP/1.1" 200 177 "-" "Mozilla/5.0 (X11; Linux x86_64) AppleWebKit/537.36 (KHTML, like Gecko) Chrome/58.0.3029.110 Safari/537.36"
104.23.221.191 - - [05/Jan/2026:08:49:19 +0000] "GET /wp-admin/setup-config.php HTTP/2.0" 404 93 "-" "https://lead360.app/wp-admin/setup-config.php"
162.158.183.24 - - [05/Jan/2026:08:50:39 +0000] "GET /wordpress/wp-admin/setup-config.php HTTP/2.0" 404 93 "-" "https://lead360.app/wordpress/wp-admin/setup-config.php"
162.158.183.24 - - [05/Jan/2026:08:50:54 +0000] "GET /wp-admin/setup-config.php HTTP/2.0" 404 93 "-" "http://lead360.app/wp-admin/setup-config.php"
104.23.223.86 - - [05/Jan/2026:08:51:39 +0000] "GET /wordpress/wp-admin/setup-config.php HTTP/2.0" 404 93 "-" "http://lead360.app/wordpress/wp-admin/setup-config.php"
104.23.221.191 - - [05/Jan/2026:09:05:19 +0000] "GET /wp-admin/setup-config.php HTTP/2.0" 404 93 "-" "https://lead360.app/wp-admin/setup-config.php"
104.23.221.191 - - [05/Jan/2026:09:07:51 +0000] "GET /wordpress/wp-admin/setup-config.php HTTP/2.0" 404 93 "-" "https://lead360.app/wordpress/wp-admin/setup-config.php"
104.23.223.86 - - [05/Jan/2026:09:08:01 +0000] "GET /wp-admin/setup-config.php HTTP/2.0" 404 93 "-" "http://lead360.app/wp-admin/setup-config.php"
172.71.184.173 - - [05/Jan/2026:09:08:01 +0000] "GET /wordpress/wp-admin/setup-config.php HTTP/2.0" 404 93 "-" "http://lead360.app/wordpress/wp-admin/setup-config.php"
104.23.221.191 - - [05/Jan/2026:09:22:05 +0000] "GET /wp-admin/setup-config.php HTTP/2.0" 404 93 "-" "https://lead360.app/wp-admin/setup-config.php"
104.23.217.137 - - [05/Jan/2026:09:23:20 +0000] "GET /wp-admin/setup-config.php HTTP/2.0" 404 136 "-" "Mozilla/5.0 (Windows NT 10.0; Win64; x64) AppleWebKit/537.36 (KHTML, like Gecko) Chrome/143.0.0.0 Safari/537.36"
162.158.183.23 - - [05/Jan/2026:09:23:35 +0000] "GET /wordpress/wp-admin/setup-config.php HTTP/2.0" 404 136 "-" "Mozilla/5.0 (Windows NT 10.0; Win64; x64) AppleWebKit/537.36 (KHTML, like Gecko) Chrome/143.0.0.0 Safari/537.36"
162.158.183.24 - - [05/Jan/2026:09:24:09 +0000] "GET /wordpress/wp-admin/setup-config.php HTTP/2.0" 404 136 "-" "Mozilla/5.0 (Windows NT 10.0; Win64; x64) AppleWebKit/537.36 (KHTML, like Gecko) Chrome/143.0.0.0 Safari/537.36"
111.243.70.145 - - [05/Jan/2026:09:26:26 +0000] "GET / HTTP/1.1" 200 177 "-" "python-requests/2.32.5"
172.71.144.65 - - [05/Jan/2026:09:34:34 +0000] "GET /wp-admin/setup-config.php HTTP/2.0" 404 93 "-" "http://lead360.app/wp-admin/setup-config.php"
172.70.247.116 - - [05/Jan/2026:09:35:08 +0000] "GET /wp-admin/setup-config.php HTTP/2.0" 404 93 "-" "https://lead360.app/wp-admin/setup-config.php"
172.71.164.202 - - [05/Jan/2026:09:37:07 +0000] "GET /wordpress/wp-admin/setup-config.php HTTP/2.0" 404 136 "-" "Mozilla/5.0 (Windows NT 10.0; Win64; x64) AppleWebKit/537.36 (KHTML, like Gecko) Chrome/143.0.0.0 Safari/537.36"
104.23.221.190 - - [05/Jan/2026:09:38:43 +0000] "GET /wordpress/wp-admin/setup-config.php HTTP/2.0" 404 136 "-" "Mozilla/5.0 (Windows NT 10.0; Win64; x64) AppleWebKit/537.36 (KHTML, like Gecko) Chrome/143.0.0.0 Safari/537.36"
104.23.223.87 - - [05/Jan/2026:09:52:09 +0000] "GET /wordpress/wp-admin/setup-config.php HTTP/2.0" 404 136 "-" "Mozilla/5.0 (Windows NT 10.0; Win64; x64) AppleWebKit/537.36 (KHTML, like Gecko) Chrome/143.0.0.0 Safari/537.36"
181.41.206.135 - - [05/Jan/2026:09:53:00 +0000] "GET / HTTP/1.1" 200 177 "-" "Mozilla/5.0 (Windows NT 10.0; Win64; x64) AppleWebKit/537.36 (KHTML, like Gecko) Chrome/84.0.4147.89 Safari/537.36"
172.70.250.175 - - [05/Jan/2026:09:54:45 +0000] "GET /wp-admin/setup-config.php HTTP/2.0" 404 93 "-" "https://lead360.app/wp-admin/setup-config.php"
104.23.223.87 - - [05/Jan/2026:09:55:52 +0000] "GET /wordpress/wp-admin/setup-config.php HTTP/2.0" 404 93 "-" "http://lead360.app/wordpress/wp-admin/setup-config.php"
117.33.163.216 - - [05/Jan/2026:09:55:56 +0000] "GET / HTTP/1.1" 200 177 "http://lead360.app" "Mozilla/5.0 (iPhone; CPU iPhone OS 13_2_3 like Mac OS X) AppleWebKit/605.1.15 (KHTML, like Gecko) Version/13.0.3 Mobile/15E148 Safari/604.1"
104.23.221.191 - - [05/Jan/2026:09:56:05 +0000] "GET /wp-admin/setup-config.php HTTP/2.0" 404 136 "-" "Mozilla/5.0 (Windows NT 10.0; Win64; x64) AppleWebKit/537.36 (KHTML, like Gecko) Chrome/143.0.0.0 Safari/537.36"
43.153.47.201 - - [05/Jan/2026:10:05:01 +0000] "GET / HTTP/1.1" 200 177 "http://lead360.app" "Mozilla/5.0 (iPhone; CPU iPhone OS 13_2_3 like Mac OS X) AppleWebKit/605.1.15 (KHTML, like Gecko) Version/13.0.3 Mobile/15E148 Safari/604.1"
104.23.217.137 - - [05/Jan/2026:10:09:32 +0000] "GET /wordpress/wp-admin/setup-config.php HTTP/2.0" 404 93 "-" "http://lead360.app/wordpress/wp-admin/setup-config.php"
104.23.223.87 - - [05/Jan/2026:10:09:51 +0000] "GET /wordpress/wp-admin/setup-config.php HTTP/2.0" 404 93 "-" "https://lead360.app/wordpress/wp-admin/setup-config.php"
104.23.221.190 - - [05/Jan/2026:10:11:04 +0000] "GET /wp-admin/setup-config.php HTTP/2.0" 404 136 "-" "Mozilla/5.0 (Windows NT 10.0; Win64; x64) AppleWebKit/537.36 (KHTML, like Gecko) Chrome/143.0.0.0 Safari/537.36"
104.23.223.87 - - [05/Jan/2026:10:11:32 +0000] "GET /wp-admin/setup-config.php HTTP/2.0" 404 93 "-" "http://lead360.app/wp-admin/setup-config.php"
162.158.183.23 - - [05/Jan/2026:10:23:37 +0000] "GET /wordpress/wp-admin/setup-config.php HTTP/2.0" 404 93 "-" "http://lead360.app/wordpress/wp-admin/setup-config.php"
104.23.217.136 - - [05/Jan/2026:10:24:05 +0000] "GET /wp-admin/setup-config.php HTTP/2.0" 404 93 "-" "https://lead360.app/wp-admin/setup-config.php"
104.23.221.190 - - [05/Jan/2026:10:24:15 +0000] "GET /wordpress/wp-admin/setup-config.php HTTP/2.0" 404 93 "-" "https://lead360.app/wordpress/wp-admin/setup-config.php"
104.23.223.87 - - [05/Jan/2026:10:26:39 +0000] "GET /wp-admin/setup-config.php HTTP/2.0" 404 93 "-" "http://lead360.app/wp-admin/setup-config.php"
104.23.223.86 - - [05/Jan/2026:10:39:27 +0000] "GET /wordpress/wp-admin/setup-config.php HTTP/2.0" 404 93 "-" "http://lead360.app/wordpress/wp-admin/setup-config.php"
162.158.94.186 - - [05/Jan/2026:10:40:31 +0000] "GET /wordpress/wp-admin/setup-config.php HTTP/2.0" 404 93 "-" "https://lead360.app/wordpress/wp-admin/setup-config.php"
172.71.246.125 - - [05/Jan/2026:10:41:30 +0000] "GET /wp-admin/setup-config.php HTTP/2.0" 404 136 "-" "Mozilla/5.0 (Windows NT 10.0; Win64; x64) AppleWebKit/537.36 (KHTML, like Gecko) Chrome/143.0.0.0 Safari/537.36"
104.23.221.190 - - [05/Jan/2026:10:41:39 +0000] "GET /wp-admin/setup-config.php HTTP/2.0" 404 136 "-" "Mozilla/5.0 (Windows NT 10.0; Win64; x64) AppleWebKit/537.36 (KHTML, like Gecko) Chrome/143.0.0.0 Safari/537.36"
162.158.183.23 - - [05/Jan/2026:11:11:00 +0000] "GET /wordpress/wp-admin/setup-config.php HTTP/2.0" 404 93 "-" "https://lead360.app/wordpress/wp-admin/setup-config.php"
104.23.221.190 - - [05/Jan/2026:11:11:34 +0000] "GET /wp-admin/setup-config.php HTTP/2.0" 404 93 "-" "http://lead360.app/wp-admin/setup-config.php"
104.23.217.137 - - [05/Jan/2026:11:12:48 +0000] "GET /wordpress/wp-admin/setup-config.php HTTP/2.0" 404 93 "-" "http://lead360.app/wordpress/wp-admin/setup-config.php"
162.158.183.23 - - [05/Jan/2026:11:13:12 +0000] "GET /wp-admin/setup-config.php HTTP/2.0" 404 93 "-" "https://lead360.app/wp-admin/setup-config.php"
104.23.223.87 - - [05/Jan/2026:11:28:01 +0000] "GET /wp-admin/setup-config.php HTTP/2.0" 404 93 "-" "https://lead360.app/wp-admin/setup-config.php"
104.23.223.87 - - [05/Jan/2026:11:28:01 +0000] "GET /wordpress/wp-admin/setup-config.php HTTP/2.0" 404 93 "-" "http://lead360.app/wordpress/wp-admin/setup-config.php"
172.70.247.188 - - [05/Jan/2026:11:31:12 +0000] "GET /wordpress/wp-admin/setup-config.php HTTP/2.0" 404 93 "-" "https://lead360.app/wordpress/wp-admin/setup-config.php"
104.23.223.87 - - [05/Jan/2026:11:31:31 +0000] "GET /wp-admin/setup-config.php HTTP/2.0" 404 136 "-" "Mozilla/5.0 (Windows NT 10.0; Win64; x64) AppleWebKit/537.36 (KHTML, like Gecko) Chrome/143.0.0.0 Safari/537.36"
104.23.223.86 - - [05/Jan/2026:11:33:28 +0000] "GET /wp-admin/setup-config.php HTTP/2.0" 404 93 "-" "https://lead360.app/wp-admin/setup-config.php"
94.247.172.129 - - [05/Jan/2026:11:33:35 +0000] "GET / HTTP/1.1" 200 177 "-" "Mozilla/5.0 (Macintosh; Intel Mac OS X 10_9_2)"
104.23.223.86 - - [05/Jan/2026:11:33:56 +0000] "GET /wp-admin/setup-config.php HTTP/2.0" 404 136 "-" "Mozilla/5.0 (Windows NT 10.0; Win64; x64) AppleWebKit/537.36 (KHTML, like Gecko) Chrome/143.0.0.0 Safari/537.36"
162.158.87.130 - - [05/Jan/2026:11:36:08 +0000] "GET /wordpress/wp-admin/setup-config.php HTTP/2.0" 404 93 "-" "http://lead360.app/wordpress/wp-admin/setup-config.php"
104.23.223.86 - - [05/Jan/2026:11:36:18 +0000] "GET /wordpress/wp-admin/setup-config.php HTTP/2.0" 404 136 "-" "Mozilla/5.0 (Windows NT 10.0; Win64; x64) AppleWebKit/537.36 (KHTML, like Gecko) Chrome/143.0.0.0 Safari/537.36"
104.23.223.86 - - [05/Jan/2026:11:50:46 +0000] "GET /wp-admin/setup-config.php HTTP/2.0" 404 93 "-" "http://lead360.app/wp-admin/setup-config.php"
104.23.221.190 - - [05/Jan/2026:11:51:24 +0000] "GET /wordpress/wp-admin/setup-config.php HTTP/2.0" 404 93 "-" "https://lead360.app/wordpress/wp-admin/setup-config.php"
104.23.223.86 - - [05/Jan/2026:11:51:39 +0000] "GET /wp-admin/setup-config.php HTTP/2.0" 404 93 "-" "https://lead360.app/wp-admin/setup-config.php"
104.23.221.191 - - [05/Jan/2026:11:53:46 +0000] "GET /wordpress/wp-admin/setup-config.php HTTP/2.0" 404 136 "-" "Mozilla/5.0 (Windows NT 10.0; Win64; x64) AppleWebKit/537.36 (KHTML, like Gecko) Chrome/143.0.0.0 Safari/537.36"
104.23.223.86 - - [05/Jan/2026:12:07:05 +0000] "GET /wp-admin/setup-config.php HTTP/2.0" 404 93 "-" "https://lead360.app/wp-admin/setup-config.php"
104.23.221.190 - - [05/Jan/2026:12:08:52 +0000] "GET /wp-admin/setup-config.php HTTP/2.0" 404 93 "-" "http://lead360.app/wp-admin/setup-config.php"
162.158.183.23 - - [05/Jan/2026:12:10:46 +0000] "GET /wordpress/wp-admin/setup-config.php HTTP/2.0" 404 136 "-" "Mozilla/5.0 (Windows NT 10.0; Win64; x64) AppleWebKit/537.36 (KHTML, like Gecko) Chrome/143.0.0.0 Safari/537.36"
104.23.223.87 - - [05/Jan/2026:12:10:56 +0000] "GET /wordpress/wp-admin/setup-config.php HTTP/2.0" 404 136 "-" "Mozilla/5.0 (Windows NT 10.0; Win64; x64) AppleWebKit/537.36 (KHTML, like Gecko) Chrome/143.0.0.0 Safari/537.36"
104.23.223.86 - - [05/Jan/2026:12:25:07 +0000] "GET /wordpress/wp-admin/setup-config.php HTTP/2.0" 404 93 "-" "https://lead360.app/wordpress/wp-admin/setup-config.php"
104.23.221.191 - - [05/Jan/2026:12:25:47 +0000] "GET /wp-admin/setup-config.php HTTP/2.0" 404 93 "-" "http://lead360.app/wp-admin/setup-config.php"
104.23.221.191 - - [05/Jan/2026:12:26:01 +0000] "GET /wordpress/wp-admin/setup-config.php HTTP/2.0" 404 136 "-" "Mozilla/5.0 (Windows NT 10.0; Win64; x64) AppleWebKit/537.36 (KHTML, like Gecko) Chrome/143.0.0.0 Safari/537.36"
104.23.223.86 - - [05/Jan/2026:12:27:26 +0000] "GET /wp-admin/setup-config.php HTTP/2.0" 404 136 "-" "Mozilla/5.0 (Windows NT 10.0; Win64; x64) AppleWebKit/537.36 (KHTML, like Gecko) Chrome/143.0.0.0 Safari/537.36"
51.68.111.214 - - [05/Jan/2026:12:38:47 +0000] "GET /robots.txt HTTP/1.1" 404 104 "-" "Mozilla/5.0 (compatible; MJ12bot/v2.0.4; http://mj12bot.com/)"
51.68.111.214 - - [05/Jan/2026:12:38:47 +0000] "GET / HTTP/1.1" 200 126 "-" "Mozilla/5.0 (compatible; MJ12bot/v2.0.4; http://mj12bot.com/)"
104.23.221.190 - - [05/Jan/2026:12:42:54 +0000] "GET /wp-admin/setup-config.php HTTP/2.0" 404 93 "-" "https://lead360.app/wp-admin/setup-config.php"
172.71.172.156 - - [05/Jan/2026:12:42:59 +0000] "GET /wordpress/wp-admin/setup-config.php HTTP/2.0" 404 136 "-" "Mozilla/5.0 (Windows NT 10.0; Win64; x64) AppleWebKit/537.36 (KHTML, like Gecko) Chrome/143.0.0.0 Safari/537.36"
104.23.223.87 - - [05/Jan/2026:12:43:24 +0000] "GET /wordpress/wp-admin/setup-config.php HTTP/2.0" 404 93 "-" "https://lead360.app/wordpress/wp-admin/setup-config.php"
162.158.86.254 - - [05/Jan/2026:12:43:44 +0000] "GET /wp-admin/setup-config.php HTTP/2.0" 404 93 "-" "http://lead360.app/wp-admin/setup-config.php"
104.232.199.241 - - [05/Jan/2026:12:49:53 +0000] "GET / HTTP/2.0" 200 115 "-" "Mozilla/5.0 (iPhone; CPU iPhone OS 18_5 like Mac OS X) AppleWebKit/605.1.15 (KHTML, like Gecko) CriOS/138.0.7204.156 Mobile/15E148 Safari/604.1"
104.23.221.190 - - [05/Jan/2026:12:58:51 +0000] "GET /wp-admin/setup-config.php HTTP/2.0" 404 136 "-" "Mozilla/5.0 (Windows NT 10.0; Win64; x64) AppleWebKit/537.36 (KHTML, like Gecko) Chrome/143.0.0.0 Safari/537.36"
104.23.223.87 - - [05/Jan/2026:12:59:33 +0000] "GET /wordpress/wp-admin/setup-config.php HTTP/2.0" 404 136 "-" "Mozilla/5.0 (Windows NT 10.0; Win64; x64) AppleWebKit/537.36 (KHTML, like Gecko) Chrome/143.0.0.0 Safari/537.36"
172.71.164.202 - - [05/Jan/2026:12:59:46 +0000] "GET /wordpress/wp-admin/setup-config.php HTTP/2.0" 404 93 "-" "https://lead360.app/wordpress/wp-admin/setup-config.php"
172.70.240.49 - - [05/Jan/2026:13:00:20 +0000] "GET /wp-admin/setup-config.php HTTP/2.0" 404 136 "-" "Mozilla/5.0 (Windows NT 10.0; Win64; x64) AppleWebKit/537.36 (KHTML, like Gecko) Chrome/143.0.0.0 Safari/537.36"
91.192.215.7 - - [05/Jan/2026:13:05:38 +0000] "GET / HTTP/2.0" 200 115 "-" "Mozilla/5.0 (iPhone; CPU iPhone OS 18_5 like Mac OS X) AppleWebKit/605.1.15 (KHTML, like Gecko) CriOS/138.0.7204.156 Mobile/15E148 Safari/604.1"
104.23.223.86 - - [05/Jan/2026:13:14:50 +0000] "GET /wordpress/wp-admin/setup-config.php HTTP/2.0" 404 93 "-" "https://lead360.app/wordpress/wp-admin/setup-config.php"
104.23.223.86 - - [05/Jan/2026:13:15:06 +0000] "GET /wp-admin/setup-config.php HTTP/2.0" 404 93 "-" "https://lead360.app/wp-admin/setup-config.php"
104.23.221.190 - - [05/Jan/2026:13:16:50 +0000] "GET /wordpress/wp-admin/setup-config.php HTTP/2.0" 404 93 "-" "http://lead360.app/wordpress/wp-admin/setup-config.php"
104.23.223.87 - - [05/Jan/2026:13:16:55 +0000] "GET /wp-admin/setup-config.php HTTP/2.0" 404 136 "-" "Mozilla/5.0 (Windows NT 10.0; Win64; x64) AppleWebKit/537.36 (KHTML, like Gecko) Chrome/143.0.0.0 Safari/537.36"
172.71.144.140 - - [05/Jan/2026:13:18:49 +0000] "GET /wp-admin/setup-config.php HTTP/2.0" 404 93 "-" "https://lead360.app/wp-admin/setup-config.php"
91.202.5.142 - - [05/Jan/2026:13:26:30 +0000] "GET /.git/config HTTP/2.0" 403 153 "-" "curl/7.81.0"
104.23.223.87 - - [05/Jan/2026:13:29:23 +0000] "GET /wp-admin/setup-config.php HTTP/2.0" 404 93 "-" "http://lead360.app/wp-admin/setup-config.php"
104.23.223.87 - - [05/Jan/2026:13:29:52 +0000] "GET /wordpress/wp-admin/setup-config.php HTTP/2.0" 404 93 "-" "http://lead360.app/wordpress/wp-admin/setup-config.php"
104.23.221.190 - - [05/Jan/2026:13:31:26 +0000] "GET /wordpress/wp-admin/setup-config.php HTTP/2.0" 404 93 "-" "https://lead360.app/wordpress/wp-admin/setup-config.php"
104.23.223.86 - - [05/Jan/2026:13:33:16 +0000] "GET /wp-admin/setup-config.php HTTP/2.0" 404 93 "-" "https://lead360.app/wp-admin/setup-config.php"
104.23.223.86 - - [05/Jan/2026:13:46:26 +0000] "GET /wordpress/wp-admin/setup-config.php HTTP/2.0" 404 93 "-" "http://lead360.app/wordpress/wp-admin/setup-config.php"
104.23.223.87 - - [05/Jan/2026:13:48:48 +0000] "GET /wp-admin/setup-config.php HTTP/2.0" 404 93 "-" "http://lead360.app/wp-admin/setup-config.php"
104.23.223.87 - - [05/Jan/2026:13:48:52 +0000] "GET /wordpress/wp-admin/setup-config.php HTTP/2.0" 404 93 "-" "https://lead360.app/wordpress/wp-admin/setup-config.php"
104.23.221.190 - - [05/Jan/2026:13:49:43 +0000] "GET /wp-admin/setup-config.php HTTP/2.0" 404 136 "-" "Mozilla/5.0 (Windows NT 10.0; Win64; x64) AppleWebKit/537.36 (KHTML, like Gecko) Chrome/143.0.0.0 Safari/537.36"
104.23.223.87 - - [05/Jan/2026:14:02:20 +0000] "GET /wordpress/wp-admin/setup-config.php HTTP/2.0" 404 136 "-" "Mozilla/5.0 (Windows NT 10.0; Win64; x64) AppleWebKit/537.36 (KHTML, like Gecko) Chrome/143.0.0.0 Safari/537.36"
104.23.223.87 - - [05/Jan/2026:14:02:30 +0000] "GET /wp-admin/setup-config.php HTTP/2.0" 404 136 "-" "Mozilla/5.0 (Windows NT 10.0; Win64; x64) AppleWebKit/537.36 (KHTML, like Gecko) Chrome/143.0.0.0 Safari/537.36"
104.23.223.86 - - [05/Jan/2026:14:05:29 +0000] "GET /wordpress/wp-admin/setup-config.php HTTP/2.0" 404 136 "-" "Mozilla/5.0 (Windows NT 10.0; Win64; x64) AppleWebKit/537.36 (KHTML, like Gecko) Chrome/143.0.0.0 Safari/537.36"
104.23.223.87 - - [05/Jan/2026:14:06:14 +0000] "GET /wp-admin/setup-config.php HTTP/2.0" 404 93 "-" "https://lead360.app/wp-admin/setup-config.php"
104.23.217.136 - - [05/Jan/2026:14:20:06 +0000] "GET /wp-admin/setup-config.php HTTP/2.0" 404 93 "-" "http://lead360.app/wp-admin/setup-config.php"
162.158.183.24 - - [05/Jan/2026:14:21:55 +0000] "GET /wordpress/wp-admin/setup-config.php HTTP/2.0" 404 93 "-" "https://lead360.app/wordpress/wp-admin/setup-config.php"
104.23.217.136 - - [05/Jan/2026:14:21:55 +0000] "GET /wordpress/wp-admin/setup-config.php HTTP/2.0" 404 93 "-" "http://lead360.app/wordpress/wp-admin/setup-config.php"
104.23.221.190 - - [05/Jan/2026:14:22:19 +0000] "GET /wp-admin/setup-config.php HTTP/2.0" 404 136 "-" "Mozilla/5.0 (Windows NT 10.0; Win64; x64) AppleWebKit/537.36 (KHTML, like Gecko) Chrome/143.0.0.0 Safari/537.36"
104.23.223.87 - - [05/Jan/2026:14:37:24 +0000] "GET /wp-admin/setup-config.php HTTP/2.0" 404 93 "-" "https://lead360.app/wp-admin/setup-config.php"
104.23.221.191 - - [05/Jan/2026:14:38:23 +0000] "GET /wordpress/wp-admin/setup-config.php HTTP/2.0" 404 136 "-" "Mozilla/5.0 (Windows NT 10.0; Win64; x64) AppleWebKit/537.36 (KHTML, like Gecko) Chrome/143.0.0.0 Safari/537.36"
104.23.223.86 - - [05/Jan/2026:14:39:26 +0000] "GET /wordpress/wp-admin/setup-config.php HTTP/2.0" 404 93 "-" "http://lead360.app/wordpress/wp-admin/setup-config.php"
104.23.223.87 - - [05/Jan/2026:14:40:48 +0000] "GET /wp-admin/setup-config.php HTTP/2.0" 404 93 "-" "http://lead360.app/wp-admin/setup-config.php"
104.23.223.86 - - [05/Jan/2026:14:53:25 +0000] "GET /wordpress/wp-admin/setup-config.php HTTP/2.0" 404 93 "-" "https://lead360.app/wordpress/wp-admin/setup-config.php"
104.23.223.87 - - [05/Jan/2026:14:55:10 +0000] "GET /wp-admin/setup-config.php HTTP/2.0" 404 136 "-" "Mozilla/5.0 (Windows NT 10.0; Win64; x64) AppleWebKit/537.36 (KHTML, like Gecko) Chrome/143.0.0.0 Safari/537.36"
104.23.223.87 - - [05/Jan/2026:14:57:21 +0000] "GET /wordpress/wp-admin/setup-config.php HTTP/2.0" 404 93 "-" "http://lead360.app/wordpress/wp-admin/setup-config.php"
104.23.221.191 - - [05/Jan/2026:14:57:26 +0000] "GET /wp-admin/setup-config.php HTTP/2.0" 404 93 "-" "http://lead360.app/wp-admin/setup-config.php"
43.130.139.136 - - [05/Jan/2026:15:03:00 +0000] "GET / HTTP/1.1" 200 177 "http://www.lead360.app" "Mozilla/5.0 (iPhone; CPU iPhone OS 13_2_3 like Mac OS X) AppleWebKit/605.1.15 (KHTML, like Gecko) Version/13.0.3 Mobile/15E148 Safari/604.1"
104.23.223.86 - - [05/Jan/2026:15:12:29 +0000] "GET /wp-admin/setup-config.php HTTP/2.0" 404 93 "-" "https://lead360.app/wp-admin/setup-config.php"
104.23.221.162 - - [05/Jan/2026:15:14:36 +0000] "GET /wordpress/wp-admin/setup-config.php HTTP/2.0" 404 93 "-" "https://lead360.app/wordpress/wp-admin/setup-config.php"
104.23.223.86 - - [05/Jan/2026:15:15:06 +0000] "GET /wordpress/wp-admin/setup-config.php HTTP/2.0" 404 136 "-" "Mozilla/5.0 (Windows NT 10.0; Win64; x64) AppleWebKit/537.36 (KHTML, like Gecko) Chrome/143.0.0.0 Safari/537.36"
104.23.223.87 - - [05/Jan/2026:15:15:51 +0000] "GET /wp-admin/setup-config.php HTTP/2.0" 404 136 "-" "Mozilla/5.0 (Windows NT 10.0; Win64; x64) AppleWebKit/537.36 (KHTML, like Gecko) Chrome/143.0.0.0 Safari/537.36"
95.177.163.4 - - [05/Jan/2026:15:27:32 +0000] "GET / HTTP/2.0" 200 115 "-" "Mozilla/5.0 (iPhone; CPU iPhone OS 10_3_1 like Mac OS X) AppleWebKit/603.1.30 (KHTML, like Gecko) Version/10.0 Mobile/14E304 Safari/602.1"
104.23.221.191 - - [05/Jan/2026:15:29:47 +0000] "GET /wp-admin/setup-config.php HTTP/2.0" 404 93 "-" "http://lead360.app/wp-admin/setup-config.php"
172.71.184.172 - - [05/Jan/2026:15:29:52 +0000] "GET /wp-admin/setup-config.php HTTP/2.0" 404 93 "-" "https://lead360.app/wp-admin/setup-config.php"
104.23.223.87 - - [05/Jan/2026:15:30:35 +0000] "GET /wordpress/wp-admin/setup-config.php HTTP/2.0" 404 93 "-" "https://lead360.app/wordpress/wp-admin/setup-config.php"
172.70.242.211 - - [05/Jan/2026:15:32:27 +0000] "GET /wordpress/wp-admin/setup-config.php HTTP/2.0" 404 93 "-" "http://lead360.app/wordpress/wp-admin/setup-config.php"
212.193.164.15 - - [05/Jan/2026:15:39:56 +0000] "GET / HTTP/1.1" 200 177 "-" "Mozilla/5.0 (Linux; Android 10; K) AppleWebKit/537.36 (KHTML, like Gecko) Chrome/122.0.0.0 Mobile Safari/537.36"
154.211.16.78 - - [05/Jan/2026:15:41:26 +0000] "GET / HTTP/1.1" 200 177 "-" "Mozilla/5.0 (Linux; Android 10; K) AppleWebKit/537.36 (KHTML, like Gecko) Chrome/122.0.0.0 Mobile Safari/537.36"
34.60.184.109 - - [05/Jan/2026:15:45:29 +0000] "GET / HTTP/2.0" 200 177 "http://lead360.app" "Mozilla/5.0 (compatible; CMS-Checker/1.0; +https://example.com)"
