34.86.134.213 - - [06/Jan/2026:23:51:55 +0000] "GET //blog/wp-includes/wlwmanifest.xml HTTP/1.1" 404 555 "-" "Mozilla/5.0 (Windows NT 10.0; Win64; x64) AppleWebKit/537.36 (KHTML, like Gecko) Chrome/78.0.3904.108 Safari/537.36"
34.86.134.213 - - [06/Jan/2026:23:51:55 +0000] "GET //web/wp-includes/wlwmanifest.xml HTTP/1.1" 404 555 "-" "Mozilla/5.0 (Windows NT 10.0; Win64; x64) AppleWebKit/537.36 (KHTML, like Gecko) Chrome/78.0.3904.108 Safari/537.36"
34.86.134.213 - - [06/Jan/2026:23:51:55 +0000] "GET //wordpress/wp-includes/wlwmanifest.xml HTTP/1.1" 404 555 "-" "Mozilla/5.0 (Windows NT 10.0; Win64; x64) AppleWebKit/537.36 (KHTML, like Gecko) Chrome/78.0.3904.108 Safari/537.36"
34.86.134.213 - - [06/Jan/2026:23:51:55 +0000] "GET //website/wp-includes/wlwmanifest.xml HTTP/1.1" 404 555 "-" "Mozilla/5.0 (Windows NT 10.0; Win64; x64) AppleWebKit/537.36 (KHTML, like Gecko) Chrome/78.0.3904.108 Safari/537.36"
34.86.134.213 - - [06/Jan/2026:23:51:55 +0000] "GET //wp/wp-includes/wlwmanifest.xml HTTP/1.1" 404 555 "-" "Mozilla/5.0 (Windows NT 10.0; Win64; x64) AppleWebKit/537.36 (KHTML, like Gecko) Chrome/78.0.3904.108 Safari/537.36"
34.86.134.213 - - [06/Jan/2026:23:51:55 +0000] "GET //news/wp-includes/wlwmanifest.xml HTTP/1.1" 404 555 "-" "Mozilla/5.0 (Windows NT 10.0; Win64; x64) AppleWebKit/537.36 (KHTML, like Gecko) Chrome/78.0.3904.108 Safari/537.36"
34.86.134.213 - - [06/Jan/2026:23:51:55 +0000] "GET //2018/wp-includes/wlwmanifest.xml HTTP/1.1" 404 555 "-" "Mozilla/5.0 (Windows NT 10.0; Win64; x64) AppleWebKit/537.36 (KHTML, like Gecko) Chrome/78.0.3904.108 Safari/537.36"
34.86.134.213 - - [06/Jan/2026:23:51:55 +0000] "GET //2019/wp-includes/wlwmanifest.xml HTTP/1.1" 404 555 "-" "Mozilla/5.0 (Windows NT 10.0; Win64; x64) AppleWebKit/537.36 (KHTML, like Gecko) Chrome/78.0.3904.108 Safari/537.36"
34.86.134.213 - - [06/Jan/2026:23:51:55 +0000] "GET //shop/wp-includes/wlwmanifest.xml HTTP/1.1" 404 555 "-" "Mozilla/5.0 (Windows NT 10.0; Win64; x64) AppleWebKit/537.36 (KHTML, like Gecko) Chrome/78.0.3904.108 Safari/537.36"
34.86.134.213 - - [06/Jan/2026:23:51:55 +0000] "GET //wp1/wp-includes/wlwmanifest.xml HTTP/1.1" 404 555 "-" "Mozilla/5.0 (Windows NT 10.0; Win64; x64) AppleWebKit/537.36 (KHTML, like Gecko) Chrome/78.0.3904.108 Safari/537.36"
34.86.134.213 - - [06/Jan/2026:23:51:55 +0000] "GET //test/wp-includes/wlwmanifest.xml HTTP/1.1" 404 555 "-" "Mozilla/5.0 (Windows NT 10.0; Win64; x64) AppleWebKit/537.36 (KHTML, like Gecko) Chrome/78.0.3904.108 Safari/537.36"
34.86.134.213 - - [06/Jan/2026:23:51:55 +0000] "GET //media/wp-includes/wlwmanifest.xml HTTP/1.1" 404 555 "-" "Mozilla/5.0 (Windows NT 10.0; Win64; x64) AppleWebKit/537.36 (KHTML, like Gecko) Chrome/78.0.3904.108 Safari/537.36"
34.86.134.213 - - [06/Jan/2026:23:51:55 +0000] "GET //wp2/wp-includes/wlwmanifest.xml HTTP/1.1" 404 555 "-" "Mozilla/5.0 (Windows NT 10.0; Win64; x64) AppleWebKit/537.36 (KHTML, like Gecko) Chrome/78.0.3904.108 Safari/537.36"
34.86.134.213 - - [06/Jan/2026:23:51:55 +0000] "GET //site/wp-includes/wlwmanifest.xml HTTP/1.1" 404 555 "-" "Mozilla/5.0 (Windows NT 10.0; Win64; x64) AppleWebKit/537.36 (KHTML, like Gecko) Chrome/78.0.3904.108 Safari/537.36"
34.86.134.213 - - [06/Jan/2026:23:51:55 +0000] "GET //cms/wp-includes/wlwmanifest.xml HTTP/1.1" 404 555 "-" "Mozilla/5.0 (Windows NT 10.0; Win64; x64) AppleWebKit/537.36 (KHTML, like Gecko) Chrome/78.0.3904.108 Safari/537.36"
34.86.134.213 - - [06/Jan/2026:23:51:55 +0000] "GET //sito/wp-includes/wlwmanifest.xml HTTP/1.1" 404 555 "-" "Mozilla/5.0 (Windows NT 10.0; Win64; x64) AppleWebKit/537.36 (KHTML, like Gecko) Chrome/78.0.3904.108 Safari/537.36"
34.86.134.213 - - [06/Jan/2026:23:51:55 +0000] "" 400 0 "-" "-"
172.68.10.126 - - [07/Jan/2026:00:04:42 +0000] "GET /wordpress/wp-admin/setup-config.php HTTP/2.0" 404 93 "-" "http://lead360.app/wordpress/wp-admin/setup-config.php"
172.71.184.173 - - [07/Jan/2026:00:05:59 +0000] "GET /wp-admin/setup-config.php HTTP/2.0" 404 93 "-" "http://lead360.app/wp-admin/setup-config.php"
172.70.250.175 - - [07/Jan/2026:00:06:31 +0000] "GET /wp-admin/setup-config.php HTTP/2.0" 404 136 "-" "Mozilla/5.0 (Windows NT 10.0; Win64; x64) AppleWebKit/537.36 (KHTML, like Gecko) Chrome/143.0.0.0 Safari/537.36"
172.71.184.173 - - [07/Jan/2026:00:06:58 +0000] "GET /wordpress/wp-admin/setup-config.php HTTP/2.0" 404 136 "-" "Mozilla/5.0 (Windows NT 10.0; Win64; x64) AppleWebKit/537.36 (KHTML, like Gecko) Chrome/143.0.0.0 Safari/537.36"
172.71.184.172 - - [07/Jan/2026:00:22:16 +0000] "GET /wordpress/wp-admin/setup-config.php HTTP/2.0" 404 93 "-" "https://lead360.app/wordpress/wp-admin/setup-config.php"
74.7.241.135 - - [07/Jan/2026:00:23:17 +0000] "GET /robots.txt HTTP/2.0" 404 136 "-" "Mozilla/5.0 (Macintosh; Intel Mac OS X 10_15_7) AppleWebKit/537.36 (KHTML, like Gecko) Chrome/131.0.0.0 Safari/537.36; compatible; OAI-SearchBot/1.3; robots.txt; +https://openai.com/searchbot"
172.68.10.126 - - [07/Jan/2026:00:23:31 +0000] "GET /wp-admin/setup-config.php HTTP/2.0" 404 93 "-" "https://lead360.app/wp-admin/setup-config.php"
172.68.10.126 - - [07/Jan/2026:00:24:13 +0000] "GET /wordpress/wp-admin/setup-config.php HTTP/2.0" 404 136 "-" "Mozilla/5.0 (Windows NT 10.0; Win64; x64) AppleWebKit/537.36 (KHTML, like Gecko) Chrome/143.0.0.0 Safari/537.36"
172.68.10.126 - - [07/Jan/2026:00:25:26 +0000] "GET /wp-admin/setup-config.php HTTP/2.0" 404 93 "-" "http://lead360.app/wp-admin/setup-config.php"
172.69.50.238 - - [07/Jan/2026:00:36:59 +0000] "GET /wordpress/wp-admin/setup-config.php HTTP/2.0" 404 93 "-" "http://lead360.app/wordpress/wp-admin/setup-config.php"
172.71.184.173 - - [07/Jan/2026:00:37:08 +0000] "GET /wp-admin/setup-config.php HTTP/2.0" 404 93 "-" "http://lead360.app/wp-admin/setup-config.php"
172.68.10.126 - - [07/Jan/2026:00:39:23 +0000] "GET /wordpress/wp-admin/setup-config.php HTTP/2.0" 404 93 "-" "https://lead360.app/wordpress/wp-admin/setup-config.php"
172.70.248.159 - - [07/Jan/2026:00:40:00 +0000] "GET /wp-admin/setup-config.php HTTP/2.0" 404 136 "-" "Mozilla/5.0 (Windows NT 10.0; Win64; x64) AppleWebKit/537.36 (KHTML, like Gecko) Chrome/143.0.0.0 Safari/537.36"
104.23.223.87 - - [07/Jan/2026:00:55:22 +0000] "GET /wordpress/wp-admin/setup-config.php HTTP/2.0" 404 93 "-" "https://lead360.app/wordpress/wp-admin/setup-config.php"
104.23.221.190 - - [07/Jan/2026:00:56:25 +0000] "GET /wp-admin/setup-config.php HTTP/2.0" 404 93 "-" "https://lead360.app/wp-admin/setup-config.php"
162.158.183.23 - - [07/Jan/2026:00:56:39 +0000] "GET /wp-admin/setup-config.php HTTP/2.0" 404 93 "-" "http://lead360.app/wp-admin/setup-config.php"
104.23.217.137 - - [07/Jan/2026:00:57:03 +0000] "GET /wordpress/wp-admin/setup-config.php HTTP/2.0" 404 93 "-" "http://lead360.app/wordpress/wp-admin/setup-config.php"
104.23.217.136 - - [07/Jan/2026:01:11:56 +0000] "GET /wordpress/wp-admin/setup-config.php HTTP/2.0" 404 136 "-" "Mozilla/5.0 (Windows NT 10.0; Win64; x64) AppleWebKit/537.36 (KHTML, like Gecko) Chrome/143.0.0.0 Safari/537.36"
104.23.223.86 - - [07/Jan/2026:01:12:21 +0000] "GET /wordpress/wp-admin/setup-config.php HTTP/2.0" 404 136 "-" "Mozilla/5.0 (Windows NT 10.0; Win64; x64) AppleWebKit/537.36 (KHTML, like Gecko) Chrome/143.0.0.0 Safari/537.36"
104.23.217.137 - - [07/Jan/2026:01:12:55 +0000] "GET /wp-admin/setup-config.php HTTP/2.0" 404 93 "-" "http://lead360.app/wp-admin/setup-config.php"
104.23.217.137 - - [07/Jan/2026:01:15:20 +0000] "GET /wp-admin/setup-config.php HTTP/2.0" 404 93 "-" "https://lead360.app/wp-admin/setup-config.php"
149.57.180.174 - - [07/Jan/2026:01:25:21 +0000] "GET / HTTP/1.1" 200 177 "-" "Mozilla/5.0 (X11; Linux i686; rv:109.0) Gecko/20100101 Firefox/120.0"
172.71.184.173 - - [07/Jan/2026:01:26:57 +0000] "GET /wp-admin/setup-config.php HTTP/2.0" 404 136 "-" "Mozilla/5.0 (Windows NT 10.0; Win64; x64) AppleWebKit/537.36 (KHTML, like Gecko) Chrome/143.0.0.0 Safari/537.36"
172.71.148.114 - - [07/Jan/2026:01:27:20 +0000] "GET /wordpress/wp-admin/setup-config.php HTTP/2.0" 404 93 "-" "https://lead360.app/wordpress/wp-admin/setup-config.php"
172.69.50.238 - - [07/Jan/2026:01:27:44 +0000] "GET /wordpress/wp-admin/setup-config.php HTTP/2.0" 404 93 "-" "http://lead360.app/wordpress/wp-admin/setup-config.php"
172.71.184.172 - - [07/Jan/2026:01:29:17 +0000] "GET /wp-admin/setup-config.php HTTP/2.0" 404 93 "-" "https://lead360.app/wp-admin/setup-config.php"
20.224.156.157 - - [07/Jan/2026:01:35:39 +0000] "GET /.env HTTP/1.1" 403 555 "-" "Mozilla/5.0 (Windows NT 10.0; Win64; x64) AppleWebKit/537.36 (KHTML, like Gecko) Chrome/120.0.0.0 Safari/537.36"
104.23.221.191 - - [07/Jan/2026:01:44:07 +0000] "GET /wp-admin/setup-config.php HTTP/2.0" 404 136 "-" "Mozilla/5.0 (Windows NT 10.0; Win64; x64) AppleWebKit/537.36 (KHTML, like Gecko) Chrome/143.0.0.0 Safari/537.36"
162.158.183.24 - - [07/Jan/2026:01:44:43 +0000] "GET /wp-admin/setup-config.php HTTP/2.0" 404 136 "-" "Mozilla/5.0 (Windows NT 10.0; Win64; x64) AppleWebKit/537.36 (KHTML, like Gecko) Chrome/143.0.0.0 Safari/537.36"
104.23.217.137 - - [07/Jan/2026:01:45:18 +0000] "GET /wordpress/wp-admin/setup-config.php HTTP/2.0" 404 136 "-" "Mozilla/5.0 (Windows NT 10.0; Win64; x64) AppleWebKit/537.36 (KHTML, like Gecko) Chrome/143.0.0.0 Safari/537.36"
104.23.221.190 - - [07/Jan/2026:01:45:55 +0000] "GET /wordpress/wp-admin/setup-config.php HTTP/2.0" 404 136 "-" "Mozilla/5.0 (Windows NT 10.0; Win64; x64) AppleWebKit/537.36 (KHTML, like Gecko) Chrome/143.0.0.0 Safari/537.36"
172.68.10.127 - - [07/Jan/2026:02:02:12 +0000] "GET /wp-admin/setup-config.php HTTP/2.0" 404 93 "-" "https://lead360.app/wp-admin/setup-config.php"
172.71.184.172 - - [07/Jan/2026:02:02:12 +0000] "GET /wp-admin/setup-config.php HTTP/2.0" 404 93 "-" "http://lead360.app/wp-admin/setup-config.php"
172.71.184.173 - - [07/Jan/2026:02:02:21 +0000] "GET /wordpress/wp-admin/setup-config.php HTTP/2.0" 404 93 "-" "http://lead360.app/wordpress/wp-admin/setup-config.php"
172.69.50.238 - - [07/Jan/2026:02:03:15 +0000] "GET /wordpress/wp-admin/setup-config.php HTTP/2.0" 404 93 "-" "https://lead360.app/wordpress/wp-admin/setup-config.php"
172.71.184.172 - - [07/Jan/2026:02:15:57 +0000] "GET /wp-admin/setup-config.php HTTP/2.0" 404 136 "-" "Mozilla/5.0 (Windows NT 10.0; Win64; x64) AppleWebKit/537.36 (KHTML, like Gecko) Chrome/143.0.0.0 Safari/537.36"
172.69.50.239 - - [07/Jan/2026:02:17:02 +0000] "GET /wordpress/wp-admin/setup-config.php HTTP/2.0" 404 93 "-" "https://lead360.app/wordpress/wp-admin/setup-config.php"
172.68.10.126 - - [07/Jan/2026:02:17:17 +0000] "GET /wp-admin/setup-config.php HTTP/2.0" 404 93 "-" "http://lead360.app/wp-admin/setup-config.php"
172.68.10.127 - - [07/Jan/2026:02:17:36 +0000] "GET /wordpress/wp-admin/setup-config.php HTTP/2.0" 404 93 "-" "http://lead360.app/wordpress/wp-admin/setup-config.php"
172.68.10.127 - - [07/Jan/2026:02:30:42 +0000] "GET /wp-admin/setup-config.php HTTP/2.0" 404 136 "-" "Mozilla/5.0 (Windows NT 10.0; Win64; x64) AppleWebKit/537.36 (KHTML, like Gecko) Chrome/143.0.0.0 Safari/537.36"
172.71.184.172 - - [07/Jan/2026:02:31:31 +0000] "GET /wordpress/wp-admin/setup-config.php HTTP/2.0" 404 93 "-" "https://lead360.app/wordpress/wp-admin/setup-config.php"
172.71.164.203 - - [07/Jan/2026:02:32:59 +0000] "GET /wordpress/wp-admin/setup-config.php HTTP/2.0" 404 136 "-" "Mozilla/5.0 (Windows NT 10.0; Win64; x64) AppleWebKit/537.36 (KHTML, like Gecko) Chrome/143.0.0.0 Safari/537.36"
172.71.184.173 - - [07/Jan/2026:02:33:38 +0000] "GET /wp-admin/setup-config.php HTTP/2.0" 404 93 "-" "http://lead360.app/wp-admin/setup-config.php"
172.68.10.126 - - [07/Jan/2026:02:42:43 +0000] "GET /wp-admin/setup-config.php HTTP/2.0" 404 136 "-" "Mozilla/5.0 (Windows NT 10.0; Win64; x64) AppleWebKit/537.36 (KHTML, like Gecko) Chrome/143.0.0.0 Safari/537.36"
172.70.242.210 - - [07/Jan/2026:02:45:19 +0000] "GET /wp-admin/setup-config.php HTTP/2.0" 404 93 "-" "http://lead360.app/wp-admin/setup-config.php"
172.71.184.173 - - [07/Jan/2026:02:45:24 +0000] "GET /wordpress/wp-admin/setup-config.php HTTP/2.0" 404 93 "-" "http://lead360.app/wordpress/wp-admin/setup-config.php"
172.71.172.50 - - [07/Jan/2026:02:46:25 +0000] "GET /wordpress/wp-admin/setup-config.php HTTP/2.0" 404 93 "-" "https://lead360.app/wordpress/wp-admin/setup-config.php"
54.210.199.2 - - [07/Jan/2026:02:50:17 +0000] "GET / HTTP/1.1" 200 177 "-" "Mozilla/5.0 (Windows NT 10.0; Win64; x64) AppleWebKit/537.36 (KHTML, like Gecko) Chrome/125.0.0.0 Safari/537.36"
172.69.50.239 - - [07/Jan/2026:02:59:56 +0000] "GET /wp-admin/setup-config.php HTTP/2.0" 404 93 "-" "http://lead360.app/wp-admin/setup-config.php"
172.68.10.126 - - [07/Jan/2026:03:00:37 +0000] "GET /wordpress/wp-admin/setup-config.php HTTP/2.0" 404 93 "-" "http://lead360.app/wordpress/wp-admin/setup-config.php"
172.71.172.157 - - [07/Jan/2026:03:00:52 +0000] "GET /wordpress/wp-admin/setup-config.php HTTP/2.0" 404 93 "-" "https://lead360.app/wordpress/wp-admin/setup-config.php"
172.71.184.173 - - [07/Jan/2026:03:02:00 +0000] "GET /wp-admin/setup-config.php HTTP/2.0" 404 136 "-" "Mozilla/5.0 (Windows NT 10.0; Win64; x64) AppleWebKit/537.36 (KHTML, like Gecko) Chrome/143.0.0.0 Safari/537.36"
172.71.184.172 - - [07/Jan/2026:03:14:51 +0000] "GET /wordpress/wp-admin/setup-config.php HTTP/2.0" 404 93 "-" "https://lead360.app/wordpress/wp-admin/setup-config.php"
172.71.164.203 - - [07/Jan/2026:03:16:44 +0000] "GET /wp-admin/setup-config.php HTTP/2.0" 404 136 "-" "Mozilla/5.0 (Windows NT 10.0; Win64; x64) AppleWebKit/537.36 (KHTML, like Gecko) Chrome/143.0.0.0 Safari/537.36"
172.71.184.173 - - [07/Jan/2026:03:17:47 +0000] "GET /wordpress/wp-admin/setup-config.php HTTP/2.0" 404 93 "-" "http://lead360.app/wordpress/wp-admin/setup-config.php"
162.158.94.186 - - [07/Jan/2026:03:18:20 +0000] "GET /wp-admin/setup-config.php HTTP/2.0" 404 136 "-" "Mozilla/5.0 (Windows NT 10.0; Win64; x64) AppleWebKit/537.36 (KHTML, like Gecko) Chrome/143.0.0.0 Safari/537.36"
172.71.172.157 - - [07/Jan/2026:03:32:54 +0000] "GET /wordpress/wp-admin/setup-config.php HTTP/2.0" 404 136 "-" "Mozilla/5.0 (Windows NT 10.0; Win64; x64) AppleWebKit/537.36 (KHTML, like Gecko) Chrome/143.0.0.0 Safari/537.36"
172.70.240.49 - - [07/Jan/2026:03:33:52 +0000] "GET /wp-admin/setup-config.php HTTP/2.0" 404 93 "-" "https://lead360.app/wp-admin/setup-config.php"
172.71.184.172 - - [07/Jan/2026:03:34:07 +0000] "GET /wp-admin/setup-config.php HTTP/2.0" 404 93 "-" "http://lead360.app/wp-admin/setup-config.php"
172.71.184.172 - - [07/Jan/2026:03:35:13 +0000] "GET /wordpress/wp-admin/setup-config.php HTTP/2.0" 404 136 "-" "Mozilla/5.0 (Windows NT 10.0; Win64; x64) AppleWebKit/537.36 (KHTML, like Gecko) Chrome/143.0.0.0 Safari/537.36"
172.68.10.126 - - [07/Jan/2026:03:49:46 +0000] "GET /wp-admin/setup-config.php HTTP/2.0" 404 136 "-" "Mozilla/5.0 (Windows NT 10.0; Win64; x64) AppleWebKit/537.36 (KHTML, like Gecko) Chrome/143.0.0.0 Safari/537.36"
172.68.192.160 - - [07/Jan/2026:03:49:51 +0000] "GET /wp-admin/setup-config.php HTTP/2.0" 404 136 "-" "Mozilla/5.0 (Windows NT 10.0; Win64; x64) AppleWebKit/537.36 (KHTML, like Gecko) Chrome/143.0.0.0 Safari/537.36"
172.71.164.203 - - [07/Jan/2026:03:50:08 +0000] "GET /wordpress/wp-admin/setup-config.php HTTP/2.0" 404 93 "-" "https://lead360.app/wordpress/wp-admin/setup-config.php"
172.71.184.172 - - [07/Jan/2026:03:51:22 +0000] "GET /wordpress/wp-admin/setup-config.php HTTP/2.0" 404 93 "-" "http://lead360.app/wordpress/wp-admin/setup-config.php"
172.68.10.127 - - [07/Jan/2026:03:53:34 +0000] "GET /wordpress/wp-admin/setup-config.php HTTP/2.0" 404 93 "-" "https://lead360.app/wordpress/wp-admin/setup-config.php"
185.104.248.61 - - [07/Jan/2026:04:00:25 +0000] "HEAD / HTTP/2.0" 200 0 "-" "Mozilla/5.0 (Windows NT 10.0; WOW64; rv:130.0) Gecko/20100101 Firefox/130.0"
172.71.184.173 - - [07/Jan/2026:04:08:09 +0000] "GET /wordpress/wp-admin/setup-config.php HTTP/2.0" 404 93 "-" "https://lead360.app/wordpress/wp-admin/setup-config.php"
172.68.10.126 - - [07/Jan/2026:04:08:18 +0000] "GET /wp-admin/setup-config.php HTTP/2.0" 404 136 "-" "Mozilla/5.0 (Windows NT 10.0; Win64; x64) AppleWebKit/537.36 (KHTML, like Gecko) Chrome/143.0.0.0 Safari/537.36"
172.71.184.173 - - [07/Jan/2026:04:08:48 +0000] "GET /wp-admin/setup-config.php HTTP/2.0" 404 93 "-" "http://lead360.app/wp-admin/setup-config.php"
172.71.184.173 - - [07/Jan/2026:04:11:07 +0000] "GET /wordpress/wp-admin/setup-config.php HTTP/2.0" 404 93 "-" "http://lead360.app/wordpress/wp-admin/setup-config.php"
34.34.253.248 - - [07/Jan/2026:04:11:33 +0000] "GET / HTTP/1.1" 200 177 "-" "Mozilla/5.0 (iPhone; CPU iPhone OS 17_2 like Mac OS X) AppleWebKit/605.1.15 (KHTML, like Gecko) EdgiOS/120.0.2210.141 Version/17.0 Mobile/15E148 Safari/604.1"
172.71.148.115 - - [07/Jan/2026:04:24:16 +0000] "GET /wp-admin/setup-config.php HTTP/2.0" 404 136 "-" "Mozilla/5.0 (Windows NT 10.0; Win64; x64) AppleWebKit/537.36 (KHTML, like Gecko) Chrome/143.0.0.0 Safari/537.36"
172.68.10.126 - - [07/Jan/2026:04:24:21 +0000] "GET /wordpress/wp-admin/setup-config.php HTTP/2.0" 404 93 "-" "http://lead360.app/wordpress/wp-admin/setup-config.php"
74.7.241.135 - - [07/Jan/2026:04:26:27 +0000] "GET /robots.txt HTTP/2.0" 404 136 "-" "Mozilla/5.0 (Macintosh; Intel Mac OS X 10_15_7) AppleWebKit/537.36 (KHTML, like Gecko) Chrome/131.0.0.0 Safari/537.36; compatible; OAI-SearchBot/1.3; robots.txt; +https://openai.com/searchbot"
74.7.241.52 - - [07/Jan/2026:04:26:27 +0000] "GET / HTTP/2.0" 200 115 "-" "Mozilla/5.0 AppleWebKit/537.36 (KHTML, like Gecko; compatible; GPTBot/1.3; +https://openai.com/gptbot)"
162.158.95.172 - - [07/Jan/2026:04:26:43 +0000] "GET /wp-admin/setup-config.php HTTP/2.0" 404 136 "-" "Mozilla/5.0 (Windows NT 10.0; Win64; x64) AppleWebKit/537.36 (KHTML, like Gecko) Chrome/143.0.0.0 Safari/537.36"
172.69.50.239 - - [07/Jan/2026:04:26:57 +0000] "GET /wordpress/wp-admin/setup-config.php HTTP/2.0" 404 136 "-" "Mozilla/5.0 (Windows NT 10.0; Win64; x64) AppleWebKit/537.36 (KHTML, like Gecko) Chrome/143.0.0.0 Safari/537.36"
172.71.184.173 - - [07/Jan/2026:04:41:28 +0000] "GET /wordpress/wp-admin/setup-config.php HTTP/2.0" 404 93 "-" "http://lead360.app/wordpress/wp-admin/setup-config.php"
172.71.148.115 - - [07/Jan/2026:04:42:01 +0000] "GET /wp-admin/setup-config.php HTTP/2.0" 404 93 "-" "http://lead360.app/wp-admin/setup-config.php"
172.68.10.127 - - [07/Jan/2026:04:43:59 +0000] "GET /wp-admin/setup-config.php HTTP/2.0" 404 93 "-" "https://lead360.app/wp-admin/setup-config.php"
172.71.184.173 - - [07/Jan/2026:04:44:03 +0000] "GET /wordpress/wp-admin/setup-config.php HTTP/2.0" 404 136 "-" "Mozilla/5.0 (Windows NT 10.0; Win64; x64) AppleWebKit/537.36 (KHTML, like Gecko) Chrome/143.0.0.0 Safari/537.36"
172.71.184.173 - - [07/Jan/2026:04:57:43 +0000] "GET /wp-admin/setup-config.php HTTP/2.0" 404 93 "-" "https://lead360.app/wp-admin/setup-config.php"
172.71.184.172 - - [07/Jan/2026:04:59:29 +0000] "GET /wordpress/wp-admin/setup-config.php HTTP/2.0" 404 136 "-" "Mozilla/5.0 (Windows NT 10.0; Win64; x64) AppleWebKit/537.36 (KHTML, like Gecko) Chrome/143.0.0.0 Safari/537.36"
172.71.184.172 - - [07/Jan/2026:05:00:19 +0000] "GET /wordpress/wp-admin/setup-config.php HTTP/2.0" 404 93 "-" "https://lead360.app/wordpress/wp-admin/setup-config.php"
104.23.239.112 - - [07/Jan/2026:05:01:05 +0000] "GET /wp-admin/setup-config.php HTTP/2.0" 404 93 "-" "http://lead360.app/wp-admin/setup-config.php"
172.71.184.172 - - [07/Jan/2026:05:13:51 +0000] "GET /wordpress/wp-admin/setup-config.php HTTP/2.0" 404 93 "-" "https://lead360.app/wordpress/wp-admin/setup-config.php"
172.68.10.126 - - [07/Jan/2026:05:13:56 +0000] "GET /wp-admin/setup-config.php HTTP/2.0" 404 136 "-" "Mozilla/5.0 (Windows NT 10.0; Win64; x64) AppleWebKit/537.36 (KHTML, like Gecko) Chrome/143.0.0.0 Safari/537.36"
172.69.50.238 - - [07/Jan/2026:05:14:24 +0000] "GET /wordpress/wp-admin/setup-config.php HTTP/2.0" 404 136 "-" "Mozilla/5.0 (Windows NT 10.0; Win64; x64) AppleWebKit/537.36 (KHTML, like Gecko) Chrome/143.0.0.0 Safari/537.36"
172.68.10.127 - - [07/Jan/2026:05:15:05 +0000] "GET /wp-admin/setup-config.php HTTP/2.0" 404 136 "-" "Mozilla/5.0 (Windows NT 10.0; Win64; x64) AppleWebKit/537.36 (KHTML, like Gecko) Chrome/143.0.0.0 Safari/537.36"
172.68.10.127 - - [07/Jan/2026:05:16:34 +0000] "GET /wp-admin/setup-config.php HTTP/2.0" 404 93 "-" "https://lead360.app/wp-admin/setup-config.php"
104.23.223.87 - - [07/Jan/2026:05:29:08 +0000] "GET /wordpress/wp-admin/setup-config.php HTTP/2.0" 404 93 "-" "http://lead360.app/wordpress/wp-admin/setup-config.php"
104.23.223.86 - - [07/Jan/2026:05:30:29 +0000] "GET /wordpress/wp-admin/setup-config.php HTTP/2.0" 404 93 "-" "https://lead360.app/wordpress/wp-admin/setup-config.php"
162.158.183.23 - - [07/Jan/2026:05:30:54 +0000] "GET /wp-admin/setup-config.php HTTP/2.0" 404 93 "-" "https://lead360.app/wp-admin/setup-config.php"
104.23.221.190 - - [07/Jan/2026:05:30:59 +0000] "GET /wp-admin/setup-config.php HTTP/2.0" 404 136 "-" "Mozilla/5.0 (Windows NT 10.0; Win64; x64) AppleWebKit/537.36 (KHTML, like Gecko) Chrome/143.0.0.0 Safari/537.36"
172.68.10.126 - - [07/Jan/2026:05:44:51 +0000] "GET /wordpress/wp-admin/setup-config.php HTTP/2.0" 404 136 "-" "Mozilla/5.0 (Windows NT 10.0; Win64; x64) AppleWebKit/537.36 (KHTML, like Gecko) Chrome/143.0.0.0 Safari/537.36"
172.71.184.173 - - [07/Jan/2026:05:46:25 +0000] "GET /wp-admin/setup-config.php HTTP/2.0" 404 93 "-" "http://lead360.app/wp-admin/setup-config.php"
172.71.184.172 - - [07/Jan/2026:05:47:02 +0000] "GET /wordpress/wp-admin/setup-config.php HTTP/2.0" 404 136 "-" "Mozilla/5.0 (Windows NT 10.0; Win64; x64) AppleWebKit/537.36 (KHTML, like Gecko) Chrome/143.0.0.0 Safari/537.36"
172.71.184.172 - - [07/Jan/2026:05:47:26 +0000] "GET /wp-admin/setup-config.php HTTP/2.0" 404 136 "-" "Mozilla/5.0 (Windows NT 10.0; Win64; x64) AppleWebKit/537.36 (KHTML, like Gecko) Chrome/143.0.0.0 Safari/537.36"
172.71.184.172 - - [07/Jan/2026:06:00:15 +0000] "GET /wp-admin/setup-config.php HTTP/2.0" 404 93 "-" "https://lead360.app/wp-admin/setup-config.php"
74.7.244.9 - - [07/Jan/2026:06:02:41 +0000] "GET /robots.txt HTTP/2.0" 404 136 "-" "Mozilla/5.0 (Macintosh; Intel Mac OS X 10_15_7) AppleWebKit/537.36 (KHTML, like Gecko) Chrome/131.0.0.0 Safari/537.36; compatible; OAI-SearchBot/1.3; robots.txt; +https://openai.com/searchbot"
74.7.227.54 - - [07/Jan/2026:06:02:41 +0000] "GET / HTTP/2.0" 200 115 "-" "Mozilla/5.0 AppleWebKit/537.36 (KHTML, like Gecko; compatible; GPTBot/1.3; +https://openai.com/gptbot)"
172.71.184.172 - - [07/Jan/2026:06:02:52 +0000] "GET /wordpress/wp-admin/setup-config.php HTTP/2.0" 404 93 "-" "https://lead360.app/wordpress/wp-admin/setup-config.php"
172.69.50.238 - - [07/Jan/2026:06:03:22 +0000] "GET /wordpress/wp-admin/setup-config.php HTTP/2.0" 404 93 "-" "http://lead360.app/wordpress/wp-admin/setup-config.php"
172.68.10.126 - - [07/Jan/2026:06:03:36 +0000] "GET /wp-admin/setup-config.php HTTP/2.0" 404 93 "-" "http://lead360.app/wp-admin/setup-config.php"
176.53.222.23 - - [07/Jan/2026:06:18:57 +0000] "GET / HTTP/1.1" 200 177 "-" "Mozilla/5.0 (Windows NT 10.0; Win64; x64) AppleWebKit/537.36 (KHTML, like Gecko) Chrome/94.0.4606.61 Safari/537.36"
172.71.184.173 - - [07/Jan/2026:06:20:02 +0000] "GET /wp-admin/setup-config.php HTTP/2.0" 404 136 "-" "Mozilla/5.0 (Windows NT 10.0; Win64; x64) AppleWebKit/537.36 (KHTML, like Gecko) Chrome/143.0.0.0 Safari/537.36"
172.69.50.238 - - [07/Jan/2026:06:20:08 +0000] "GET /wordpress/wp-admin/setup-config.php HTTP/2.0" 404 136 "-" "Mozilla/5.0 (Windows NT 10.0; Win64; x64) AppleWebKit/537.36 (KHTML, like Gecko) Chrome/143.0.0.0 Safari/537.36"
172.68.10.127 - - [07/Jan/2026:06:20:11 +0000] "GET /wordpress/wp-admin/setup-config.php HTTP/2.0" 404 93 "-" "https://lead360.app/wordpress/wp-admin/setup-config.php"
172.71.184.172 - - [07/Jan/2026:06:21:56 +0000] "GET /wp-admin/setup-config.php HTTP/2.0" 404 93 "-" "https://lead360.app/wp-admin/setup-config.php"
45.76.51.149 - - [07/Jan/2026:06:27:13 +0000] "GET /wp-login.php HTTP/1.1" 404 153 "-" "Mozilla/5.0"
172.71.184.172 - - [07/Jan/2026:06:39:22 +0000] "GET /wp-admin/setup-config.php HTTP/2.0" 404 93 "-" "https://lead360.app/wp-admin/setup-config.php"
172.71.172.156 - - [07/Jan/2026:06:39:51 +0000] "GET /wp-admin/setup-config.php HTTP/2.0" 404 93 "-" "http://lead360.app/wp-admin/setup-config.php"
172.71.184.173 - - [07/Jan/2026:06:40:30 +0000] "GET /wordpress/wp-admin/setup-config.php HTTP/2.0" 404 93 "-" "http://lead360.app/wordpress/wp-admin/setup-config.php"
172.70.248.158 - - [07/Jan/2026:06:41:03 +0000] "GET /wordpress/wp-admin/setup-config.php HTTP/2.0" 404 136 "-" "Mozilla/5.0 (Windows NT 10.0; Win64; x64) AppleWebKit/537.36 (KHTML, like Gecko) Chrome/143.0.0.0 Safari/537.36"
172.68.10.127 - - [07/Jan/2026:06:56:47 +0000] "GET /wp-admin/setup-config.php HTTP/2.0" 404 136 "-" "Mozilla/5.0 (Windows NT 10.0; Win64; x64) AppleWebKit/537.36 (KHTML, like Gecko) Chrome/143.0.0.0 Safari/537.36"
172.71.184.173 - - [07/Jan/2026:06:57:15 +0000] "GET /wordpress/wp-admin/setup-config.php HTTP/2.0" 404 93 "-" "https://lead360.app/wordpress/wp-admin/setup-config.php"
172.71.184.173 - - [07/Jan/2026:06:57:52 +0000] "GET /wordpress/wp-admin/setup-config.php HTTP/2.0" 404 93 "-" "http://lead360.app/wordpress/wp-admin/setup-config.php"
172.68.10.127 - - [07/Jan/2026:06:57:57 +0000] "GET /wp-admin/setup-config.php HTTP/2.0" 404 136 "-" "Mozilla/5.0 (Windows NT 10.0; Win64; x64) AppleWebKit/537.36 (KHTML, like Gecko) Chrome/143.0.0.0 Safari/537.36"
44.220.220.95 - - [07/Jan/2026:07:09:02 +0000] "GET / HTTP/1.1" 200 177 "-" "Mozilla/5.0 (X11; Linux x86_64) AppleWebKit/537.36 (KHTML, like Gecko) Chrome/93.0.4577.82 Safari/537.36"
172.71.164.202 - - [07/Jan/2026:07:11:23 +0000] "GET /wp-admin/setup-config.php HTTP/2.0" 404 93 "-" "http://lead360.app/wp-admin/setup-config.php"
104.23.223.86 - - [07/Jan/2026:07:12:28 +0000] "GET /wordpress/wp-admin/setup-config.php HTTP/2.0" 404 93 "-" "https://lead360.app/wordpress/wp-admin/setup-config.php"
172.71.144.65 - - [07/Jan/2026:07:12:32 +0000] "GET /wp-admin/setup-config.php HTTP/2.0" 404 136 "-" "Mozilla/5.0 (Windows NT 10.0; Win64; x64) AppleWebKit/537.36 (KHTML, like Gecko) Chrome/143.0.0.0 Safari/537.36"
172.68.10.127 - - [07/Jan/2026:07:13:23 +0000] "GET /wordpress/wp-admin/setup-config.php HTTP/2.0" 404 93 "-" "http://lead360.app/wordpress/wp-admin/setup-config.php"
172.68.10.127 - - [07/Jan/2026:07:28:53 +0000] "GET /wordpress/wp-admin/setup-config.php HTTP/2.0" 404 136 "-" "Mozilla/5.0 (Windows NT 10.0; Win64; x64) AppleWebKit/537.36 (KHTML, like Gecko) Chrome/143.0.0.0 Safari/537.36"
172.70.242.210 - - [07/Jan/2026:07:30:22 +0000] "GET /wp-admin/setup-config.php HTTP/2.0" 404 93 "-" "http://lead360.app/wp-admin/setup-config.php"
172.71.184.173 - - [07/Jan/2026:07:30:50 +0000] "GET /wordpress/wp-admin/setup-config.php HTTP/2.0" 404 93 "-" "https://lead360.app/wordpress/wp-admin/setup-config.php"
172.71.184.172 - - [07/Jan/2026:07:31:08 +0000] "GET /wp-admin/setup-config.php HTTP/2.0" 404 93 "-" "https://lead360.app/wp-admin/setup-config.php"
151.115.100.35 - - [07/Jan/2026:07:45:58 +0000] "GET / HTTP/2.0" 200 115 "-" "Mozilla/5.0 (X11; Linux x86_64) AppleWebKit/537.36 (KHTML, like Gecko) Chrome/132.0.0.0 Safari/537.3"
151.115.100.35 - - [07/Jan/2026:07:46:13 +0000] "GET /ads.txt HTTP/1.1" 404 555 "-" "Mozilla/5.0 (X11; Linux x86_64) AppleWebKit/537.36 (KHTML, like Gecko) Chrome/132.0.0.0 Safari/537.3"
151.115.100.35 - - [07/Jan/2026:07:46:14 +0000] "GET /app-ads.txt HTTP/1.1" 404 555 "-" "Mozilla/5.0 (X11; Linux x86_64) AppleWebKit/537.36 (KHTML, like Gecko) Chrome/132.0.0.0 Safari/537.3"
151.115.100.35 - - [07/Jan/2026:07:46:14 +0000] "GET /sellers.json HTTP/1.1" 404 555 "-" "Mozilla/5.0 (X11; Linux x86_64) AppleWebKit/537.36 (KHTML, like Gecko) Chrome/132.0.0.0 Safari/537.3"
172.68.10.126 - - [07/Jan/2026:07:46:35 +0000] "GET /wordpress/wp-admin/setup-config.php HTTP/2.0" 404 93 "-" "http://lead360.app/wordpress/wp-admin/setup-config.php"
172.71.148.114 - - [07/Jan/2026:07:47:28 +0000] "GET /wp-admin/setup-config.php HTTP/2.0" 404 93 "-" "http://lead360.app/wp-admin/setup-config.php"
104.23.223.86 - - [07/Jan/2026:07:47:37 +0000] "GET /wp-admin/setup-config.php HTTP/2.0" 404 93 "-" "https://lead360.app/wp-admin/setup-config.php"
172.71.164.203 - - [07/Jan/2026:07:49:20 +0000] "GET /wordpress/wp-admin/setup-config.php HTTP/2.0" 404 93 "-" "https://lead360.app/wordpress/wp-admin/setup-config.php"
104.23.223.87 - - [07/Jan/2026:07:50:36 +0000] "GET /wordpress/wp-admin/setup-config.php HTTP/2.0" 404 93 "-" "http://lead360.app/wordpress/wp-admin/setup-config.php"
172.71.172.51 - - [07/Jan/2026:07:51:05 +0000] "GET /wordpress/wp-admin/setup-config.php HTTP/2.0" 404 93 "-" "https://lead360.app/wordpress/wp-admin/setup-config.php"
172.71.184.172 - - [07/Jan/2026:07:52:30 +0000] "GET /wp-admin/setup-config.php HTTP/2.0" 404 136 "-" "Mozilla/5.0 (Windows NT 10.0; Win64; x64) AppleWebKit/537.36 (KHTML, like Gecko) Chrome/143.0.0.0 Safari/537.36"
104.23.221.191 - - [07/Jan/2026:07:53:58 +0000] "GET /wp-admin/setup-config.php HTTP/2.0" 404 136 "-" "Mozilla/5.0 (Windows NT 10.0; Win64; x64) AppleWebKit/537.36 (KHTML, like Gecko) Chrome/143.0.0.0 Safari/537.36"
104.23.217.137 - - [07/Jan/2026:08:08:09 +0000] "GET /wordpress/wp-admin/setup-config.php HTTP/2.0" 404 93 "-" "http://lead360.app/wordpress/wp-admin/setup-config.php"
104.23.223.87 - - [07/Jan/2026:08:09:44 +0000] "GET /wp-admin/setup-config.php HTTP/2.0" 404 93 "-" "http://lead360.app/wp-admin/setup-config.php"
104.23.221.191 - - [07/Jan/2026:08:10:45 +0000] "GET /wp-admin/setup-config.php HTTP/2.0" 404 136 "-" "Mozilla/5.0 (Windows NT 10.0; Win64; x64) AppleWebKit/537.36 (KHTML, like Gecko) Chrome/143.0.0.0 Safari/537.36"
104.23.221.191 - - [07/Jan/2026:08:11:30 +0000] "GET /wordpress/wp-admin/setup-config.php HTTP/2.0" 404 136 "-" "Mozilla/5.0 (Windows NT 10.0; Win64; x64) AppleWebKit/537.36 (KHTML, like Gecko) Chrome/143.0.0.0 Safari/537.36"
95.177.180.85 - - [07/Jan/2026:08:22:42 +0000] "GET / HTTP/2.0" 200 115 "-" "Mozilla/5.0 (iPhone; CPU iPhone OS 10_3_1 like Mac OS X) AppleWebKit/603.1.30 (KHTML, like Gecko) Version/10.0 Mobile/14E304 Safari/602.1"
104.23.223.87 - - [07/Jan/2026:08:25:21 +0000] "GET /wordpress/wp-admin/setup-config.php HTTP/2.0" 404 93 "-" "https://lead360.app/wordpress/wp-admin/setup-config.php"
104.23.223.86 - - [07/Jan/2026:08:25:25 +0000] "GET /wp-admin/setup-config.php HTTP/2.0" 404 93 "-" "https://lead360.app/wp-admin/setup-config.php"
104.23.221.190 - - [07/Jan/2026:08:25:26 +0000] "GET /wordpress/wp-admin/setup-config.php HTTP/2.0" 404 93 "-" "http://lead360.app/wordpress/wp-admin/setup-config.php"
104.23.221.191 - - [07/Jan/2026:08:26:43 +0000] "GET /wp-admin/setup-config.php HTTP/2.0" 404 93 "-" "http://lead360.app/wp-admin/setup-config.php"
104.23.221.190 - - [07/Jan/2026:08:44:37 +0000] "GET /wordpress/wp-admin/setup-config.php HTTP/2.0" 404 93 "-" "https://lead360.app/wordpress/wp-admin/setup-config.php"
104.23.223.86 - - [07/Jan/2026:08:45:01 +0000] "GET /wp-admin/setup-config.php HTTP/2.0" 404 93 "-" "http://lead360.app/wp-admin/setup-config.php"
104.23.221.190 - - [07/Jan/2026:08:45:24 +0000] "GET /wp-admin/setup-config.php HTTP/2.0" 404 136 "-" "Mozilla/5.0 (Windows NT 10.0; Win64; x64) AppleWebKit/537.36 (KHTML, like Gecko) Chrome/143.0.0.0 Safari/537.36"
104.23.217.136 - - [07/Jan/2026:08:46:58 +0000] "GET /wordpress/wp-admin/setup-config.php HTTP/2.0" 404 93 "-" "http://lead360.app/wordpress/wp-admin/setup-config.php"
162.158.183.24 - - [07/Jan/2026:08:59:21 +0000] "GET /wp-admin/setup-config.php HTTP/2.0" 404 93 "-" "http://lead360.app/wp-admin/setup-config.php"
104.23.221.191 - - [07/Jan/2026:09:00:52 +0000] "GET /wordpress/wp-admin/setup-config.php HTTP/2.0" 404 136 "-" "Mozilla/5.0 (Windows NT 10.0; Win64; x64) AppleWebKit/537.36 (KHTML, like Gecko) Chrome/143.0.0.0 Safari/537.36"
162.158.183.23 - - [07/Jan/2026:09:01:23 +0000] "GET /wordpress/wp-admin/setup-config.php HTTP/2.0" 404 93 "-" "http://lead360.app/wordpress/wp-admin/setup-config.php"
104.23.223.87 - - [07/Jan/2026:09:02:54 +0000] "GET /wp-admin/setup-config.php HTTP/2.0" 404 93 "-" "https://lead360.app/wp-admin/setup-config.php"
50.17.144.17 - - [07/Jan/2026:09:04:26 +0000] "GET / HTTP/1.1" 200 177 "-" "Mozilla/5.0 (Macintosh; Intel Mac OS X 10_15_7) AppleWebKit/537.36 (KHTML, like Gecko) Chrome/137.0.0.0 Safari/537.36"
162.158.183.23 - - [07/Jan/2026:09:20:46 +0000] "GET /wordpress/wp-admin/setup-config.php HTTP/2.0" 404 93 "-" "https://lead360.app/wordpress/wp-admin/setup-config.php"
104.23.223.87 - - [07/Jan/2026:09:21:19 +0000] "GET /wp-admin/setup-config.php HTTP/2.0" 404 93 "-" "http://lead360.app/wp-admin/setup-config.php"
104.23.217.136 - - [07/Jan/2026:09:22:05 +0000] "GET /wp-admin/setup-config.php HTTP/2.0" 404 93 "-" "https://lead360.app/wp-admin/setup-config.php"
104.23.223.86 - - [07/Jan/2026:09:23:28 +0000] "GET /wordpress/wp-admin/setup-config.php HTTP/2.0" 404 93 "-" "http://lead360.app/wordpress/wp-admin/setup-config.php"
46.184.53.222 - - [07/Jan/2026:09:33:33 +0000] "GET / HTTP/1.1" 200 177 "-" "Mozilla/5.0 (Windows NT 10.0; Win64; x64) AppleWebKit/537.36 (KHTML, like Gecko) Chrome/115.0.0.0 Safari/537.36"
172.71.164.203 - - [07/Jan/2026:09:36:37 +0000] "GET /wp-admin/setup-config.php HTTP/2.0" 404 136 "-" "Mozilla/5.0 (Windows NT 10.0; Win64; x64) AppleWebKit/537.36 (KHTML, like Gecko) Chrome/143.0.0.0 Safari/537.36"
104.23.223.86 - - [07/Jan/2026:09:36:47 +0000] "GET /wordpress/wp-admin/setup-config.php HTTP/2.0" 404 136 "-" "Mozilla/5.0 (Windows NT 10.0; Win64; x64) AppleWebKit/537.36 (KHTML, like Gecko) Chrome/143.0.0.0 Safari/537.36"
104.23.223.86 - - [07/Jan/2026:09:38:58 +0000] "GET /wp-admin/setup-config.php HTTP/2.0" 404 93 "-" "http://lead360.app/wp-admin/setup-config.php"
172.69.151.145 - - [07/Jan/2026:09:38:58 +0000] "GET /wordpress/wp-admin/setup-config.php HTTP/2.0" 404 136 "-" "Mozilla/5.0 (Windows NT 10.0; Win64; x64) AppleWebKit/537.36 (KHTML, like Gecko) Chrome/143.0.0.0 Safari/537.36"
50.17.144.17 - - [07/Jan/2026:09:42:34 +0000] "GET / HTTP/1.1" 200 177 "-" "Mozilla/5.0 (X11; Linux x86_64) AppleWebKit/537.36 (KHTML, like Gecko) Chrome/128.0.0.0 Safari/537.36"
104.23.223.87 - - [07/Jan/2026:09:54:04 +0000] "GET /wordpress/wp-admin/setup-config.php HTTP/2.0" 404 93 "-" "https://lead360.app/wordpress/wp-admin/setup-config.php"
104.23.221.190 - - [07/Jan/2026:09:55:26 +0000] "GET /wp-admin/setup-config.php HTTP/2.0" 404 93 "-" "http://lead360.app/wp-admin/setup-config.php"
162.158.183.23 - - [07/Jan/2026:09:56:20 +0000] "GET /wordpress/wp-admin/setup-config.php HTTP/2.0" 404 136 "-" "Mozilla/5.0 (Windows NT 10.0; Win64; x64) AppleWebKit/537.36 (KHTML, like Gecko) Chrome/143.0.0.0 Safari/537.36"
104.23.221.190 - - [07/Jan/2026:09:57:36 +0000] "GET /wp-admin/setup-config.php HTTP/2.0" 404 136 "-" "Mozilla/5.0 (Windows NT 10.0; Win64; x64) AppleWebKit/537.36 (KHTML, like Gecko) Chrome/143.0.0.0 Safari/537.36"
104.23.239.112 - - [07/Jan/2026:09:57:55 +0000] "GET /wp-admin/setup-config.php HTTP/2.0" 404 93 "-" "http://lead360.app/wp-admin/setup-config.php"
50.17.144.17 - - [07/Jan/2026:10:05:24 +0000] "GET / HTTP/1.1" 200 177 "-" "Mozilla/5.0 (X11; Linux x86_64) AppleWebKit/537.36 (KHTML, like Gecko) Chrome/138.0.0.0 Safari/537.36"
172.71.184.172 - - [07/Jan/2026:10:09:35 +0000] "GET /wp-admin/setup-config.php HTTP/2.0" 404 93 "-" "https://lead360.app/wp-admin/setup-config.php"
104.23.221.191 - - [07/Jan/2026:10:10:48 +0000] "GET /wp-admin/setup-config.php HTTP/2.0" 404 93 "-" "http://lead360.app/wp-admin/setup-config.php"
104.23.221.191 - - [07/Jan/2026:10:11:41 +0000] "GET /wordpress/wp-admin/setup-config.php HTTP/2.0" 404 93 "-" "http://lead360.app/wordpress/wp-admin/setup-config.php"
104.23.221.190 - - [07/Jan/2026:10:13:47 +0000] "GET /wordpress/wp-admin/setup-config.php HTTP/2.0" 404 93 "-" "https://lead360.app/wordpress/wp-admin/setup-config.php"
104.23.221.191 - - [07/Jan/2026:10:27:00 +0000] "GET /wordpress/wp-admin/setup-config.php HTTP/2.0" 404 93 "-" "https://lead360.app/wordpress/wp-admin/setup-config.php"
104.23.221.190 - - [07/Jan/2026:10:28:48 +0000] "GET /wp-admin/setup-config.php HTTP/2.0" 404 93 "-" "http://lead360.app/wp-admin/setup-config.php"
104.23.221.190 - - [07/Jan/2026:10:28:57 +0000] "GET /wp-admin/setup-config.php HTTP/2.0" 404 93 "-" "https://lead360.app/wp-admin/setup-config.php"
104.23.221.190 - - [07/Jan/2026:10:29:07 +0000] "GET /wordpress/wp-admin/setup-config.php HTTP/2.0" 404 136 "-" "Mozilla/5.0 (Windows NT 10.0; Win64; x64) AppleWebKit/537.36 (KHTML, like Gecko) Chrome/143.0.0.0 Safari/537.36"
104.23.221.191 - - [07/Jan/2026:10:43:56 +0000] "GET /wp-admin/setup-config.php HTTP/2.0" 404 93 "-" "http://lead360.app/wp-admin/setup-config.php"
104.23.221.190 - - [07/Jan/2026:10:46:04 +0000] "GET /wp-admin/setup-config.php HTTP/2.0" 404 93 "-" "https://lead360.app/wp-admin/setup-config.php"
162.158.183.24 - - [07/Jan/2026:10:46:04 +0000] "GET /wordpress/wp-admin/setup-config.php HTTP/2.0" 404 136 "-" "Mozilla/5.0 (Windows NT 10.0; Win64; x64) AppleWebKit/537.36 (KHTML, like Gecko) Chrome/143.0.0.0 Safari/537.36"
104.23.223.86 - - [07/Jan/2026:10:46:32 +0000] "GET /wordpress/wp-admin/setup-config.php HTTP/2.0" 404 93 "-" "https://lead360.app/wordpress/wp-admin/setup-config.php"
50.17.144.17 - - [07/Jan/2026:10:52:12 +0000] "GET / HTTP/1.1" 200 177 "-" "Mozilla/5.0 (Macintosh; Intel Mac OS X 10_15_7) AppleWebKit/537.36 (KHTML, like Gecko) Chrome/116.0.0.0 Safari/537.36"
104.23.239.112 - - [07/Jan/2026:11:02:45 +0000] "GET /wp-admin/setup-config.php HTTP/2.0" 404 136 "-" "Mozilla/5.0 (Windows NT 10.0; Win64; x64) AppleWebKit/537.36 (KHTML, like Gecko) Chrome/143.0.0.0 Safari/537.36"
162.158.183.24 - - [07/Jan/2026:11:05:14 +0000] "GET /wp-admin/setup-config.php HTTP/2.0" 404 93 "-" "https://lead360.app/wp-admin/setup-config.php"
104.23.221.190 - - [07/Jan/2026:11:05:37 +0000] "GET /wordpress/wp-admin/setup-config.php HTTP/2.0" 404 136 "-" "Mozilla/5.0 (Windows NT 10.0; Win64; x64) AppleWebKit/537.36 (KHTML, like Gecko) Chrome/143.0.0.0 Safari/537.36"
172.71.172.156 - - [07/Jan/2026:11:05:42 +0000] "GET /wordpress/wp-admin/setup-config.php HTTP/2.0" 404 136 "-" "Mozilla/5.0 (Windows NT 10.0; Win64; x64) AppleWebKit/537.36 (KHTML, like Gecko) Chrome/143.0.0.0 Safari/537.36"
104.23.221.191 - - [07/Jan/2026:11:20:08 +0000] "GET /wp-admin/setup-config.php HTTP/2.0" 404 93 "-" "http://lead360.app/wp-admin/setup-config.php"
162.158.183.23 - - [07/Jan/2026:11:21:44 +0000] "GET /wp-admin/setup-config.php HTTP/2.0" 404 136 "-" "Mozilla/5.0 (Windows NT 10.0; Win64; x64) AppleWebKit/537.36 (KHTML, like Gecko) Chrome/143.0.0.0 Safari/537.36"
104.23.221.191 - - [07/Jan/2026:11:21:44 +0000] "GET /wordpress/wp-admin/setup-config.php HTTP/2.0" 404 136 "-" "Mozilla/5.0 (Windows NT 10.0; Win64; x64) AppleWebKit/537.36 (KHTML, like Gecko) Chrome/143.0.0.0 Safari/537.36"
104.23.217.137 - - [07/Jan/2026:11:22:17 +0000] "GET /wordpress/wp-admin/setup-config.php HTTP/2.0" 404 93 "-" "https://lead360.app/wordpress/wp-admin/setup-config.php"
104.23.221.191 - - [07/Jan/2026:11:38:18 +0000] "GET /wordpress/wp-admin/setup-config.php HTTP/2.0" 404 93 "-" "http://lead360.app/wordpress/wp-admin/setup-config.php"
162.158.183.24 - - [07/Jan/2026:11:38:51 +0000] "GET /wordpress/wp-admin/setup-config.php HTTP/2.0" 404 136 "-" "Mozilla/5.0 (Windows NT 10.0; Win64; x64) AppleWebKit/537.36 (KHTML, like Gecko) Chrome/143.0.0.0 Safari/537.36"
104.23.221.191 - - [07/Jan/2026:11:39:42 +0000] "GET /wp-admin/setup-config.php HTTP/2.0" 404 93 "-" "https://lead360.app/wp-admin/setup-config.php"
162.158.183.24 - - [07/Jan/2026:11:40:49 +0000] "GET /wp-admin/setup-config.php HTTP/2.0" 404 93 "-" "http://lead360.app/wp-admin/setup-config.php"
104.23.223.87 - - [07/Jan/2026:11:53:55 +0000] "GET /wordpress/wp-admin/setup-config.php HTTP/2.0" 404 93 "-" "https://lead360.app/wordpress/wp-admin/setup-config.php"
104.23.223.86 - - [07/Jan/2026:11:55:32 +0000] "GET /wordpress/wp-admin/setup-config.php HTTP/2.0" 404 93 "-" "http://lead360.app/wordpress/wp-admin/setup-config.php"
104.23.223.86 - - [07/Jan/2026:11:55:51 +0000] "GET /wp-admin/setup-config.php HTTP/2.0" 404 93 "-" "http://lead360.app/wp-admin/setup-config.php"
104.23.223.87 - - [07/Jan/2026:11:56:40 +0000] "GET /wp-admin/setup-config.php HTTP/2.0" 404 136 "-" "Mozilla/5.0 (Windows NT 10.0; Win64; x64) AppleWebKit/537.36 (KHTML, like Gecko) Chrome/143.0.0.0 Safari/537.36"
162.158.183.23 - - [07/Jan/2026:12:12:34 +0000] "GET /wp-admin/setup-config.php HTTP/2.0" 404 93 "-" "http://lead360.app/wp-admin/setup-config.php"
104.23.221.191 - - [07/Jan/2026:12:13:23 +0000] "GET /wordpress/wp-admin/setup-config.php HTTP/2.0" 404 93 "-" "http://lead360.app/wordpress/wp-admin/setup-config.php"
104.23.223.86 - - [07/Jan/2026:12:13:28 +0000] "GET /wordpress/wp-admin/setup-config.php HTTP/2.0" 404 93 "-" "https://lead360.app/wordpress/wp-admin/setup-config.php"
104.23.223.87 - - [07/Jan/2026:12:14:49 +0000] "GET /wp-admin/setup-config.php HTTP/2.0" 404 93 "-" "https://lead360.app/wp-admin/setup-config.php"
104.23.223.86 - - [07/Jan/2026:12:28:55 +0000] "GET /wp-admin/setup-config.php HTTP/2.0" 404 93 "-" "http://lead360.app/wp-admin/setup-config.php"
104.23.221.190 - - [07/Jan/2026:12:29:23 +0000] "GET /wordpress/wp-admin/setup-config.php HTTP/2.0" 404 93 "-" "https://lead360.app/wordpress/wp-admin/setup-config.php"
104.23.223.87 - - [07/Jan/2026:12:31:03 +0000] "GET /wordpress/wp-admin/setup-config.php HTTP/2.0" 404 136 "-" "Mozilla/5.0 (Windows NT 10.0; Win64; x64) AppleWebKit/537.36 (KHTML, like Gecko) Chrome/143.0.0.0 Safari/537.36"
104.23.221.191 - - [07/Jan/2026:12:31:12 +0000] "GET /wp-admin/setup-config.php HTTP/2.0" 404 93 "-" "https://lead360.app/wp-admin/setup-config.php"
104.23.223.86 - - [07/Jan/2026:12:44:20 +0000] "GET /wordpress/wp-admin/setup-config.php HTTP/2.0" 404 93 "-" "http://lead360.app/wordpress/wp-admin/setup-config.php"
162.158.183.24 - - [07/Jan/2026:12:45:15 +0000] "GET /wp-admin/setup-config.php HTTP/2.0" 404 136 "-" "Mozilla/5.0 (Windows NT 10.0; Win64; x64) AppleWebKit/537.36 (KHTML, like Gecko) Chrome/143.0.0.0 Safari/537.36"
104.23.221.121 - - [07/Jan/2026:12:46:26 +0000] "GET /wp-admin/setup-config.php HTTP/2.0" 404 93 "-" "https://lead360.app/wp-admin/setup-config.php"
104.23.221.190 - - [07/Jan/2026:12:48:14 +0000] "GET /wordpress/wp-admin/setup-config.php HTTP/2.0" 404 93 "-" "https://lead360.app/wordpress/wp-admin/setup-config.php"
51.68.236.95 - - [07/Jan/2026:12:57:04 +0000] "GET /robots.txt HTTP/1.1" 404 104 "-" "Mozilla/5.0 (compatible; MJ12bot/v2.0.4; http://mj12bot.com/)"
51.68.236.95 - - [07/Jan/2026:12:57:04 +0000] "GET / HTTP/1.1" 200 126 "-" "Mozilla/5.0 (compatible; MJ12bot/v2.0.4; http://mj12bot.com/)"
162.158.183.24 - - [07/Jan/2026:12:59:45 +0000] "GET /wp-admin/setup-config.php HTTP/2.0" 404 93 "-" "http://lead360.app/wp-admin/setup-config.php"
104.23.221.190 - - [07/Jan/2026:13:00:59 +0000] "GET /wordpress/wp-admin/setup-config.php HTTP/2.0" 404 93 "-" "http://lead360.app/wordpress/wp-admin/setup-config.php"
104.23.223.86 - - [07/Jan/2026:13:02:27 +0000] "GET /wp-admin/setup-config.php HTTP/2.0" 404 136 "-" "Mozilla/5.0 (Windows NT 10.0; Win64; x64) AppleWebKit/537.36 (KHTML, like Gecko) Chrome/143.0.0.0 Safari/537.36"
104.23.223.87 - - [07/Jan/2026:13:03:14 +0000] "GET /wordpress/wp-admin/setup-config.php HTTP/2.0" 404 93 "-" "https://lead360.app/wordpress/wp-admin/setup-config.php"
104.23.221.190 - - [07/Jan/2026:13:16:57 +0000] "GET /wp-admin/setup-config.php HTTP/2.0" 404 93 "-" "http://lead360.app/wp-admin/setup-config.php"
104.23.223.86 - - [07/Jan/2026:13:17:30 +0000] "GET /wp-admin/setup-config.php HTTP/2.0" 404 93 "-" "https://lead360.app/wp-admin/setup-config.php"
104.23.221.191 - - [07/Jan/2026:13:17:49 +0000] "GET /wordpress/wp-admin/setup-config.php HTTP/2.0" 404 93 "-" "http://lead360.app/wordpress/wp-admin/setup-config.php"
104.23.221.191 - - [07/Jan/2026:13:19:32 +0000] "GET /wordpress/wp-admin/setup-config.php HTTP/2.0" 404 136 "-" "Mozilla/5.0 (Windows NT 10.0; Win64; x64) AppleWebKit/537.36 (KHTML, like Gecko) Chrome/143.0.0.0 Safari/537.36"
162.158.183.23 - - [07/Jan/2026:13:34:38 +0000] "GET /wp-admin/setup-config.php HTTP/2.0" 404 136 "-" "Mozilla/5.0 (Windows NT 10.0; Win64; x64) AppleWebKit/537.36 (KHTML, like Gecko) Chrome/143.0.0.0 Safari/537.36"
104.23.217.137 - - [07/Jan/2026:13:37:24 +0000] "GET /wordpress/wp-admin/setup-config.php HTTP/2.0" 404 136 "-" "Mozilla/5.0 (Windows NT 10.0; Win64; x64) AppleWebKit/537.36 (KHTML, like Gecko) Chrome/143.0.0.0 Safari/537.36"
104.23.221.190 - - [07/Jan/2026:13:38:55 +0000] "GET /wordpress/wp-admin/setup-config.php HTTP/2.0" 404 93 "-" "https://lead360.app/wordpress/wp-admin/setup-config.php"
104.23.217.137 - - [07/Jan/2026:13:38:56 +0000] "GET /wp-admin/setup-config.php HTTP/2.0" 404 136 "-" "Mozilla/5.0 (Windows NT 10.0; Win64; x64) AppleWebKit/537.36 (KHTML, like Gecko) Chrome/143.0.0.0 Safari/537.36"
104.23.221.190 - - [07/Jan/2026:13:53:02 +0000] "GET /wp-admin/setup-config.php HTTP/2.0" 404 136 "-" "Mozilla/5.0 (Windows NT 10.0; Win64; x64) AppleWebKit/537.36 (KHTML, like Gecko) Chrome/143.0.0.0 Safari/537.36"
104.23.221.191 - - [07/Jan/2026:13:53:13 +0000] "GET /wp-admin/setup-config.php HTTP/2.0" 404 93 "-" "http://lead360.app/wp-admin/setup-config.php"
104.23.221.191 - - [07/Jan/2026:13:54:30 +0000] "GET /wordpress/wp-admin/setup-config.php HTTP/2.0" 404 93 "-" "https://lead360.app/wordpress/wp-admin/setup-config.php"
104.23.221.191 - - [07/Jan/2026:13:55:00 +0000] "GET /wordpress/wp-admin/setup-config.php HTTP/2.0" 404 93 "-" "http://lead360.app/wordpress/wp-admin/setup-config.php"
35.227.27.150 - - [07/Jan/2026:14:06:02 +0000] "GET / HTTP/2.0" 200 177 "http://www.lead360.app" "Mozilla/5.0 (compatible; CMS-Checker/1.0; +https://example.com)"
172.71.148.115 - - [07/Jan/2026:14:10:39 +0000] "GET /wordpress/wp-admin/setup-config.php HTTP/2.0" 404 93 "-" "https://lead360.app/wordpress/wp-admin/setup-config.php"
104.23.221.191 - - [07/Jan/2026:14:12:35 +0000] "GET /wordpress/wp-admin/setup-config.php HTTP/2.0" 404 93 "-" "http://lead360.app/wordpress/wp-admin/setup-config.php"
104.23.221.191 - - [07/Jan/2026:14:12:59 +0000] "GET /wp-admin/setup-config.php HTTP/2.0" 404 93 "-" "https://lead360.app/wp-admin/setup-config.php"
172.70.247.187 - - [07/Jan/2026:14:13:09 +0000] "GET /wp-admin/setup-config.php HTTP/2.0" 404 93 "-" "http://lead360.app/wp-admin/setup-config.php"
162.158.183.24 - - [07/Jan/2026:14:29:48 +0000] "GET /wp-admin/setup-config.php HTTP/2.0" 404 93 "-" "https://lead360.app/wp-admin/setup-config.php"
104.23.221.191 - - [07/Jan/2026:14:30:04 +0000] "GET /wp-admin/setup-config.php HTTP/2.0" 404 93 "-" "http://lead360.app/wp-admin/setup-config.php"
162.158.183.24 - - [07/Jan/2026:14:30:09 +0000] "GET /wordpress/wp-admin/setup-config.php HTTP/2.0" 404 136 "-" "Mozilla/5.0 (Windows NT 10.0; Win64; x64) AppleWebKit/537.36 (KHTML, like Gecko) Chrome/143.0.0.0 Safari/537.36"
104.23.221.191 - - [07/Jan/2026:14:30:49 +0000] "GET /wordpress/wp-admin/setup-config.php HTTP/2.0" 404 93 "-" "http://lead360.app/wordpress/wp-admin/setup-config.php"
104.23.221.191 - - [07/Jan/2026:14:45:28 +0000] "GET /wordpress/wp-admin/setup-config.php HTTP/2.0" 404 93 "-" "https://lead360.app/wordpress/wp-admin/setup-config.php"
104.23.223.86 - - [07/Jan/2026:14:46:17 +0000] "GET /wp-admin/setup-config.php HTTP/2.0" 404 136 "-" "Mozilla/5.0 (Windows NT 10.0; Win64; x64) AppleWebKit/537.36 (KHTML, like Gecko) Chrome/143.0.0.0 Safari/537.36"
104.23.223.86 - - [07/Jan/2026:14:46:26 +0000] "GET /wp-admin/setup-config.php HTTP/2.0" 404 93 "-" "https://lead360.app/wp-admin/setup-config.php"
162.158.183.24 - - [07/Jan/2026:14:47:09 +0000] "GET /wordpress/wp-admin/setup-config.php HTTP/2.0" 404 93 "-" "http://lead360.app/wordpress/wp-admin/setup-config.php"
104.23.217.137 - - [07/Jan/2026:15:03:09 +0000] "GET /wp-admin/setup-config.php HTTP/2.0" 404 93 "-" "http://lead360.app/wp-admin/setup-config.php"
104.23.217.137 - - [07/Jan/2026:15:03:42 +0000] "GET /wordpress/wp-admin/setup-config.php HTTP/2.0" 404 93 "-" "https://lead360.app/wordpress/wp-admin/setup-config.php"
104.23.221.190 - - [07/Jan/2026:15:03:48 +0000] "GET /wordpress/wp-admin/setup-config.php HTTP/2.0" 404 93 "-" "http://lead360.app/wordpress/wp-admin/setup-config.php"
104.23.223.86 - - [07/Jan/2026:15:04:21 +0000] "GET /wp-admin/setup-config.php HTTP/2.0" 404 93 "-" "https://lead360.app/wp-admin/setup-config.php"
162.158.183.23 - - [07/Jan/2026:15:21:36 +0000] "GET /wordpress/wp-admin/setup-config.php HTTP/2.0" 404 93 "-" "http://lead360.app/wordpress/wp-admin/setup-config.php"
172.71.246.124 - - [07/Jan/2026:15:24:05 +0000] "GET /wordpress/wp-admin/setup-config.php HTTP/2.0" 404 93 "-" "https://lead360.app/wordpress/wp-admin/setup-config.php"
104.23.221.191 - - [07/Jan/2026:15:25:01 +0000] "GET /wp-admin/setup-config.php HTTP/2.0" 404 136 "-" "Mozilla/5.0 (Windows NT 10.0; Win64; x64) AppleWebKit/537.36 (KHTML, like Gecko) Chrome/143.0.0.0 Safari/537.36"
104.23.221.190 - - [07/Jan/2026:15:25:06 +0000] "GET /wp-admin/setup-config.php HTTP/2.0" 404 136 "-" "Mozilla/5.0 (Windows NT 10.0; Win64; x64) AppleWebKit/537.36 (KHTML, like Gecko) Chrome/143.0.0.0 Safari/537.36"
104.23.223.86 - - [07/Jan/2026:15:25:19 +0000] "GET /wp-admin/setup-config.php HTTP/2.0" 404 93 "-" "https://lead360.app/wp-admin/setup-config.php"
195.208.20.219 - - [07/Jan/2026:15:34:50 +0000] "GET / HTTP/1.1" 200 177 "-" "Mozilla/5.0 (Windows NT 10.0; Win64; x64) AppleWebKit/537.36 (KHTML, like Gecko) Chrome/121.0.0.0 Safari/537.36 Edg/121.0.0.0"
162.158.183.23 - - [07/Jan/2026:15:39:52 +0000] "GET /wp-admin/setup-config.php HTTP/2.0" 404 93 "-" "http://lead360.app/wp-admin/setup-config.php"
104.23.223.86 - - [07/Jan/2026:15:40:49 +0000] "GET /wordpress/wp-admin/setup-config.php HTTP/2.0" 404 136 "-" "Mozilla/5.0 (Windows NT 10.0; Win64; x64) AppleWebKit/537.36 (KHTML, like Gecko) Chrome/143.0.0.0 Safari/537.36"
