162.158.183.24 - - [04/Jan/2026:08:32:59 +0000] "GET /wp-admin/setup-config.php HTTP/2.0" 404 93 "-" "https://lead360.app/wp-admin/setup-config.php"
104.23.221.190 - - [04/Jan/2026:08:33:03 +0000] "GET /wordpress/wp-admin/setup-config.php HTTP/2.0" 404 136 "-" "Mozilla/5.0 (Windows NT 10.0; Win64; x64) AppleWebKit/537.36 (KHTML, like Gecko) Chrome/143.0.0.0 Safari/537.36"
104.23.221.191 - - [04/Jan/2026:08:33:59 +0000] "GET /wp-admin/setup-config.php HTTP/2.0" 404 93 "-" "http://lead360.app/wp-admin/setup-config.php"
104.23.221.190 - - [04/Jan/2026:08:48:46 +0000] "GET /wordpress/wp-admin/setup-config.php HTTP/2.0" 404 93 "-" "http://lead360.app/wordpress/wp-admin/setup-config.php"
162.158.183.23 - - [04/Jan/2026:08:49:01 +0000] "GET /wp-admin/setup-config.php HTTP/2.0" 404 136 "-" "Mozilla/5.0 (Windows NT 10.0; Win64; x64) AppleWebKit/537.36 (KHTML, like Gecko) Chrome/143.0.0.0 Safari/537.36"
104.23.223.87 - - [04/Jan/2026:08:49:15 +0000] "GET /wp-admin/setup-config.php HTTP/2.0" 404 93 "-" "https://lead360.app/wp-admin/setup-config.php"
162.158.183.23 - - [04/Jan/2026:08:50:37 +0000] "GET /wordpress/wp-admin/setup-config.php HTTP/2.0" 404 93 "-" "https://lead360.app/wordpress/wp-admin/setup-config.php"
162.158.183.23 - - [04/Jan/2026:09:05:23 +0000] "GET /wp-admin/setup-config.php HTTP/2.0" 404 93 "-" "http://lead360.app/wp-admin/setup-config.php"
104.23.217.136 - - [04/Jan/2026:09:05:28 +0000] "GET /wp-admin/setup-config.php HTTP/2.0" 404 136 "-" "Mozilla/5.0 (Windows NT 10.0; Win64; x64) AppleWebKit/537.36 (KHTML, like Gecko) Chrome/143.0.0.0 Safari/537.36"
162.158.183.24 - - [04/Jan/2026:09:05:32 +0000] "GET /wordpress/wp-admin/setup-config.php HTTP/2.0" 404 136 "-" "Mozilla/5.0 (Windows NT 10.0; Win64; x64) AppleWebKit/537.36 (KHTML, like Gecko) Chrome/143.0.0.0 Safari/537.36"
104.23.217.137 - - [04/Jan/2026:09:06:16 +0000] "GET /wordpress/wp-admin/setup-config.php HTTP/2.0" 404 93 "-" "http://lead360.app/wordpress/wp-admin/setup-config.php"
195.19.195.214 - - [04/Jan/2026:09:10:52 +0000] "GET / HTTP/1.1" 200 177 "-" "Mozilla/5.0 (Linux; Android 10; K) AppleWebKit/537.36 (KHTML, like Gecko) Chrome/122.0.0.0 Mobile Safari/537.36"
151.115.100.25 - - [04/Jan/2026:09:16:11 +0000] "GET / HTTP/2.0" 200 115 "-" "Mozilla/5.0 (X11; Linux x86_64) AppleWebKit/537.36 (KHTML, like Gecko) Chrome/132.0.0.0 Safari/537.3"
151.115.100.25 - - [04/Jan/2026:09:16:17 +0000] "GET /ads.txt HTTP/1.1" 404 555 "-" "Mozilla/5.0 (X11; Linux x86_64) AppleWebKit/537.36 (KHTML, like Gecko) Chrome/132.0.0.0 Safari/537.3"
151.115.100.25 - - [04/Jan/2026:09:16:17 +0000] "GET /app-ads.txt HTTP/1.1" 404 555 "-" "Mozilla/5.0 (X11; Linux x86_64) AppleWebKit/537.36 (KHTML, like Gecko) Chrome/132.0.0.0 Safari/537.3"
151.115.100.25 - - [04/Jan/2026:09:16:17 +0000] "GET /sellers.json HTTP/1.1" 404 555 "-" "Mozilla/5.0 (X11; Linux x86_64) AppleWebKit/537.36 (KHTML, like Gecko) Chrome/132.0.0.0 Safari/537.3"
104.23.223.86 - - [04/Jan/2026:09:19:57 +0000] "GET /wp-admin/setup-config.php HTTP/2.0" 404 136 "-" "Mozilla/5.0 (Windows NT 10.0; Win64; x64) AppleWebKit/537.36 (KHTML, like Gecko) Chrome/143.0.0.0 Safari/537.36"
104.23.221.190 - - [04/Jan/2026:09:22:00 +0000] "GET /wordpress/wp-admin/setup-config.php HTTP/2.0" 404 93 "-" "https://lead360.app/wordpress/wp-admin/setup-config.php"
104.23.223.87 - - [04/Jan/2026:09:23:16 +0000] "GET /wp-admin/setup-config.php HTTP/2.0" 404 93 "-" "http://lead360.app/wp-admin/setup-config.php"
104.23.221.190 - - [04/Jan/2026:09:23:25 +0000] "GET /wordpress/wp-admin/setup-config.php HTTP/2.0" 404 93 "-" "http://lead360.app/wordpress/wp-admin/setup-config.php"
172.70.247.187 - - [04/Jan/2026:09:35:00 +0000] "GET /wordpress/wp-admin/setup-config.php HTTP/2.0" 404 136 "-" "Mozilla/5.0 (Windows NT 10.0; Win64; x64) AppleWebKit/537.36 (KHTML, like Gecko) Chrome/143.0.0.0 Safari/537.36"
104.23.223.86 - - [04/Jan/2026:09:37:30 +0000] "GET /wp-admin/setup-config.php HTTP/2.0" 404 136 "-" "Mozilla/5.0 (Windows NT 10.0; Win64; x64) AppleWebKit/537.36 (KHTML, like Gecko) Chrome/143.0.0.0 Safari/537.36"
104.23.221.191 - - [04/Jan/2026:09:38:46 +0000] "GET /wp-admin/setup-config.php HTTP/2.0" 404 136 "-" "Mozilla/5.0 (Windows NT 10.0; Win64; x64) AppleWebKit/537.36 (KHTML, like Gecko) Chrome/143.0.0.0 Safari/537.36"
104.23.223.87 - - [04/Jan/2026:09:39:05 +0000] "GET /wordpress/wp-admin/setup-config.php HTTP/2.0" 404 93 "-" "http://lead360.app/wordpress/wp-admin/setup-config.php"
104.23.221.190 - - [04/Jan/2026:09:52:43 +0000] "GET /wp-admin/setup-config.php HTTP/2.0" 404 93 "-" "https://lead360.app/wp-admin/setup-config.php"
104.23.223.86 - - [04/Jan/2026:09:52:58 +0000] "GET /wordpress/wp-admin/setup-config.php HTTP/2.0" 404 93 "-" "https://lead360.app/wordpress/wp-admin/setup-config.php"
104.23.223.87 - - [04/Jan/2026:09:53:57 +0000] "GET /wp-admin/setup-config.php HTTP/2.0" 404 93 "-" "http://lead360.app/wp-admin/setup-config.php"
104.23.223.87 - - [04/Jan/2026:09:54:20 +0000] "GET /wordpress/wp-admin/setup-config.php HTTP/2.0" 404 93 "-" "http://lead360.app/wordpress/wp-admin/setup-config.php"
8.211.199.59 - - [04/Jan/2026:10:06:03 +0000] "GET / HTTP/1.1" 200 177 "-" "Go-http-client/1.1"
104.23.221.191 - - [04/Jan/2026:10:10:04 +0000] "GET /wordpress/wp-admin/setup-config.php HTTP/2.0" 404 93 "-" "https://lead360.app/wordpress/wp-admin/setup-config.php"
172.70.240.49 - - [04/Jan/2026:10:11:16 +0000] "GET /wp-admin/setup-config.php HTTP/2.0" 404 136 "-" "Mozilla/5.0 (Windows NT 10.0; Win64; x64) AppleWebKit/537.36 (KHTML, like Gecko) Chrome/143.0.0.0 Safari/537.36"
172.71.144.140 - - [04/Jan/2026:10:12:17 +0000] "GET /wp-admin/setup-config.php HTTP/2.0" 404 93 "-" "https://lead360.app/wp-admin/setup-config.php"
211.20.143.79 - - [04/Jan/2026:10:12:58 +0000] "GET / HTTP/2.0" 200 177 "-" "Mozilla/5.0 (Linux; Android 10; K) AppleWebKit/537.36 (KHTML, like Gecko) Chrome/131.0.0.0 Mobile Safari/537.36"
146.190.11.185 - - [04/Jan/2026:10:12:59 +0000] "GET / HTTP/2.0" 200 177 "-" "Mozilla/5.0 (Windows NT 10.0; Win64; x64; rv:144.0) Gecko/20100101 Firefox/144.0"
104.23.223.86 - - [04/Jan/2026:10:13:22 +0000] "GET /wordpress/wp-admin/setup-config.php HTTP/2.0" 404 136 "-" "Mozilla/5.0 (Windows NT 10.0; Win64; x64) AppleWebKit/537.36 (KHTML, like Gecko) Chrome/143.0.0.0 Safari/537.36"
162.158.183.23 - - [04/Jan/2026:10:26:27 +0000] "GET /wp-admin/setup-config.php HTTP/2.0" 404 93 "-" "http://lead360.app/wp-admin/setup-config.php"
134.209.84.192 - - [04/Jan/2026:10:36:07 +0000] "GET / HTTP/1.1" 200 126 "-" "Mozilla/5.0 (X11; Linux x86_64) AppleWebKit/537.36 (KHTML, like Gecko) Chrome/135.0.7049.115 Safari/537.36"
162.158.183.23 - - [04/Jan/2026:10:40:55 +0000] "GET /wordpress/wp-admin/setup-config.php HTTP/2.0" 404 93 "-" "https://lead360.app/wordpress/wp-admin/setup-config.php"
104.23.217.137 - - [04/Jan/2026:10:40:55 +0000] "GET /wp-admin/setup-config.php HTTP/2.0" 404 93 "-" "https://lead360.app/wp-admin/setup-config.php"
104.23.221.190 - - [04/Jan/2026:10:42:17 +0000] "GET /wp-admin/setup-config.php HTTP/2.0" 404 136 "-" "Mozilla/5.0 (Windows NT 10.0; Win64; x64) AppleWebKit/537.36 (KHTML, like Gecko) Chrome/143.0.0.0 Safari/537.36"
162.158.183.24 - - [04/Jan/2026:10:43:23 +0000] "GET /wordpress/wp-admin/setup-config.php HTTP/2.0" 404 93 "-" "http://lead360.app/wordpress/wp-admin/setup-config.php"
74.7.242.55 - - [04/Jan/2026:10:54:15 +0000] "GET / HTTP/2.0" 200 115 "-" "Mozilla/5.0 AppleWebKit/537.36 (KHTML, like Gecko; compatible; GPTBot/1.3; +https://openai.com/gptbot)"
74.7.175.130 - - [04/Jan/2026:10:54:15 +0000] "GET /robots.txt HTTP/2.0" 404 136 "-" "Mozilla/5.0 (Macintosh; Intel Mac OS X 10_15_7) AppleWebKit/537.36 (KHTML, like Gecko) Chrome/131.0.0.0 Safari/537.36; compatible; OAI-SearchBot/1.3; robots.txt; +https://openai.com/searchbot"
172.70.240.48 - - [04/Jan/2026:10:57:47 +0000] "GET /wp-admin/setup-config.php HTTP/2.0" 404 93 "-" "https://lead360.app/wp-admin/setup-config.php"
104.23.221.190 - - [04/Jan/2026:10:58:31 +0000] "GET /wp-admin/setup-config.php HTTP/2.0" 404 93 "-" "http://lead360.app/wp-admin/setup-config.php"
172.71.246.247 - - [04/Jan/2026:11:00:35 +0000] "GET /wordpress/wp-admin/setup-config.php HTTP/2.0" 404 136 "-" "Mozilla/5.0 (Windows NT 10.0; Win64; x64) AppleWebKit/537.36 (KHTML, like Gecko) Chrome/143.0.0.0 Safari/537.36"
104.23.221.190 - - [04/Jan/2026:11:01:16 +0000] "GET /wordpress/wp-admin/setup-config.php HTTP/2.0" 404 136 "-" "Mozilla/5.0 (Windows NT 10.0; Win64; x64) AppleWebKit/537.36 (KHTML, like Gecko) Chrome/143.0.0.0 Safari/537.36"
104.23.221.191 - - [04/Jan/2026:11:14:12 +0000] "GET /wp-admin/setup-config.php HTTP/2.0" 404 93 "-" "https://lead360.app/wp-admin/setup-config.php"
104.23.221.190 - - [04/Jan/2026:11:14:21 +0000] "GET /wp-admin/setup-config.php HTTP/2.0" 404 136 "-" "Mozilla/5.0 (Windows NT 10.0; Win64; x64) AppleWebKit/537.36 (KHTML, like Gecko) Chrome/143.0.0.0 Safari/537.36"
162.158.183.23 - - [04/Jan/2026:11:15:34 +0000] "GET /wordpress/wp-admin/setup-config.php HTTP/2.0" 404 136 "-" "Mozilla/5.0 (Windows NT 10.0; Win64; x64) AppleWebKit/537.36 (KHTML, like Gecko) Chrome/143.0.0.0 Safari/537.36"
104.23.221.191 - - [04/Jan/2026:11:15:48 +0000] "GET /wordpress/wp-admin/setup-config.php HTTP/2.0" 404 93 "-" "https://lead360.app/wordpress/wp-admin/setup-config.php"
104.23.223.86 - - [04/Jan/2026:11:31:50 +0000] "GET /wp-admin/setup-config.php HTTP/2.0" 404 93 "-" "http://lead360.app/wp-admin/setup-config.php"
172.71.164.203 - - [04/Jan/2026:11:32:38 +0000] "GET /wp-admin/setup-config.php HTTP/2.0" 404 93 "-" "https://lead360.app/wp-admin/setup-config.php"
172.70.248.159 - - [04/Jan/2026:11:33:15 +0000] "GET /wordpress/wp-admin/setup-config.php HTTP/2.0" 404 136 "-" "Mozilla/5.0 (Windows NT 10.0; Win64; x64) AppleWebKit/537.36 (KHTML, like Gecko) Chrome/143.0.0.0 Safari/537.36"
104.23.223.87 - - [04/Jan/2026:11:34:38 +0000] "GET /wordpress/wp-admin/setup-config.php HTTP/2.0" 404 93 "-" "https://lead360.app/wordpress/wp-admin/setup-config.php"
104.23.217.137 - - [04/Jan/2026:11:46:47 +0000] "GET /wp-admin/setup-config.php HTTP/2.0" 404 136 "-" "Mozilla/5.0 (Windows NT 10.0; Win64; x64) AppleWebKit/537.36 (KHTML, like Gecko) Chrome/143.0.0.0 Safari/537.36"
104.23.217.137 - - [04/Jan/2026:11:49:20 +0000] "GET /wp-admin/setup-config.php HTTP/2.0" 404 93 "-" "https://lead360.app/wp-admin/setup-config.php"
104.23.217.137 - - [04/Jan/2026:11:50:28 +0000] "GET /wordpress/wp-admin/setup-config.php HTTP/2.0" 404 93 "-" "http://lead360.app/wordpress/wp-admin/setup-config.php"
104.23.221.190 - - [04/Jan/2026:11:50:41 +0000] "GET /wordpress/wp-admin/setup-config.php HTTP/2.0" 404 93 "-" "https://lead360.app/wordpress/wp-admin/setup-config.php"
104.23.221.191 - - [04/Jan/2026:12:02:59 +0000] "GET /wp-admin/setup-config.php HTTP/2.0" 404 136 "-" "Mozilla/5.0 (Windows NT 10.0; Win64; x64) AppleWebKit/537.36 (KHTML, like Gecko) Chrome/143.0.0.0 Safari/537.36"
43.159.152.4 - - [04/Jan/2026:12:03:22 +0000] "GET / HTTP/1.1" 200 177 "http://www.lead360.app" "Mozilla/5.0 (iPhone; CPU iPhone OS 13_2_3 like Mac OS X) AppleWebKit/605.1.15 (KHTML, like Gecko) Version/13.0.3 Mobile/15E148 Safari/604.1"
104.23.223.87 - - [04/Jan/2026:12:03:43 +0000] "GET /wordpress/wp-admin/setup-config.php HTTP/2.0" 404 136 "-" "Mozilla/5.0 (Windows NT 10.0; Win64; x64) AppleWebKit/537.36 (KHTML, like Gecko) Chrome/143.0.0.0 Safari/537.36"
104.23.221.191 - - [04/Jan/2026:12:04:12 +0000] "GET /wordpress/wp-admin/setup-config.php HTTP/2.0" 404 136 "-" "Mozilla/5.0 (Windows NT 10.0; Win64; x64) AppleWebKit/537.36 (KHTML, like Gecko) Chrome/143.0.0.0 Safari/537.36"
104.23.223.87 - - [04/Jan/2026:12:04:26 +0000] "GET /wp-admin/setup-config.php HTTP/2.0" 404 136 "-" "Mozilla/5.0 (Windows NT 10.0; Win64; x64) AppleWebKit/537.36 (KHTML, like Gecko) Chrome/143.0.0.0 Safari/537.36"
104.23.221.191 - - [04/Jan/2026:12:19:55 +0000] "GET /wp-admin/setup-config.php HTTP/2.0" 404 93 "-" "https://lead360.app/wp-admin/setup-config.php"
104.23.223.86 - - [04/Jan/2026:12:21:09 +0000] "GET /wp-admin/setup-config.php HTTP/2.0" 404 93 "-" "http://lead360.app/wp-admin/setup-config.php"
172.69.151.145 - - [04/Jan/2026:12:22:05 +0000] "GET /wordpress/wp-admin/setup-config.php HTTP/2.0" 404 93 "-" "http://lead360.app/wordpress/wp-admin/setup-config.php"
104.23.223.87 - - [04/Jan/2026:12:22:29 +0000] "GET /wordpress/wp-admin/setup-config.php HTTP/2.0" 404 93 "-" "https://lead360.app/wordpress/wp-admin/setup-config.php"
172.82.65.38 - - [04/Jan/2026:12:29:03 +0000] "GET / HTTP/1.1" 200 126 "https://www.google.com/" "Mozilla/5.0 (X11; Linux x86_64) AppleWebKit/537.36 (KHTML, like Gecko) Chrome/122.0.0.0 Safari/537.36"
104.23.223.86 - - [04/Jan/2026:12:36:36 +0000] "GET /wp-admin/setup-config.php HTTP/2.0" 404 136 "-" "Mozilla/5.0 (Windows NT 10.0; Win64; x64) AppleWebKit/537.36 (KHTML, like Gecko) Chrome/143.0.0.0 Safari/537.36"
104.23.221.190 - - [04/Jan/2026:12:38:56 +0000] "GET /wp-admin/setup-config.php HTTP/2.0" 404 93 "-" "http://lead360.app/wp-admin/setup-config.php"
104.23.221.191 - - [04/Jan/2026:12:39:10 +0000] "GET /wordpress/wp-admin/setup-config.php HTTP/2.0" 404 93 "-" "https://lead360.app/wordpress/wp-admin/setup-config.php"
172.70.242.210 - - [04/Jan/2026:12:39:25 +0000] "GET /wordpress/wp-admin/setup-config.php HTTP/2.0" 404 93 "-" "http://lead360.app/wordpress/wp-admin/setup-config.php"
104.23.223.86 - - [04/Jan/2026:12:50:36 +0000] "GET /wp-admin/setup-config.php HTTP/2.0" 404 136 "-" "Mozilla/5.0 (Windows NT 10.0; Win64; x64) AppleWebKit/537.36 (KHTML, like Gecko) Chrome/143.0.0.0 Safari/537.36"
104.23.223.86 - - [04/Jan/2026:12:51:14 +0000] "GET /wordpress/wp-admin/setup-config.php HTTP/2.0" 404 136 "-" "Mozilla/5.0 (Windows NT 10.0; Win64; x64) AppleWebKit/537.36 (KHTML, like Gecko) Chrome/143.0.0.0 Safari/537.36"
104.23.223.87 - - [04/Jan/2026:12:52:36 +0000] "GET /wordpress/wp-admin/setup-config.php HTTP/2.0" 404 136 "-" "Mozilla/5.0 (Windows NT 10.0; Win64; x64) AppleWebKit/537.36 (KHTML, like Gecko) Chrome/143.0.0.0 Safari/537.36"
122.164.126.53 - - [04/Jan/2026:12:52:40 +0000] "HEAD / HTTP/2.0" 200 0 "-" "curl/8.7.1"
122.164.126.53 - - [04/Jan/2026:12:52:41 +0000] "HEAD / HTTP/2.0" 200 0 "-" "curl/8.7.1"
104.23.223.86 - - [04/Jan/2026:12:54:15 +0000] "GET /wp-admin/setup-config.php HTTP/2.0" 404 93 "-" "https://lead360.app/wp-admin/setup-config.php"
104.23.223.86 - - [04/Jan/2026:13:07:47 +0000] "GET /wordpress/wp-admin/setup-config.php HTTP/2.0" 404 136 "-" "Mozilla/5.0 (Windows NT 10.0; Win64; x64) AppleWebKit/537.36 (KHTML, like Gecko) Chrome/143.0.0.0 Safari/537.36"
104.23.221.190 - - [04/Jan/2026:13:07:52 +0000] "GET /wp-admin/setup-config.php HTTP/2.0" 404 93 "-" "http://lead360.app/wp-admin/setup-config.php"
104.23.223.86 - - [04/Jan/2026:13:09:27 +0000] "GET /wordpress/wp-admin/setup-config.php HTTP/2.0" 404 93 "-" "https://lead360.app/wordpress/wp-admin/setup-config.php"
104.23.223.86 - - [04/Jan/2026:13:10:24 +0000] "GET /wp-admin/setup-config.php HTTP/2.0" 404 93 "-" "https://lead360.app/wp-admin/setup-config.php"
43.128.149.102 - - [04/Jan/2026:13:18:29 +0000] "GET / HTTP/1.1" 200 177 "http://www.lead360.app" "Mozilla/5.0 (iPhone; CPU iPhone OS 13_2_3 like Mac OS X) AppleWebKit/605.1.15 (KHTML, like Gecko) Version/13.0.3 Mobile/15E148 Safari/604.1"
104.23.217.137 - - [04/Jan/2026:13:25:40 +0000] "GET /wp-admin/setup-config.php HTTP/2.0" 404 93 "-" "http://lead360.app/wp-admin/setup-config.php"
104.23.221.190 - - [04/Jan/2026:13:43:26 +0000] "GET /wp-admin/setup-config.php HTTP/2.0" 404 136 "-" "Mozilla/5.0 (Windows NT 10.0; Win64; x64) AppleWebKit/537.36 (KHTML, like Gecko) Chrome/143.0.0.0 Safari/537.36"
104.23.223.86 - - [04/Jan/2026:13:44:23 +0000] "GET /wordpress/wp-admin/setup-config.php HTTP/2.0" 404 136 "-" "Mozilla/5.0 (Windows NT 10.0; Win64; x64) AppleWebKit/537.36 (KHTML, like Gecko) Chrome/143.0.0.0 Safari/537.36"
172.71.172.157 - - [04/Jan/2026:13:44:47 +0000] "GET /wp-admin/setup-config.php HTTP/2.0" 404 93 "-" "http://lead360.app/wp-admin/setup-config.php"
104.23.221.191 - - [04/Jan/2026:13:45:01 +0000] "GET /wordpress/wp-admin/setup-config.php HTTP/2.0" 404 93 "-" "http://lead360.app/wordpress/wp-admin/setup-config.php"
162.158.183.23 - - [04/Jan/2026:13:57:11 +0000] "GET /wp-admin/setup-config.php HTTP/2.0" 404 93 "-" "https://lead360.app/wp-admin/setup-config.php"
104.23.217.137 - - [04/Jan/2026:13:59:11 +0000] "GET /wp-admin/setup-config.php HTTP/2.0" 404 93 "-" "http://lead360.app/wp-admin/setup-config.php"
104.23.221.190 - - [04/Jan/2026:14:00:20 +0000] "GET /wordpress/wp-admin/setup-config.php HTTP/2.0" 404 93 "-" "http://lead360.app/wordpress/wp-admin/setup-config.php"
104.23.221.190 - - [04/Jan/2026:14:00:48 +0000] "GET /wordpress/wp-admin/setup-config.php HTTP/2.0" 404 93 "-" "https://lead360.app/wordpress/wp-admin/setup-config.php"
44.200.20.63 - - [04/Jan/2026:14:11:16 +0000] "GET / HTTP/1.1" 200 177 "-" "Mozilla/5.0 (Windows NT 11.0) AppleWebKit/537.36 (KHTML, like Gecko) Safari/121.0 Safari/537.36"
54.173.165.0 - - [04/Jan/2026:14:12:52 +0000] "GET / HTTP/1.1" 200 177 "-" "Mozilla/5.0 (X11; Linux x86_64) AppleWebKit/537.36 (KHTML, like Gecko) Chrome/77.0.3865.75 Safari/537.36"
104.23.223.87 - - [04/Jan/2026:14:16:43 +0000] "GET /wp-admin/setup-config.php HTTP/2.0" 404 93 "-" "http://lead360.app/wp-admin/setup-config.php"
172.64.192.153 - - [04/Jan/2026:14:17:02 +0000] "GET /wordpress/wp-admin/setup-config.php HTTP/2.0" 404 93 "-" "https://lead360.app/wordpress/wp-admin/setup-config.php"
104.23.223.86 - - [04/Jan/2026:14:17:54 +0000] "GET /wp-admin/setup-config.php HTTP/2.0" 404 93 "-" "https://lead360.app/wp-admin/setup-config.php"
162.158.87.2 - - [04/Jan/2026:14:18:08 +0000] "GET /wordpress/wp-admin/setup-config.php HTTP/2.0" 404 93 "-" "http://lead360.app/wordpress/wp-admin/setup-config.php"
162.158.183.24 - - [04/Jan/2026:14:31:41 +0000] "GET /wp-admin/setup-config.php HTTP/2.0" 404 136 "-" "Mozilla/5.0 (Windows NT 10.0; Win64; x64) AppleWebKit/537.36 (KHTML, like Gecko) Chrome/143.0.0.0 Safari/537.36"
104.23.217.137 - - [04/Jan/2026:14:31:51 +0000] "GET /wordpress/wp-admin/setup-config.php HTTP/2.0" 404 93 "-" "http://lead360.app/wordpress/wp-admin/setup-config.php"
162.158.183.24 - - [04/Jan/2026:14:31:56 +0000] "GET /wordpress/wp-admin/setup-config.php HTTP/2.0" 404 136 "-" "Mozilla/5.0 (Windows NT 10.0; Win64; x64) AppleWebKit/537.36 (KHTML, like Gecko) Chrome/143.0.0.0 Safari/537.36"
162.158.183.23 - - [04/Jan/2026:14:33:18 +0000] "GET /wp-admin/setup-config.php HTTP/2.0" 404 93 "-" "http://lead360.app/wp-admin/setup-config.php"
124.156.157.91 - - [04/Jan/2026:14:35:16 +0000] "GET / HTTP/1.1" 200 177 "http://lead360.app" "Mozilla/5.0 (iPhone; CPU iPhone OS 13_2_3 like Mac OS X) AppleWebKit/605.1.15 (KHTML, like Gecko) Version/13.0.3 Mobile/15E148 Safari/604.1"
14.194.11.238 - - [04/Jan/2026:14:40:57 +0000] "GET / HTTP/2.0" 200 115 "-" "Mozilla/5.0 (Windows NT 10.0; Win64; x64) AppleWebKit/537.36 (KHTML, like Gecko) Chrome/108.0.0.0 Safari/537.36"
14.194.11.238 - - [04/Jan/2026:14:41:00 +0000] "GET / HTTP/2.0" 200 115 "-" "Mozilla/5.0 (Windows NT 10.0; Win64; x64) AppleWebKit/537.36 (KHTML, like Gecko) Chrome/140.0.7339.186 Safari/537.36"
104.23.221.191 - - [04/Jan/2026:14:49:03 +0000] "GET /wp-admin/setup-config.php HTTP/2.0" 404 93 "-" "http://lead360.app/wp-admin/setup-config.php"
104.23.221.191 - - [04/Jan/2026:14:49:22 +0000] "GET /wordpress/wp-admin/setup-config.php HTTP/2.0" 404 136 "-" "Mozilla/5.0 (Windows NT 10.0; Win64; x64) AppleWebKit/537.36 (KHTML, like Gecko) Chrome/143.0.0.0 Safari/537.36"
104.23.223.87 - - [04/Jan/2026:14:50:15 +0000] "GET /wp-admin/setup-config.php HTTP/2.0" 404 136 "-" "Mozilla/5.0 (Windows NT 10.0; Win64; x64) AppleWebKit/537.36 (KHTML, like Gecko) Chrome/143.0.0.0 Safari/537.36"
104.23.223.86 - - [04/Jan/2026:14:50:15 +0000] "GET /wordpress/wp-admin/setup-config.php HTTP/2.0" 404 136 "-" "Mozilla/5.0 (Windows NT 10.0; Win64; x64) AppleWebKit/537.36 (KHTML, like Gecko) Chrome/143.0.0.0 Safari/537.36"
104.23.221.190 - - [04/Jan/2026:15:04:45 +0000] "GET /wordpress/wp-admin/setup-config.php HTTP/2.0" 404 136 "-" "Mozilla/5.0 (Windows NT 10.0; Win64; x64) AppleWebKit/537.36 (KHTML, like Gecko) Chrome/143.0.0.0 Safari/537.36"
162.158.183.23 - - [04/Jan/2026:15:06:21 +0000] "GET /wp-admin/setup-config.php HTTP/2.0" 404 136 "-" "Mozilla/5.0 (Windows NT 10.0; Win64; x64) AppleWebKit/537.36 (KHTML, like Gecko) Chrome/143.0.0.0 Safari/537.36"
162.158.183.23 - - [04/Jan/2026:15:08:01 +0000] "GET /wordpress/wp-admin/setup-config.php HTTP/2.0" 404 93 "-" "http://lead360.app/wordpress/wp-admin/setup-config.php"
172.71.144.64 - - [04/Jan/2026:15:19:16 +0000] "GET /wordpress/wp-admin/setup-config.php HTTP/2.0" 404 136 "-" "Mozilla/5.0 (Windows NT 10.0; Win64; x64) AppleWebKit/537.36 (KHTML, like Gecko) Chrome/143.0.0.0 Safari/537.36"
104.23.221.190 - - [04/Jan/2026:15:20:18 +0000] "GET /wp-admin/setup-config.php HTTP/2.0" 404 93 "-" "https://lead360.app/wp-admin/setup-config.php"
162.158.94.187 - - [04/Jan/2026:15:20:36 +0000] "GET /wp-admin/setup-config.php HTTP/2.0" 404 93 "-" "http://lead360.app/wp-admin/setup-config.php"
104.23.223.86 - - [04/Jan/2026:15:21:28 +0000] "GET /wordpress/wp-admin/setup-config.php HTTP/2.0" 404 136 "-" "Mozilla/5.0 (Windows NT 10.0; Win64; x64) AppleWebKit/537.36 (KHTML, like Gecko) Chrome/143.0.0.0 Safari/537.36"
172.71.172.157 - - [04/Jan/2026:15:34:57 +0000] "GET /wp-admin/setup-config.php HTTP/2.0" 404 93 "-" "http://lead360.app/wp-admin/setup-config.php"
104.23.223.87 - - [04/Jan/2026:15:35:45 +0000] "GET /wordpress/wp-admin/setup-config.php HTTP/2.0" 404 93 "-" "https://lead360.app/wordpress/wp-admin/setup-config.php"
172.71.164.203 - - [04/Jan/2026:15:36:09 +0000] "GET /wordpress/wp-admin/setup-config.php HTTP/2.0" 404 93 "-" "http://lead360.app/wordpress/wp-admin/setup-config.php"
172.71.241.165 - - [04/Jan/2026:15:36:32 +0000] "GET /wp-admin/setup-config.php HTTP/2.0" 404 93 "-" "https://lead360.app/wp-admin/setup-config.php"
172.71.172.156 - - [04/Jan/2026:15:48:00 +0000] "GET /wp-admin/setup-config.php HTTP/2.0" 404 93 "-" "http://lead360.app/wp-admin/setup-config.php"
104.23.223.87 - - [04/Jan/2026:15:48:10 +0000] "GET /wordpress/wp-admin/setup-config.php HTTP/2.0" 404 93 "-" "https://lead360.app/wordpress/wp-admin/setup-config.php"
162.158.110.106 - - [04/Jan/2026:15:49:47 +0000] "GET /wordpress/wp-admin/setup-config.php HTTP/2.0" 404 93 "-" "http://lead360.app/wordpress/wp-admin/setup-config.php"
172.71.164.203 - - [04/Jan/2026:15:51:08 +0000] "GET /wp-admin/setup-config.php HTTP/2.0" 404 93 "-" "https://lead360.app/wp-admin/setup-config.php"
104.23.217.137 - - [04/Jan/2026:16:03:48 +0000] "GET /wp-admin/setup-config.php HTTP/2.0" 404 93 "-" "http://lead360.app/wp-admin/setup-config.php"
162.158.183.23 - - [04/Jan/2026:16:04:12 +0000] "GET /wordpress/wp-admin/setup-config.php HTTP/2.0" 404 93 "-" "https://lead360.app/wordpress/wp-admin/setup-config.php"
104.23.217.136 - - [04/Jan/2026:16:04:46 +0000] "GET /wordpress/wp-admin/setup-config.php HTTP/2.0" 404 136 "-" "Mozilla/5.0 (Windows NT 10.0; Win64; x64) AppleWebKit/537.36 (KHTML, like Gecko) Chrome/143.0.0.0 Safari/537.36"
104.23.223.86 - - [04/Jan/2026:16:05:36 +0000] "GET /wp-admin/setup-config.php HTTP/2.0" 404 136 "-" "Mozilla/5.0 (Windows NT 10.0; Win64; x64) AppleWebKit/537.36 (KHTML, like Gecko) Chrome/143.0.0.0 Safari/537.36"
194.59.205.56 - - [04/Jan/2026:16:16:12 +0000] "GET /robots.txt HTTP/1.1" 404 153 "-" "Mozilla/5.0 (compatible; Website-info.net-Robot; https://website-info.net/robot)"
194.59.205.56 - - [04/Jan/2026:16:16:12 +0000] "GET /robots.txt HTTP/1.1" 404 153 "-" "Mozilla/5.0 (compatible; Website-info.net-Robot; https://website-info.net/robot)"
194.59.205.56 - - [04/Jan/2026:16:16:12 +0000] "GET / HTTP/1.1" 200 177 "-" "Mozilla/5.0 (compatible; Website-info.net-Robot; https://website-info.net/robot)"
162.158.110.107 - - [04/Jan/2026:16:18:42 +0000] "GET /wordpress/wp-admin/setup-config.php HTTP/2.0" 404 93 "-" "http://lead360.app/wordpress/wp-admin/setup-config.php"
104.23.223.87 - - [04/Jan/2026:16:20:00 +0000] "GET /wp-admin/setup-config.php HTTP/2.0" 404 136 "-" "Mozilla/5.0 (Windows NT 10.0; Win64; x64) AppleWebKit/537.36 (KHTML, like Gecko) Chrome/143.0.0.0 Safari/537.36"
172.71.144.64 - - [04/Jan/2026:16:21:08 +0000] "GET /wordpress/wp-admin/setup-config.php HTTP/2.0" 404 136 "-" "Mozilla/5.0 (Windows NT 10.0; Win64; x64) AppleWebKit/537.36 (KHTML, like Gecko) Chrome/143.0.0.0 Safari/537.36"
172.69.224.50 - - [04/Jan/2026:16:22:03 +0000] "GET /wp-admin/setup-config.php HTTP/2.0" 404 93 "-" "https://lead360.app/wp-admin/setup-config.php"
104.23.223.87 - - [04/Jan/2026:16:36:15 +0000] "GET /wordpress/wp-admin/setup-config.php HTTP/2.0" 404 136 "-" "Mozilla/5.0 (Windows NT 10.0; Win64; x64) AppleWebKit/537.36 (KHTML, like Gecko) Chrome/143.0.0.0 Safari/537.36"
172.69.151.145 - - [04/Jan/2026:16:36:58 +0000] "GET /wp-admin/setup-config.php HTTP/2.0" 404 136 "-" "Mozilla/5.0 (Windows NT 10.0; Win64; x64) AppleWebKit/537.36 (KHTML, like Gecko) Chrome/143.0.0.0 Safari/537.36"
162.158.94.186 - - [04/Jan/2026:16:37:03 +0000] "GET /wordpress/wp-admin/setup-config.php HTTP/2.0" 404 93 "-" "http://lead360.app/wordpress/wp-admin/setup-config.php"
104.23.223.87 - - [04/Jan/2026:16:38:38 +0000] "GET /wp-admin/setup-config.php HTTP/2.0" 404 93 "-" "https://lead360.app/wp-admin/setup-config.php"
104.23.223.87 - - [04/Jan/2026:16:52:19 +0000] "GET /wp-admin/setup-config.php HTTP/2.0" 404 93 "-" "http://lead360.app/wp-admin/setup-config.php"
172.70.247.188 - - [04/Jan/2026:16:52:48 +0000] "GET /wordpress/wp-admin/setup-config.php HTTP/2.0" 404 93 "-" "http://lead360.app/wordpress/wp-admin/setup-config.php"
104.23.223.86 - - [04/Jan/2026:16:53:34 +0000] "GET /wp-admin/setup-config.php HTTP/2.0" 404 93 "-" "https://lead360.app/wp-admin/setup-config.php"
172.69.151.145 - - [04/Jan/2026:16:54:21 +0000] "GET /wordpress/wp-admin/setup-config.php HTTP/2.0" 404 136 "-" "Mozilla/5.0 (Windows NT 10.0; Win64; x64) AppleWebKit/537.36 (KHTML, like Gecko) Chrome/143.0.0.0 Safari/537.36"
104.23.223.86 - - [04/Jan/2026:17:07:46 +0000] "GET /wordpress/wp-admin/setup-config.php HTTP/2.0" 404 136 "-" "Mozilla/5.0 (Windows NT 10.0; Win64; x64) AppleWebKit/537.36 (KHTML, like Gecko) Chrome/143.0.0.0 Safari/537.36"
104.23.223.86 - - [04/Jan/2026:17:08:44 +0000] "GET /wp-admin/setup-config.php HTTP/2.0" 404 136 "-" "Mozilla/5.0 (Windows NT 10.0; Win64; x64) AppleWebKit/537.36 (KHTML, like Gecko) Chrome/143.0.0.0 Safari/537.36"
104.23.221.190 - - [04/Jan/2026:17:08:49 +0000] "GET /wordpress/wp-admin/setup-config.php HTTP/2.0" 404 93 "-" "https://lead360.app/wordpress/wp-admin/setup-config.php"
104.23.223.86 - - [04/Jan/2026:17:09:17 +0000] "GET /wp-admin/setup-config.php HTTP/2.0" 404 136 "-" "Mozilla/5.0 (Windows NT 10.0; Win64; x64) AppleWebKit/537.36 (KHTML, like Gecko) Chrome/143.0.0.0 Safari/537.36"
85.142.254.188 - - [04/Jan/2026:17:18:52 +0000] "GET / HTTP/1.1" 200 177 "-" "Mozilla/5.0 (Windows NT 10.0; Win64; x64) AppleWebKit/537.36 (KHTML, like Gecko) Chrome/122.0.0.0 Safari/537.36"
104.23.223.87 - - [04/Jan/2026:17:22:53 +0000] "GET /wp-admin/setup-config.php HTTP/2.0" 404 93 "-" "http://lead360.app/wp-admin/setup-config.php"
104.23.217.136 - - [04/Jan/2026:17:23:31 +0000] "GET /wordpress/wp-admin/setup-config.php HTTP/2.0" 404 93 "-" "https://lead360.app/wordpress/wp-admin/setup-config.php"
104.23.217.136 - - [04/Jan/2026:17:24:05 +0000] "GET /wp-admin/setup-config.php HTTP/2.0" 404 136 "-" "Mozilla/5.0 (Windows NT 10.0; Win64; x64) AppleWebKit/537.36 (KHTML, like Gecko) Chrome/143.0.0.0 Safari/537.36"
162.158.183.23 - - [04/Jan/2026:17:25:41 +0000] "GET /wordpress/wp-admin/setup-config.php HTTP/2.0" 404 136 "-" "Mozilla/5.0 (Windows NT 10.0; Win64; x64) AppleWebKit/537.36 (KHTML, like Gecko) Chrome/143.0.0.0 Safari/537.36"
212.112.19.112 - - [04/Jan/2026:17:38:36 +0000] "GET / HTTP/2.0" 200 177 "http://lead360.app/" "Mozilla/5.0 (Macintosh; Intel Mac OS X 10_15_7) AppleWebKit/605.1.15 (KHTML, like Gecko) Version/17.3 Safari/605.1.15"
212.112.19.112 - - [04/Jan/2026:17:38:40 +0000] "GET / HTTP/2.0" 200 177 "http://lead360.app/" "Mozilla/5.0 (iPhone; CPU iPhone OS 19_0 like Mac OS X) AppleWebKit/605.1.15 (KHTML, like Gecko) Version/26.0 Mobile/15E148 Safari/604.1"
128.90.172.98 - - [04/Jan/2026:17:39:07 +0000] "GET / HTTP/2.0" 200 115 "-" "Mozilla/5.0 (Macintosh; Intel Mac OS X 10_15_7) AppleWebKit/605.1.15 (KHTML, like Gecko) Version/17.3 Safari/605.1.15"
104.23.221.191 - - [04/Jan/2026:17:39:13 +0000] "GET /wp-admin/setup-config.php HTTP/2.0" 404 93 "-" "http://lead360.app/wp-admin/setup-config.php"
104.23.221.191 - - [04/Jan/2026:17:39:18 +0000] "GET /wp-admin/setup-config.php HTTP/2.0" 404 93 "-" "https://lead360.app/wp-admin/setup-config.php"
104.23.223.86 - - [04/Jan/2026:17:40:34 +0000] "GET /wordpress/wp-admin/setup-config.php HTTP/2.0" 404 93 "-" "https://lead360.app/wordpress/wp-admin/setup-config.php"
162.158.110.106 - - [04/Jan/2026:17:41:36 +0000] "GET /wordpress/wp-admin/setup-config.php HTTP/2.0" 404 93 "-" "http://lead360.app/wordpress/wp-admin/setup-config.php"
104.23.223.86 - - [04/Jan/2026:17:54:23 +0000] "GET /wp-admin/setup-config.php HTTP/2.0" 404 136 "-" "Mozilla/5.0 (Windows NT 10.0; Win64; x64) AppleWebKit/537.36 (KHTML, like Gecko) Chrome/143.0.0.0 Safari/537.36"
104.23.223.86 - - [04/Jan/2026:17:55:50 +0000] "GET /wp-admin/setup-config.php HTTP/2.0" 404 136 "-" "Mozilla/5.0 (Windows NT 10.0; Win64; x64) AppleWebKit/537.36 (KHTML, like Gecko) Chrome/143.0.0.0 Safari/537.36"
104.23.223.87 - - [04/Jan/2026:17:56:56 +0000] "GET /wordpress/wp-admin/setup-config.php HTTP/2.0" 404 93 "-" "http://lead360.app/wordpress/wp-admin/setup-config.php"
172.70.248.159 - - [04/Jan/2026:17:57:29 +0000] "GET /wordpress/wp-admin/setup-config.php HTTP/2.0" 404 93 "-" "https://lead360.app/wordpress/wp-admin/setup-config.php"
104.23.217.136 - - [04/Jan/2026:18:10:08 +0000] "GET /wp-admin/setup-config.php HTTP/2.0" 404 136 "-" "Mozilla/5.0 (Windows NT 10.0; Win64; x64) AppleWebKit/537.36 (KHTML, like Gecko) Chrome/143.0.0.0 Safari/537.36"
104.23.223.86 - - [04/Jan/2026:18:10:13 +0000] "GET /wordpress/wp-admin/setup-config.php HTTP/2.0" 404 93 "-" "http://lead360.app/wordpress/wp-admin/setup-config.php"
104.23.217.137 - - [04/Jan/2026:18:12:29 +0000] "GET /wp-admin/setup-config.php HTTP/2.0" 404 93 "-" "http://lead360.app/wp-admin/setup-config.php"
104.23.221.191 - - [04/Jan/2026:18:13:07 +0000] "GET /wordpress/wp-admin/setup-config.php HTTP/2.0" 404 93 "-" "https://lead360.app/wordpress/wp-admin/setup-config.php"
104.23.221.190 - - [04/Jan/2026:18:25:07 +0000] "GET /wp-admin/setup-config.php HTTP/2.0" 404 136 "-" "Mozilla/5.0 (Windows NT 10.0; Win64; x64) AppleWebKit/537.36 (KHTML, like Gecko) Chrome/143.0.0.0 Safari/537.36"
172.71.184.172 - - [04/Jan/2026:18:25:16 +0000] "GET /wordpress/wp-admin/setup-config.php HTTP/2.0" 404 93 "-" "https://lead360.app/wordpress/wp-admin/setup-config.php"
172.68.10.126 - - [04/Jan/2026:18:26:59 +0000] "GET /wordpress/wp-admin/setup-config.php HTTP/2.0" 404 93 "-" "http://lead360.app/wordpress/wp-admin/setup-config.php"
104.23.221.191 - - [04/Jan/2026:18:28:25 +0000] "GET /wp-admin/setup-config.php HTTP/2.0" 404 93 "-" "https://lead360.app/wp-admin/setup-config.php"
172.70.247.187 - - [04/Jan/2026:18:29:03 +0000] "GET /wp-admin/setup-config.php HTTP/2.0" 404 93 "-" "http://lead360.app/wp-admin/setup-config.php"
35.230.171.27 - - [04/Jan/2026:18:32:53 +0000] "GET / HTTP/2.0" 200 177 "http://www.lead360.app" "Mozilla/5.0 (compatible; CMS-Checker/1.0; +https://example.com)"
172.71.184.173 - - [04/Jan/2026:18:39:02 +0000] "GET /wordpress/wp-admin/setup-config.php HTTP/2.0" 404 93 "-" "https://lead360.app/wordpress/wp-admin/setup-config.php"
104.23.221.190 - - [04/Jan/2026:18:39:54 +0000] "GET /wordpress/wp-admin/setup-config.php HTTP/2.0" 404 136 "-" "Mozilla/5.0 (Windows NT 10.0; Win64; x64) AppleWebKit/537.36 (KHTML, like Gecko) Chrome/143.0.0.0 Safari/537.36"
162.158.86.254 - - [04/Jan/2026:18:41:26 +0000] "GET /wp-admin/setup-config.php HTTP/2.0" 404 93 "-" "http://lead360.app/wp-admin/setup-config.php"
162.158.111.7 - - [04/Jan/2026:18:43:09 +0000] "GET /wp-admin/setup-config.php HTTP/2.0" 404 136 "-" "Mozilla/5.0 (Windows NT 10.0; Win64; x64) AppleWebKit/537.36 (KHTML, like Gecko) Chrome/143.0.0.0 Safari/537.36"
142.44.225.54 - - [04/Jan/2026:18:43:27 +0000] "GET /robots.txt HTTP/2.0" 404 93 "-" "Mozilla/5.0 (compatible; AhrefsBot/7.0; +http://ahrefs.com/robot/)"
35.185.75.160 - - [04/Jan/2026:18:43:31 +0000] "GET / HTTP/2.0" 200 177 "http://lead360.app" "Mozilla/5.0 (compatible; CMS-Checker/1.0; +https://example.com)"
151.240.205.206 - - [04/Jan/2026:18:49:03 +0000] "GET / HTTP/2.0" 200 115 "-" "Mozilla/5.0 (X11; Linux x86_64) AppleWebKit/537.36 (KHTML, like Gecko) Chrome/142.0.0.0 Safari/537.36"
172.68.10.126 - - [04/Jan/2026:18:53:55 +0000] "GET /wp-admin/setup-config.php HTTP/2.0" 404 136 "-" "Mozilla/5.0 (Windows NT 10.0; Win64; x64) AppleWebKit/537.36 (KHTML, like Gecko) Chrome/143.0.0.0 Safari/537.36"
172.70.242.210 - - [04/Jan/2026:18:55:15 +0000] "GET /wordpress/wp-admin/setup-config.php HTTP/2.0" 404 93 "-" "https://lead360.app/wordpress/wp-admin/setup-config.php"
172.71.184.172 - - [04/Jan/2026:18:56:36 +0000] "GET /wordpress/wp-admin/setup-config.php HTTP/2.0" 404 93 "-" "http://lead360.app/wordpress/wp-admin/setup-config.php"
172.71.184.172 - - [04/Jan/2026:18:57:30 +0000] "GET /wp-admin/setup-config.php HTTP/2.0" 404 136 "-" "Mozilla/5.0 (Windows NT 10.0; Win64; x64) AppleWebKit/537.36 (KHTML, like Gecko) Chrome/143.0.0.0 Safari/537.36"
104.23.223.87 - - [04/Jan/2026:19:09:21 +0000] "GET /wordpress/wp-admin/setup-config.php HTTP/2.0" 404 93 "-" "http://lead360.app/wordpress/wp-admin/setup-config.php"
162.158.183.24 - - [04/Jan/2026:19:10:29 +0000] "GET /wp-admin/setup-config.php HTTP/2.0" 404 93 "-" "http://lead360.app/wp-admin/setup-config.php"
104.23.221.191 - - [04/Jan/2026:19:11:02 +0000] "GET /wp-admin/setup-config.php HTTP/2.0" 404 136 "-" "Mozilla/5.0 (Windows NT 10.0; Win64; x64) AppleWebKit/537.36 (KHTML, like Gecko) Chrome/143.0.0.0 Safari/537.36"
104.23.217.136 - - [04/Jan/2026:19:11:31 +0000] "GET /wordpress/wp-admin/setup-config.php HTTP/2.0" 404 136 "-" "Mozilla/5.0 (Windows NT 10.0; Win64; x64) AppleWebKit/537.36 (KHTML, like Gecko) Chrome/143.0.0.0 Safari/537.36"
172.71.164.203 - - [04/Jan/2026:19:25:53 +0000] "GET /wp-admin/setup-config.php HTTP/2.0" 404 93 "-" "https://lead360.app/wp-admin/setup-config.php"
172.71.172.51 - - [04/Jan/2026:19:26:34 +0000] "GET /wordpress/wp-admin/setup-config.php HTTP/2.0" 404 93 "-" "http://lead360.app/wordpress/wp-admin/setup-config.php"
172.68.10.126 - - [04/Jan/2026:19:27:13 +0000] "GET /wp-admin/setup-config.php HTTP/2.0" 404 93 "-" "http://lead360.app/wp-admin/setup-config.php"
172.71.184.173 - - [04/Jan/2026:19:28:35 +0000] "GET /wordpress/wp-admin/setup-config.php HTTP/2.0" 404 93 "-" "https://lead360.app/wordpress/wp-admin/setup-config.php"
172.68.10.127 - - [04/Jan/2026:19:40:02 +0000] "GET /wp-admin/setup-config.php HTTP/2.0" 404 93 "-" "http://lead360.app/wp-admin/setup-config.php"
172.68.10.127 - - [04/Jan/2026:19:40:34 +0000] "GET /wordpress/wp-admin/setup-config.php HTTP/2.0" 404 93 "-" "https://lead360.app/wordpress/wp-admin/setup-config.php"
172.70.242.211 - - [04/Jan/2026:19:41:21 +0000] "GET /wp-admin/setup-config.php HTTP/2.0" 404 93 "-" "https://lead360.app/wp-admin/setup-config.php"
172.71.184.172 - - [04/Jan/2026:19:41:40 +0000] "GET /wordpress/wp-admin/setup-config.php HTTP/2.0" 404 93 "-" "http://lead360.app/wordpress/wp-admin/setup-config.php"
172.236.122.62 - - [04/Jan/2026:19:51:05 +0000] "GET / HTTP/2.0" 200 115 "-" "Mozilla/5.0 (Windows NT 10.0; Win64; x64) AppleWebKit/537.36 (KHTML, like Gecko) Chrome/139.0.0.0 Safari/537.36"
23.81.34.242 - - [04/Jan/2026:19:51:12 +0000] "GET / HTTP/2.0" 200 115 "-" "Mozilla/5.0 (Windows NT 11.0; Win64; x64) AppleWebKit/537.36 (KHTML, like Gecko) Chrome/134.0.6998.166 Safari/537.36"
51.68.236.91 - - [04/Jan/2026:19:53:37 +0000] "GET /robots.txt HTTP/1.1" 404 104 "-" "Mozilla/5.0 (compatible; MJ12bot/v2.0.4; http://mj12bot.com/)"
51.68.236.91 - - [04/Jan/2026:19:53:37 +0000] "GET / HTTP/1.1" 200 126 "-" "Mozilla/5.0 (compatible; MJ12bot/v2.0.4; http://mj12bot.com/)"
43.166.244.192 - - [04/Jan/2026:19:56:09 +0000] "GET / HTTP/1.1" 200 177 "http://www.lead360.app" "Mozilla/5.0 (iPhone; CPU iPhone OS 13_2_3 like Mac OS X) AppleWebKit/605.1.15 (KHTML, like Gecko) Version/13.0.3 Mobile/15E148 Safari/604.1"
74.7.175.183 - - [04/Jan/2026:19:57:30 +0000] "GET /robots.txt HTTP/2.0" 404 136 "-" "Mozilla/5.0 (Macintosh; Intel Mac OS X 10_15_7) AppleWebKit/537.36 (KHTML, like Gecko) Chrome/131.0.0.0 Safari/537.36; compatible; OAI-SearchBot/1.3; robots.txt; +https://openai.com/searchbot"
172.71.148.114 - - [04/Jan/2026:19:59:04 +0000] "GET /wordpress/wp-admin/setup-config.php HTTP/2.0" 404 93 "-" "http://lead360.app/wordpress/wp-admin/setup-config.php"
172.68.10.127 - - [04/Jan/2026:19:59:04 +0000] "GET /wp-admin/setup-config.php HTTP/2.0" 404 93 "-" "http://lead360.app/wp-admin/setup-config.php"
172.71.144.64 - - [04/Jan/2026:19:59:22 +0000] "GET /wp-admin/setup-config.php HTTP/2.0" 404 93 "-" "https://lead360.app/wp-admin/setup-config.php"
172.71.184.173 - - [04/Jan/2026:19:59:46 +0000] "GET /wordpress/wp-admin/setup-config.php HTTP/2.0" 404 93 "-" "https://lead360.app/wordpress/wp-admin/setup-config.php"
104.28.157.103 - - [04/Jan/2026:20:08:39 +0000] "GET / HTTP/1.1" 200 126 "-" "Mozilla/5.0 (Windows NT 10.0; Win64; x64) AppleWebKit/537.36 (KHTML, like Gecko) Chrome/119.0.0.0 Safari/537.36"
172.71.151.92 - - [04/Jan/2026:20:08:44 +0000] "GET /robots.txt HTTP/2.0" 404 93 "-" "-"
5.78.141.22 - - [04/Jan/2026:20:10:15 +0000] "GET / HTTP/1.1" 200 126 "-" "Mozilla/5.0 (Macintosh; Intel Mac OS X 10_15_7) AppleWebKit/537.36 (KHTML, like Gecko) Chrome/127.0.0.0 Safari/537.36"
5.78.141.22 - - [04/Jan/2026:20:10:15 +0000] "GET / HTTP/1.1" 200 126 "-" "Mozilla/5.0 (Macintosh; Intel Mac OS X 10_15_7) AppleWebKit/537.36 (KHTML, like Gecko) Chrome/127.0.0.0 Safari/537.36"
172.70.115.231 - - [04/Jan/2026:20:11:01 +0000] "GET / HTTP/2.0" 200 115 "-" "Mozilla/5.0 (Macintosh; Intel Mac OS X 10_15_7) AppleWebKit/537.36 (KHTML, like Gecko) Chrome/125.0.0.0 Safari/537.36"
213.180.203.37 - - [04/Jan/2026:20:11:57 +0000] "GET /robots.txt HTTP/1.1" 404 153 "-" "Mozilla/5.0 (compatible; YandexBot/3.0; +http://yandex.com/bots)"
87.250.224.220 - - [04/Jan/2026:20:11:57 +0000] "GET / HTTP/1.1" 200 177 "-" "Mozilla/5.0 (compatible; YandexBot/3.0; +http://yandex.com/bots)"
172.69.151.146 - - [04/Jan/2026:20:13:36 +0000] "GET /wp-admin/setup-config.php HTTP/2.0" 404 93 "-" "https://lead360.app/wp-admin/setup-config.php"
172.70.248.159 - - [04/Jan/2026:20:15:13 +0000] "GET /wordpress/wp-admin/setup-config.php HTTP/2.0" 404 93 "-" "http://lead360.app/wordpress/wp-admin/setup-config.php"
172.68.10.126 - - [04/Jan/2026:20:15:23 +0000] "GET /wp-admin/setup-config.php HTTP/2.0" 404 93 "-" "http://lead360.app/wp-admin/setup-config.php"
172.71.164.202 - - [04/Jan/2026:20:16:33 +0000] "GET /wordpress/wp-admin/setup-config.php HTTP/2.0" 404 93 "-" "https://lead360.app/wordpress/wp-admin/setup-config.php"
142.44.233.242 - - [04/Jan/2026:20:16:52 +0000] "GET /robots.txt HTTP/2.0" 404 93 "-" "Mozilla/5.0 (compatible; AhrefsBot/7.0; +http://ahrefs.com/robot/)"
51.161.65.247 - - [04/Jan/2026:20:16:55 +0000] "GET / HTTP/2.0" 200 115 "-" "Mozilla/5.0 (compatible; AhrefsBot/7.0; +http://ahrefs.com/robot/)"
5.255.231.23 - - [04/Jan/2026:20:17:16 +0000] "GET / HTTP/1.1" 200 177 "-" "Mozilla/5.0 (compatible; YandexBot/3.0; +http://yandex.com/bots)"
5.78.141.22 - - [04/Jan/2026:20:20:30 +0000] "GET / HTTP/1.1" 200 126 "-" "Mozilla/5.0 (Macintosh; Intel Mac OS X 10_15_7) AppleWebKit/537.36 (KHTML, like Gecko) Chrome/127.0.0.0 Safari/537.36"
5.78.141.22 - - [04/Jan/2026:20:20:30 +0000] "GET / HTTP/1.1" 200 126 "-" "Mozilla/5.0 (Macintosh; Intel Mac OS X 10_15_7) AppleWebKit/537.36 (KHTML, like Gecko) Chrome/127.0.0.0 Safari/537.36"
162.158.110.107 - - [04/Jan/2026:20:33:38 +0000] "GET /wordpress/wp-admin/setup-config.php HTTP/2.0" 404 93 "-" "https://lead360.app/wordpress/wp-admin/setup-config.php"
172.68.10.126 - - [04/Jan/2026:20:33:38 +0000] "GET /wordpress/wp-admin/setup-config.php HTTP/2.0" 404 93 "-" "http://lead360.app/wordpress/wp-admin/setup-config.php"
172.71.164.202 - - [04/Jan/2026:20:33:48 +0000] "GET /wp-admin/setup-config.php HTTP/2.0" 404 93 "-" "http://lead360.app/wp-admin/setup-config.php"
172.71.184.173 - - [04/Jan/2026:20:33:57 +0000] "GET /wp-admin/setup-config.php HTTP/2.0" 404 136 "-" "Mozilla/5.0 (Windows NT 10.0; Win64; x64) AppleWebKit/537.36 (KHTML, like Gecko) Chrome/143.0.0.0 Safari/537.36"
172.70.248.159 - - [04/Jan/2026:20:46:28 +0000] "GET /wordpress/wp-admin/setup-config.php HTTP/2.0" 404 93 "-" "http://lead360.app/wordpress/wp-admin/setup-config.php"
162.158.110.106 - - [04/Jan/2026:20:47:25 +0000] "GET /wp-admin/setup-config.php HTTP/2.0" 404 93 "-" "https://lead360.app/wp-admin/setup-config.php"
172.69.50.239 - - [04/Jan/2026:20:47:48 +0000] "GET /wordpress/wp-admin/setup-config.php HTTP/2.0" 404 136 "-" "Mozilla/5.0 (Windows NT 10.0; Win64; x64) AppleWebKit/537.36 (KHTML, like Gecko) Chrome/143.0.0.0 Safari/537.36"
104.23.239.112 - - [04/Jan/2026:20:49:34 +0000] "GET /wp-admin/setup-config.php HTTP/2.0" 404 136 "-" "Mozilla/5.0 (Windows NT 10.0; Win64; x64) AppleWebKit/537.36 (KHTML, like Gecko) Chrome/143.0.0.0 Safari/537.36"
43.130.139.177 - - [04/Jan/2026:21:03:17 +0000] "GET / HTTP/1.1" 200 177 "http://www.lead360.app" "Mozilla/5.0 (iPhone; CPU iPhone OS 13_2_3 like Mac OS X) AppleWebKit/605.1.15 (KHTML, like Gecko) Version/13.0.3 Mobile/15E148 Safari/604.1"
104.23.223.86 - - [04/Jan/2026:21:04:57 +0000] "GET /wp-admin/setup-config.php HTTP/2.0" 404 136 "-" "Mozilla/5.0 (Windows NT 10.0; Win64; x64) AppleWebKit/537.36 (KHTML, like Gecko) Chrome/143.0.0.0 Safari/537.36"
104.23.221.191 - - [04/Jan/2026:21:06:13 +0000] "GET /wordpress/wp-admin/setup-config.php HTTP/2.0" 404 93 "-" "https://lead360.app/wordpress/wp-admin/setup-config.php"
104.23.223.87 - - [04/Jan/2026:21:07:38 +0000] "GET /wordpress/wp-admin/setup-config.php HTTP/2.0" 404 93 "-" "http://lead360.app/wordpress/wp-admin/setup-config.php"
162.158.94.186 - - [04/Jan/2026:21:07:47 +0000] "GET /wp-admin/setup-config.php HTTP/2.0" 404 93 "-" "https://lead360.app/wp-admin/setup-config.php"
49.51.183.75 - - [04/Jan/2026:21:13:07 +0000] "GET / HTTP/1.1" 200 177 "http://lead360.app" "Mozilla/5.0 (iPhone; CPU iPhone OS 13_2_3 like Mac OS X) AppleWebKit/605.1.15 (KHTML, like Gecko) Version/13.0.3 Mobile/15E148 Safari/604.1"
172.70.247.115 - - [04/Jan/2026:21:21:31 +0000] "GET /wp-admin/setup-config.php HTTP/2.0" 404 93 "-" "http://lead360.app/wp-admin/setup-config.php"
104.23.223.87 - - [04/Jan/2026:21:23:05 +0000] "GET /wp-admin/setup-config.php HTTP/2.0" 404 93 "-" "https://lead360.app/wp-admin/setup-config.php"
162.158.110.106 - - [04/Jan/2026:21:23:29 +0000] "GET /wordpress/wp-admin/setup-config.php HTTP/2.0" 404 136 "-" "Mozilla/5.0 (Windows NT 10.0; Win64; x64) AppleWebKit/537.36 (KHTML, like Gecko) Chrome/143.0.0.0 Safari/537.36"
172.68.10.127 - - [04/Jan/2026:21:23:29 +0000] "GET /wordpress/wp-admin/setup-config.php HTTP/2.0" 404 93 "-" "https://lead360.app/wordpress/wp-admin/setup-config.php"
106.119.167.146 - - [04/Jan/2026:21:32:15 +0000] "GET / HTTP/1.1" 200 177 "http://lead360.app" "Mozilla/5.0 (iPhone; CPU iPhone OS 13_2_3 like Mac OS X) AppleWebKit/605.1.15 (KHTML, like Gecko) Version/13.0.3 Mobile/15E148 Safari/604.1"
104.23.217.136 - - [04/Jan/2026:21:37:48 +0000] "GET /wordpress/wp-admin/setup-config.php HTTP/2.0" 404 93 "-" "http://lead360.app/wordpress/wp-admin/setup-config.php"
104.23.217.136 - - [04/Jan/2026:21:38:44 +0000] "GET /wordpress/wp-admin/setup-config.php HTTP/2.0" 404 93 "-" "https://lead360.app/wordpress/wp-admin/setup-config.php"
104.23.221.191 - - [04/Jan/2026:21:39:22 +0000] "GET /wp-admin/setup-config.php HTTP/2.0" 404 136 "-" "Mozilla/5.0 (Windows NT 10.0; Win64; x64) AppleWebKit/537.36 (KHTML, like Gecko) Chrome/143.0.0.0 Safari/537.36"
104.23.217.136 - - [04/Jan/2026:21:40:16 +0000] "GET /wp-admin/setup-config.php HTTP/2.0" 404 93 "-" "http://lead360.app/wp-admin/setup-config.php"
74.7.175.130 - - [04/Jan/2026:21:41:35 +0000] "GET /robots.txt HTTP/2.0" 404 136 "-" "Mozilla/5.0 (Macintosh; Intel Mac OS X 10_15_7) AppleWebKit/537.36 (KHTML, like Gecko) Chrome/131.0.0.0 Safari/537.36; compatible; OAI-SearchBot/1.3; robots.txt; +https://openai.com/searchbot"
172.71.184.173 - - [04/Jan/2026:21:55:21 +0000] "GET /wp-admin/setup-config.php HTTP/2.0" 404 93 "-" "http://lead360.app/wp-admin/setup-config.php"
172.68.10.127 - - [04/Jan/2026:21:55:35 +0000] "GET /wp-admin/setup-config.php HTTP/2.0" 404 93 "-" "https://lead360.app/wp-admin/setup-config.php"
172.71.184.172 - - [04/Jan/2026:21:56:29 +0000] "GET /wordpress/wp-admin/setup-config.php HTTP/2.0" 404 136 "-" "Mozilla/5.0 (Windows NT 10.0; Win64; x64) AppleWebKit/537.36 (KHTML, like Gecko) Chrome/143.0.0.0 Safari/537.36"
104.23.221.191 - - [04/Jan/2026:21:56:48 +0000] "GET /wordpress/wp-admin/setup-config.php HTTP/2.0" 404 136 "-" "Mozilla/5.0 (Windows NT 10.0; Win64; x64) AppleWebKit/537.36 (KHTML, like Gecko) Chrome/143.0.0.0 Safari/537.36"
172.68.10.127 - - [04/Jan/2026:22:12:44 +0000] "GET /wp-admin/setup-config.php HTTP/2.0" 404 93 "-" "http://lead360.app/wp-admin/setup-config.php"
172.70.86.74 - - [04/Jan/2026:22:12:58 +0000] "GET /wordpress/wp-admin/setup-config.php HTTP/2.0" 404 93 "-" "https://lead360.app/wordpress/wp-admin/setup-config.php"
100.27.233.48 - - [04/Jan/2026:22:13:12 +0000] "GET / HTTP/1.1" 200 177 "-" "Mozilla/5.0 (SS; Linux i686; rv:132.0) Gecko/20100101 Firefox/132.0"
172.71.184.173 - - [04/Jan/2026:22:13:16 +0000] "GET /wp-admin/setup-config.php HTTP/2.0" 404 93 "-" "https://lead360.app/wp-admin/setup-config.php"
172.71.184.172 - - [04/Jan/2026:22:14:08 +0000] "GET /wordpress/wp-admin/setup-config.php HTTP/2.0" 404 93 "-" "http://lead360.app/wordpress/wp-admin/setup-config.php"
104.23.223.86 - - [04/Jan/2026:22:27:58 +0000] "GET /wp-admin/setup-config.php HTTP/2.0" 404 93 "-" "https://lead360.app/wp-admin/setup-config.php"
104.23.217.162 - - [04/Jan/2026:22:28:40 +0000] "GET /wordpress/wp-admin/setup-config.php HTTP/2.0" 404 136 "-" "Mozilla/5.0 (Windows NT 10.0; Win64; x64) AppleWebKit/537.36 (KHTML, like Gecko) Chrome/143.0.0.0 Safari/537.36"
162.158.183.24 - - [04/Jan/2026:22:30:08 +0000] "GET /wp-admin/setup-config.php HTTP/2.0" 404 93 "-" "http://lead360.app/wp-admin/setup-config.php"
104.23.217.136 - - [04/Jan/2026:22:31:11 +0000] "GET /wordpress/wp-admin/setup-config.php HTTP/2.0" 404 136 "-" "Mozilla/5.0 (Windows NT 10.0; Win64; x64) AppleWebKit/537.36 (KHTML, like Gecko) Chrome/143.0.0.0 Safari/537.36"
172.71.184.173 - - [04/Jan/2026:22:45:56 +0000] "GET /wp-admin/setup-config.php HTTP/2.0" 404 136 "-" "Mozilla/5.0 (Windows NT 10.0; Win64; x64) AppleWebKit/537.36 (KHTML, like Gecko) Chrome/143.0.0.0 Safari/537.36"
172.68.10.126 - - [04/Jan/2026:22:46:15 +0000] "GET /wordpress/wp-admin/setup-config.php HTTP/2.0" 404 136 "-" "Mozilla/5.0 (Windows NT 10.0; Win64; x64) AppleWebKit/537.36 (KHTML, like Gecko) Chrome/143.0.0.0 Safari/537.36"
172.71.184.173 - - [04/Jan/2026:22:47:42 +0000] "GET /wordpress/wp-admin/setup-config.php HTTP/2.0" 404 136 "-" "Mozilla/5.0 (Windows NT 10.0; Win64; x64) AppleWebKit/537.36 (KHTML, like Gecko) Chrome/143.0.0.0 Safari/537.36"
172.71.184.173 - - [04/Jan/2026:22:48:18 +0000] "GET /wp-admin/setup-config.php HTTP/2.0" 404 93 "-" "https://lead360.app/wp-admin/setup-config.php"
172.68.10.127 - - [04/Jan/2026:23:02:47 +0000] "GET /wp-admin/setup-config.php HTTP/2.0" 404 93 "-" "https://lead360.app/wp-admin/setup-config.php"
172.71.184.173 - - [04/Jan/2026:23:03:29 +0000] "GET /wp-admin/setup-config.php HTTP/2.0" 404 93 "-" "http://lead360.app/wp-admin/setup-config.php"
172.69.50.238 - - [04/Jan/2026:23:04:14 +0000] "GET /wordpress/wp-admin/setup-config.php HTTP/2.0" 404 136 "-" "Mozilla/5.0 (Windows NT 10.0; Win64; x64) AppleWebKit/537.36 (KHTML, like Gecko) Chrome/143.0.0.0 Safari/537.36"
172.68.10.127 - - [04/Jan/2026:23:04:54 +0000] "GET /wordpress/wp-admin/setup-config.php HTTP/2.0" 404 93 "-" "https://lead360.app/wordpress/wp-admin/setup-config.php"
45.130.203.202 - - [04/Jan/2026:23:16:36 +0000] "GET /.git/HEAD HTTP/1.1" 403 153 "-" "Python-urllib/3.10"
172.68.10.127 - - [04/Jan/2026:23:17:41 +0000] "GET /wp-admin/setup-config.php HTTP/2.0" 404 93 "-" "http://lead360.app/wp-admin/setup-config.php"
172.68.10.126 - - [04/Jan/2026:23:18:48 +0000] "GET /wordpress/wp-admin/setup-config.php HTTP/2.0" 404 93 "-" "https://lead360.app/wordpress/wp-admin/setup-config.php"
172.69.50.238 - - [04/Jan/2026:23:18:53 +0000] "GET /wordpress/wp-admin/setup-config.php HTTP/2.0" 404 93 "-" "http://lead360.app/wordpress/wp-admin/setup-config.php"
172.70.242.210 - - [04/Jan/2026:23:20:38 +0000] "GET /wp-admin/setup-config.php HTTP/2.0" 404 93 "-" "https://lead360.app/wp-admin/setup-config.php"
172.69.50.239 - - [04/Jan/2026:23:34:00 +0000] "GET /wp-admin/setup-config.php HTTP/2.0" 404 93 "-" "http://lead360.app/wp-admin/setup-config.php"
172.71.184.172 - - [04/Jan/2026:23:35:43 +0000] "GET /wordpress/wp-admin/setup-config.php HTTP/2.0" 404 93 "-" "https://lead360.app/wordpress/wp-admin/setup-config.php"
172.68.10.127 - - [04/Jan/2026:23:36:53 +0000] "GET /wp-admin/setup-config.php HTTP/2.0" 404 93 "-" "https://lead360.app/wp-admin/setup-config.php"
172.71.184.172 - - [04/Jan/2026:23:37:07 +0000] "GET /wordpress/wp-admin/setup-config.php HTTP/2.0" 404 136 "-" "Mozilla/5.0 (Windows NT 10.0; Win64; x64) AppleWebKit/537.36 (KHTML, like Gecko) Chrome/143.0.0.0 Safari/537.36"
