43.155.140.157 - - [05/Jan/2026:05:02:05 +0000] "GET / HTTP/1.1" 200 7500 "http://m.lead360.app" "Mozilla/5.0 (iPhone; CPU iPhone OS 13_2_3 like Mac OS X) AppleWebKit/605.1.15 (KHTML, like Gecko) Version/13.0.3 Mobile/15E148 Safari/604.1"
43.166.142.76 - - [05/Jan/2026:07:51:51 +0000] "GET / HTTP/1.1" 502 157 "http://m.lead360.app" "Mozilla/5.0 (iPhone; CPU iPhone OS 13_2_3 like Mac OS X) AppleWebKit/605.1.15 (KHTML, like Gecko) Version/13.0.3 Mobile/15E148 Safari/604.1"
176.103.90.170 - - [05/Jan/2026:16:34:03 +0000] "GET / HTTP/1.1" 502 157 "-" "Mozilla/5.0 (Windows NT 10.0; Win64; x64; rv:123.0) Gecko/20100101 Firefox/123.0"
154.209.208.8 - - [05/Jan/2026:16:34:04 +0000] "GET /page/1 HTTP/1.1" 502 157 "-" "Mozilla/5.0 (iPhone; CPU iPhone OS 17_0 like Mac OS X) AppleWebKit/605.1.15 (KHTML, like Gecko) Version/17.0 Mobile/15E148 Safari/604.1 OPX/2.1.0"
176.103.90.170 - - [05/Jan/2026:16:34:04 +0000] "GET / HTTP/1.1" 502 157 "-" "Mozilla/5.0 (Windows NT 10.0; Win64; x64; rv:123.0) Gecko/20100101 Firefox/123.0"
154.209.208.8 - - [05/Jan/2026:16:34:04 +0000] "GET /page/1 HTTP/1.1" 502 157 "-" "Mozilla/5.0 (iPhone; CPU iPhone OS 17_0 like Mac OS X) AppleWebKit/605.1.15 (KHTML, like Gecko) Version/17.0 Mobile/15E148 Safari/604.1 OPX/2.1.0"
176.103.90.170 - - [05/Jan/2026:16:34:05 +0000] "GET / HTTP/1.1" 502 157 "-" "Mozilla/5.0 (Windows NT 10.0; Win64; x64; rv:123.0) Gecko/20100101 Firefox/123.0"
154.209.208.8 - - [05/Jan/2026:16:34:05 +0000] "GET /page/1 HTTP/1.1" 502 157 "-" "Mozilla/5.0 (iPhone; CPU iPhone OS 17_0 like Mac OS X) AppleWebKit/605.1.15 (KHTML, like Gecko) Version/17.0 Mobile/15E148 Safari/604.1 OPX/2.1.0"
85.142.51.227 - - [05/Jan/2026:16:34:05 +0000] "GET /favicon.ico HTTP/1.1" 502 559 "-" "Mozilla/5.0 (Windows NT 10.0; Win64; x64) AppleWebKit/537.36 (KHTML, like Gecko) Chrome/122.0.0.0 Safari/537.36"
212.192.63.89 - - [05/Jan/2026:16:34:05 +0000] "GET /favicon.ico HTTP/1.1" 502 157 "-" "Mozilla/5.0 (iPhone; CPU iPhone OS 17_0 like Mac OS X) AppleWebKit/605.1.15 (KHTML, like Gecko) EdgiOS/116.0.1938.56 Version/17.0 Mobile/15E148 Safari/604.1"
85.142.51.227 - - [05/Jan/2026:16:34:06 +0000] "GET /favicon.ico HTTP/1.1" 502 559 "-" "Mozilla/5.0 (Windows NT 10.0; Win64; x64) AppleWebKit/537.36 (KHTML, like Gecko) Chrome/122.0.0.0 Safari/537.36"
212.192.63.89 - - [05/Jan/2026:16:34:06 +0000] "GET /favicon.ico HTTP/1.1" 502 157 "-" "Mozilla/5.0 (iPhone; CPU iPhone OS 17_0 like Mac OS X) AppleWebKit/605.1.15 (KHTML, like Gecko) EdgiOS/116.0.1938.56 Version/17.0 Mobile/15E148 Safari/604.1"
85.142.51.227 - - [05/Jan/2026:16:34:06 +0000] "GET /favicon.ico HTTP/1.1" 502 559 "-" "Mozilla/5.0 (Windows NT 10.0; Win64; x64) AppleWebKit/537.36 (KHTML, like Gecko) Chrome/122.0.0.0 Safari/537.36"
212.192.63.89 - - [05/Jan/2026:16:34:06 +0000] "GET /favicon.ico HTTP/1.1" 502 157 "-" "Mozilla/5.0 (iPhone; CPU iPhone OS 17_0 like Mac OS X) AppleWebKit/605.1.15 (KHTML, like Gecko) EdgiOS/116.0.1938.56 Version/17.0 Mobile/15E148 Safari/604.1"
46.150.250.60 - - [05/Jan/2026:16:34:19 +0000] "GET /download/apk.apk HTTP/1.1" 502 559 "-" "Mozilla/5.0 (Windows NT 10.0; Win64; x64) AppleWebKit/537.36 (KHTML, like Gecko) Chrome/121.0.0.0 Safari/537.36 Edg/121.0.0.0"
46.150.250.60 - - [05/Jan/2026:16:34:19 +0000] "GET /download/apk.apk HTTP/1.1" 502 559 "-" "Mozilla/5.0 (Windows NT 10.0; Win64; x64) AppleWebKit/537.36 (KHTML, like Gecko) Chrome/121.0.0.0 Safari/537.36 Edg/121.0.0.0"
46.150.250.60 - - [05/Jan/2026:16:34:20 +0000] "GET /download/apk.apk HTTP/1.1" 502 559 "-" "Mozilla/5.0 (Windows NT 10.0; Win64; x64) AppleWebKit/537.36 (KHTML, like Gecko) Chrome/121.0.0.0 Safari/537.36 Edg/121.0.0.0"
85.142.253.10 - - [05/Jan/2026:16:34:20 +0000] "GET /favicon.ico HTTP/1.1" 502 157 "-" "Mozilla/5.0 (Windows NT 10.0; Win64; x64; rv:123.0) Gecko/20100101 Firefox/123.0 Config/91.2.2121.13"
85.142.253.10 - - [05/Jan/2026:16:34:21 +0000] "GET /favicon.ico HTTP/1.1" 502 157 "-" "Mozilla/5.0 (Windows NT 10.0; Win64; x64; rv:123.0) Gecko/20100101 Firefox/123.0 Config/91.2.2121.13"
85.142.253.10 - - [05/Jan/2026:16:34:21 +0000] "GET /favicon.ico HTTP/1.1" 502 157 "-" "Mozilla/5.0 (Windows NT 10.0; Win64; x64; rv:123.0) Gecko/20100101 Firefox/123.0 Config/91.2.2121.13"
43.154.127.188 - - [05/Jan/2026:21:58:23 +0000] "GET / HTTP/1.1" 200 7556 "http://m.lead360.app" "Mozilla/5.0 (iPhone; CPU iPhone OS 13_2_3 like Mac OS X) AppleWebKit/605.1.15 (KHTML, like Gecko) Version/13.0.3 Mobile/15E148 Safari/604.1"
43.157.174.69 - - [06/Jan/2026:04:19:00 +0000] "GET / HTTP/1.1" 502 157 "http://m.lead360.app" "Mozilla/5.0 (iPhone; CPU iPhone OS 13_2_3 like Mac OS X) AppleWebKit/605.1.15 (KHTML, like Gecko) Version/13.0.3 Mobile/15E148 Safari/604.1"
43.157.67.70 - - [06/Jan/2026:05:02:31 +0000] "GET / HTTP/1.1" 200 7542 "http://m.lead360.app" "Mozilla/5.0 (iPhone; CPU iPhone OS 13_2_3 like Mac OS X) AppleWebKit/605.1.15 (KHTML, like Gecko) Version/13.0.3 Mobile/15E148 Safari/604.1"
194.226.120.219 - - [06/Jan/2026:16:33:56 +0000] "GET / HTTP/1.1" 502 559 "-" "Mozilla/5.0 (Windows NT 10.0; Win64; x64) AppleWebKit/537.36 (KHTML, like Gecko) Chrome/121.0.0.0 Safari/537.36 Edg/121.0.0.0 Herring/95.1.1930.31"
176.103.94.18 - - [06/Jan/2026:16:33:56 +0000] "GET /page/1 HTTP/1.1" 502 559 "-" "Mozilla/5.0 (Linux; Android 10; K) AppleWebKit/537.36 (KHTML, like Gecko) Chrome/121.0.0.0 Mobile Safari/537.36 EdgA/121.0.0.0"
85.142.99.41 - - [06/Jan/2026:16:33:56 +0000] "GET /download/apk.apk HTTP/1.1" 502 559 "-" "Mozilla/5.0 (Windows NT 10.0; Win64; x64) AppleWebKit/537.36 (KHTML, like Gecko) Chrome/121.0.0.0 Safari/537.36 Edg/121.0.0.0"
194.226.120.219 - - [06/Jan/2026:16:33:57 +0000] "GET / HTTP/1.1" 502 559 "-" "Mozilla/5.0 (Windows NT 10.0; Win64; x64) AppleWebKit/537.36 (KHTML, like Gecko) Chrome/121.0.0.0 Safari/537.36 Edg/121.0.0.0 Herring/95.1.1930.31"
176.103.94.18 - - [06/Jan/2026:16:33:57 +0000] "GET /page/1 HTTP/1.1" 502 559 "-" "Mozilla/5.0 (Linux; Android 10; K) AppleWebKit/537.36 (KHTML, like Gecko) Chrome/121.0.0.0 Mobile Safari/537.36 EdgA/121.0.0.0"
85.142.99.41 - - [06/Jan/2026:16:33:57 +0000] "GET /download/apk.apk HTTP/1.1" 502 559 "-" "Mozilla/5.0 (Windows NT 10.0; Win64; x64) AppleWebKit/537.36 (KHTML, like Gecko) Chrome/121.0.0.0 Safari/537.36 Edg/121.0.0.0"
194.226.120.219 - - [06/Jan/2026:16:33:57 +0000] "GET / HTTP/1.1" 502 559 "-" "Mozilla/5.0 (Windows NT 10.0; Win64; x64) AppleWebKit/537.36 (KHTML, like Gecko) Chrome/121.0.0.0 Safari/537.36 Edg/121.0.0.0 Herring/95.1.1930.31"
176.103.94.18 - - [06/Jan/2026:16:33:58 +0000] "GET /page/1 HTTP/1.1" 502 559 "-" "Mozilla/5.0 (Linux; Android 10; K) AppleWebKit/537.36 (KHTML, like Gecko) Chrome/121.0.0.0 Mobile Safari/537.36 EdgA/121.0.0.0"
85.142.99.41 - - [06/Jan/2026:16:33:58 +0000] "GET /download/apk.apk HTTP/1.1" 502 559 "-" "Mozilla/5.0 (Windows NT 10.0; Win64; x64) AppleWebKit/537.36 (KHTML, like Gecko) Chrome/121.0.0.0 Safari/537.36 Edg/121.0.0.0"
194.85.182.160 - - [06/Jan/2026:16:33:58 +0000] "GET /favicon.ico HTTP/1.1" 502 157 "-" "Mozilla/5.0 (Windows NT 10.0; Win64; x64; rv:123.0) Gecko/20100101 Firefox/123.0"
154.209.212.250 - - [06/Jan/2026:16:33:58 +0000] "GET /favicon.ico HTTP/1.1" 502 559 "-" "Mozilla/5.0 (Linux; Android 10; K) AppleWebKit/537.36 (KHTML, like Gecko) Chrome/122.0.0.0 Mobile Safari/537.36"
85.142.253.120 - - [06/Jan/2026:16:33:58 +0000] "GET /favicon.ico HTTP/1.1" 502 559 "-" "Mozilla/5.0 (Windows NT 10.0; Win64; x64) AppleWebKit/537.36 (KHTML, like Gecko) Chrome/121.0.0.0 Safari/537.36 Edg/121.0.0.0"
154.209.212.250 - - [06/Jan/2026:16:33:59 +0000] "GET /favicon.ico HTTP/1.1" 502 559 "-" "Mozilla/5.0 (Linux; Android 10; K) AppleWebKit/537.36 (KHTML, like Gecko) Chrome/122.0.0.0 Mobile Safari/537.36"
194.85.182.160 - - [06/Jan/2026:16:33:59 +0000] "GET /favicon.ico HTTP/1.1" 502 157 "-" "Mozilla/5.0 (Windows NT 10.0; Win64; x64; rv:123.0) Gecko/20100101 Firefox/123.0"
85.142.253.120 - - [06/Jan/2026:16:33:59 +0000] "GET /favicon.ico HTTP/1.1" 502 559 "-" "Mozilla/5.0 (Windows NT 10.0; Win64; x64) AppleWebKit/537.36 (KHTML, like Gecko) Chrome/121.0.0.0 Safari/537.36 Edg/121.0.0.0"
154.209.212.250 - - [06/Jan/2026:16:33:59 +0000] "GET /favicon.ico HTTP/1.1" 502 559 "-" "Mozilla/5.0 (Linux; Android 10; K) AppleWebKit/537.36 (KHTML, like Gecko) Chrome/122.0.0.0 Mobile Safari/537.36"
194.85.182.160 - - [06/Jan/2026:16:33:59 +0000] "GET /favicon.ico HTTP/1.1" 502 157 "-" "Mozilla/5.0 (Windows NT 10.0; Win64; x64; rv:123.0) Gecko/20100101 Firefox/123.0"
85.142.253.120 - - [06/Jan/2026:16:33:59 +0000] "GET /favicon.ico HTTP/1.1" 502 559 "-" "Mozilla/5.0 (Windows NT 10.0; Win64; x64) AppleWebKit/537.36 (KHTML, like Gecko) Chrome/121.0.0.0 Safari/537.36 Edg/121.0.0.0"
71.248.186.63 - - [06/Jan/2026:19:57:29 +0000] "GET /public/share/cf4e0ed51cf1ab9add3c77ae3c88d34b167c3933b912a1e0adddee86ca4e49a3 HTTP/2.0" 307 119 "-" "Mozilla/5.0 (Windows NT 10.0; Win64; x64) AppleWebKit/537.36 (KHTML, like Gecko) Chrome/143.0.0.0 Safari/537.36"
71.248.186.63 - - [06/Jan/2026:19:57:44 +0000] "GET /public/share/cf4e0ed51cf1ab9add3c77ae3c88d34b167c3933b912a1e0adddee86ca4e49a3 HTTP/2.0" 307 119 "-" "Mozilla/5.0 (Windows NT 10.0; Win64; x64) AppleWebKit/537.36 (KHTML, like Gecko) Chrome/143.0.0.0 Safari/537.36"
71.248.186.63 - - [06/Jan/2026:19:58:11 +0000] "GET /public/share/3f36ebcf6a3a18ff3bf455e3db88a17c7d8c5599ed558748f71a7ca525d723a8 HTTP/2.0" 307 119 "-" "Mozilla/5.0 (Windows NT 10.0; Win64; x64) AppleWebKit/537.36 (KHTML, like Gecko) Chrome/143.0.0.0 Safari/537.36"
71.248.186.63 - - [06/Jan/2026:20:00:21 +0000] "GET /public/share/3f36ebcf6a3a18ff3bf455e3db88a17c7d8c5599ed558748f71a7ca525d723a8 HTTP/2.0" 307 119 "-" "Mozilla/5.0 (Windows NT 10.0; Win64; x64) AppleWebKit/537.36 (KHTML, like Gecko) Chrome/143.0.0.0 Safari/537.36"
71.248.186.63 - - [06/Jan/2026:20:02:41 +0000] "GET /public/share/3f36ebcf6a3a18ff3bf455e3db88a17c7d8c5599ed558748f71a7ca525d723a8 HTTP/2.0" 200 8064 "-" "Mozilla/5.0 (Windows NT 10.0; Win64; x64) AppleWebKit/537.36 (KHTML, like Gecko) Chrome/143.0.0.0 Safari/537.36"
71.248.186.63 - - [06/Jan/2026:20:02:41 +0000] "GET /_next/static/media/797e433ab948586e-s.p.dbea232f.woff2 HTTP/2.0" 200 31288 "https://honeydo4you.lead360.app/public/share/3f36ebcf6a3a18ff3bf455e3db88a17c7d8c5599ed558748f71a7ca525d723a8" "Mozilla/5.0 (Windows NT 10.0; Win64; x64) AppleWebKit/537.36 (KHTML, like Gecko) Chrome/143.0.0.0 Safari/537.36"
71.248.186.63 - - [06/Jan/2026:20:02:41 +0000] "GET /_next/static/media/caa3a2e1cccd8315-s.p.853070df.woff2 HTTP/2.0" 200 28388 "https://honeydo4you.lead360.app/public/share/3f36ebcf6a3a18ff3bf455e3db88a17c7d8c5599ed558748f71a7ca525d723a8" "Mozilla/5.0 (Windows NT 10.0; Win64; x64) AppleWebKit/537.36 (KHTML, like Gecko) Chrome/143.0.0.0 Safari/537.36"
71.248.186.63 - - [06/Jan/2026:20:02:41 +0000] "GET /_next/static/chunks/%5Broot-of-the-server%5D__0f0ba101._.css HTTP/2.0" 200 12439 "https://honeydo4you.lead360.app/public/share/3f36ebcf6a3a18ff3bf455e3db88a17c7d8c5599ed558748f71a7ca525d723a8" "Mozilla/5.0 (Windows NT 10.0; Win64; x64) AppleWebKit/537.36 (KHTML, like Gecko) Chrome/143.0.0.0 Safari/537.36"
71.248.186.63 - - [06/Jan/2026:20:02:41 +0000] "GET /_next/static/chunks/%5Bturbopack%5D_browser_dev_hmr-client_hmr-client_ts_956a0d3a._.js HTTP/2.0" 200 295 "https://honeydo4you.lead360.app/public/share/3f36ebcf6a3a18ff3bf455e3db88a17c7d8c5599ed558748f71a7ca525d723a8" "Mozilla/5.0 (Windows NT 10.0; Win64; x64) AppleWebKit/537.36 (KHTML, like Gecko) Chrome/143.0.0.0 Safari/537.36"
71.248.186.63 - - [06/Jan/2026:20:02:41 +0000] "GET /_next/static/chunks/_a0ff3932._.js HTTP/2.0" 200 313 "https://honeydo4you.lead360.app/public/share/3f36ebcf6a3a18ff3bf455e3db88a17c7d8c5599ed558748f71a7ca525d723a8" "Mozilla/5.0 (Windows NT 10.0; Win64; x64) AppleWebKit/537.36 (KHTML, like Gecko) Chrome/143.0.0.0 Safari/537.36"
71.248.186.63 - - [06/Jan/2026:20:02:41 +0000] "GET /_next/static/chunks/node_modules_%40swc_helpers_cjs_d80fb378._.js HTTP/2.0" 200 741 "https://honeydo4you.lead360.app/public/share/3f36ebcf6a3a18ff3bf455e3db88a17c7d8c5599ed558748f71a7ca525d723a8" "Mozilla/5.0 (Windows NT 10.0; Win64; x64) AppleWebKit/537.36 (KHTML, like Gecko) Chrome/143.0.0.0 Safari/537.36"
71.248.186.63 - - [06/Jan/2026:20:02:41 +0000] "GET /_next/static/chunks/node_modules_next_dist_compiled_react-server-dom-turbopack_9212ccad._.js HTTP/2.0" 200 30748 "https://honeydo4you.lead360.app/public/share/3f36ebcf6a3a18ff3bf455e3db88a17c7d8c5599ed558748f71a7ca525d723a8" "Mozilla/5.0 (Windows NT 10.0; Win64; x64) AppleWebKit/537.36 (KHTML, like Gecko) Chrome/143.0.0.0 Safari/537.36"
71.248.186.63 - - [06/Jan/2026:20:02:41 +0000] "GET /_next/static/chunks/src_app_favicon_ico_mjs_81d86e48._.js HTTP/2.0" 200 167 "https://honeydo4you.lead360.app/public/share/3f36ebcf6a3a18ff3bf455e3db88a17c7d8c5599ed558748f71a7ca525d723a8" "Mozilla/5.0 (Windows NT 10.0; Win64; x64) AppleWebKit/537.36 (KHTML, like Gecko) Chrome/143.0.0.0 Safari/537.36"
71.248.186.63 - - [06/Jan/2026:20:02:41 +0000] "GET /_next/static/chunks/node_modules_next_dist_compiled_a0e4c7b4._.js HTTP/2.0" 200 28368 "https://honeydo4you.lead360.app/public/share/3f36ebcf6a3a18ff3bf455e3db88a17c7d8c5599ed558748f71a7ca525d723a8" "Mozilla/5.0 (Windows NT 10.0; Win64; x64) AppleWebKit/537.36 (KHTML, like Gecko) Chrome/143.0.0.0 Safari/537.36"
71.248.186.63 - - [06/Jan/2026:20:02:41 +0000] "GET /_next/static/chunks/turbopack-_23a915ee._.js HTTP/2.0" 200 18537 "https://honeydo4you.lead360.app/public/share/3f36ebcf6a3a18ff3bf455e3db88a17c7d8c5599ed558748f71a7ca525d723a8" "Mozilla/5.0 (Windows NT 10.0; Win64; x64) AppleWebKit/537.36 (KHTML, like Gecko) Chrome/143.0.0.0 Safari/537.36"
71.248.186.63 - - [06/Jan/2026:20:02:41 +0000] "GET /_next/static/chunks/src_app_layout_tsx_1cf6b850._.js HTTP/2.0" 200 207 "https://honeydo4you.lead360.app/public/share/3f36ebcf6a3a18ff3bf455e3db88a17c7d8c5599ed558748f71a7ca525d723a8" "Mozilla/5.0 (Windows NT 10.0; Win64; x64) AppleWebKit/537.36 (KHTML, like Gecko) Chrome/143.0.0.0 Safari/537.36"
71.248.186.63 - - [06/Jan/2026:20:02:41 +0000] "GET /_next/static/chunks/node_modules_next_dist_f3530cac._.js HTTP/2.0" 200 38917 "https://honeydo4you.lead360.app/public/share/3f36ebcf6a3a18ff3bf455e3db88a17c7d8c5599ed558748f71a7ca525d723a8" "Mozilla/5.0 (Windows NT 10.0; Win64; x64) AppleWebKit/537.36 (KHTML, like Gecko) Chrome/143.0.0.0 Safari/537.36"
71.248.186.63 - - [06/Jan/2026:20:02:41 +0000] "GET /_next/static/chunks/node_modules_next_dist_be32b49c._.js HTTP/2.0" 200 22204 "https://honeydo4you.lead360.app/public/share/3f36ebcf6a3a18ff3bf455e3db88a17c7d8c5599ed558748f71a7ca525d723a8" "Mozilla/5.0 (Windows NT 10.0; Win64; x64) AppleWebKit/537.36 (KHTML, like Gecko) Chrome/143.0.0.0 Safari/537.36"
71.248.186.63 - - [06/Jan/2026:20:02:41 +0000] "GET /_next/static/chunks/src_b628a3a2._.js HTTP/2.0" 200 9262 "https://honeydo4you.lead360.app/public/share/3f36ebcf6a3a18ff3bf455e3db88a17c7d8c5599ed558748f71a7ca525d723a8" "Mozilla/5.0 (Windows NT 10.0; Win64; x64) AppleWebKit/537.36 (KHTML, like Gecko) Chrome/143.0.0.0 Safari/537.36"
71.248.186.63 - - [06/Jan/2026:20:02:41 +0000] "GET /_next/static/chunks/src_app_public_share_%5Btoken%5D_page_tsx_849455d8._.js HTTP/2.0" 200 154 "https://honeydo4you.lead360.app/public/share/3f36ebcf6a3a18ff3bf455e3db88a17c7d8c5599ed558748f71a7ca525d723a8" "Mozilla/5.0 (Windows NT 10.0; Win64; x64) AppleWebKit/537.36 (KHTML, like Gecko) Chrome/143.0.0.0 Safari/537.36"
71.248.186.63 - - [06/Jan/2026:20:02:41 +0000] "GET /_next/static/chunks/node_modules_next_dist_client_components_builtin_global-error_1cf6b850.js HTTP/2.0" 200 130 "https://honeydo4you.lead360.app/public/share/3f36ebcf6a3a18ff3bf455e3db88a17c7d8c5599ed558748f71a7ca525d723a8" "Mozilla/5.0 (Windows NT 10.0; Win64; x64) AppleWebKit/537.36 (KHTML, like Gecko) Chrome/143.0.0.0 Safari/537.36"
71.248.186.63 - - [06/Jan/2026:20:02:41 +0000] "GET /_next/static/chunks/_d45df7e8._.js HTTP/2.0" 200 14326 "https://honeydo4you.lead360.app/public/share/3f36ebcf6a3a18ff3bf455e3db88a17c7d8c5599ed558748f71a7ca525d723a8" "Mozilla/5.0 (Windows NT 10.0; Win64; x64) AppleWebKit/537.36 (KHTML, like Gecko) Chrome/143.0.0.0 Safari/537.36"
71.248.186.63 - - [06/Jan/2026:20:02:41 +0000] "GET /_next/static/chunks/node_modules_206a1107._.js HTTP/2.0" 200 51791 "https://honeydo4you.lead360.app/public/share/3f36ebcf6a3a18ff3bf455e3db88a17c7d8c5599ed558748f71a7ca525d723a8" "Mozilla/5.0 (Windows NT 10.0; Win64; x64) AppleWebKit/537.36 (KHTML, like Gecko) Chrome/143.0.0.0 Safari/537.36"
71.248.186.63 - - [06/Jan/2026:20:02:41 +0000] "GET /_next/static/chunks/node_modules_next_dist_client_17643121._.js HTTP/2.0" 200 122333 "https://honeydo4you.lead360.app/public/share/3f36ebcf6a3a18ff3bf455e3db88a17c7d8c5599ed558748f71a7ca525d723a8" "Mozilla/5.0 (Windows NT 10.0; Win64; x64) AppleWebKit/537.36 (KHTML, like Gecko) Chrome/143.0.0.0 Safari/537.36"
71.248.186.63 - - [06/Jan/2026:20:02:41 +0000] "GET /_next/static/chunks/node_modules_next_dist_compiled_react-dom_1e674e59._.js HTTP/2.0" 200 181770 "https://honeydo4you.lead360.app/public/share/3f36ebcf6a3a18ff3bf455e3db88a17c7d8c5599ed558748f71a7ca525d723a8" "Mozilla/5.0 (Windows NT 10.0; Win64; x64) AppleWebKit/537.36 (KHTML, like Gecko) Chrome/143.0.0.0 Safari/537.36"
71.248.186.63 - - [06/Jan/2026:20:02:41 +0000] "GET /_next/static/chunks/node_modules_next_dist_compiled_next-devtools_index_1dd7fb59.js HTTP/2.0" 200 223822 "https://honeydo4you.lead360.app/public/share/3f36ebcf6a3a18ff3bf455e3db88a17c7d8c5599ed558748f71a7ca525d723a8" "Mozilla/5.0 (Windows NT 10.0; Win64; x64) AppleWebKit/537.36 (KHTML, like Gecko) Chrome/143.0.0.0 Safari/537.36"
71.248.186.63 - - [06/Jan/2026:20:02:41 +0000] "GET /_next/static/chunks/%5Bturbopack%5D_browser_dev_hmr-client_hmr-client_ts_c7192189._.js HTTP/2.0" 200 181 "https://honeydo4you.lead360.app/public/share/3f36ebcf6a3a18ff3bf455e3db88a17c7d8c5599ed558748f71a7ca525d723a8" "Mozilla/5.0 (Windows NT 10.0; Win64; x64) AppleWebKit/537.36 (KHTML, like Gecko) Chrome/143.0.0.0 Safari/537.36"
71.248.186.63 - - [06/Jan/2026:20:02:41 +0000] "GET /_next/static/chunks/%5Bturbopack%5D_browser_dev_hmr-client_hmr-client_ts_c8c997ce._.js HTTP/2.0" 200 3821 "https://honeydo4you.lead360.app/public/share/3f36ebcf6a3a18ff3bf455e3db88a17c7d8c5599ed558748f71a7ca525d723a8" "Mozilla/5.0 (Windows NT 10.0; Win64; x64) AppleWebKit/537.36 (KHTML, like Gecko) Chrome/143.0.0.0 Safari/537.36"
71.248.186.63 - - [06/Jan/2026:20:02:41 +0000] "GET /favicon.ico?favicon.0b3bf435.ico HTTP/2.0" 200 9292 "https://honeydo4you.lead360.app/public/share/3f36ebcf6a3a18ff3bf455e3db88a17c7d8c5599ed558748f71a7ca525d723a8" "Mozilla/5.0 (Windows NT 10.0; Win64; x64) AppleWebKit/537.36 (KHTML, like Gecko) Chrome/143.0.0.0 Safari/537.36"
71.248.186.63 - - [06/Jan/2026:20:02:41 +0000] "GET /__nextjs_font/geist-latin.woff2 HTTP/2.0" 200 28356 "https://honeydo4you.lead360.app/public/share/3f36ebcf6a3a18ff3bf455e3db88a17c7d8c5599ed558748f71a7ca525d723a8" "Mozilla/5.0 (Windows NT 10.0; Win64; x64) AppleWebKit/537.36 (KHTML, like Gecko) Chrome/143.0.0.0 Safari/537.36"
71.248.186.63 - - [06/Jan/2026:20:02:41 +0000] "POST /__nextjs_original-stack-frames HTTP/2.0" 200 1101 "https://honeydo4you.lead360.app/public/share/3f36ebcf6a3a18ff3bf455e3db88a17c7d8c5599ed558748f71a7ca525d723a8" "Mozilla/5.0 (Windows NT 10.0; Win64; x64) AppleWebKit/537.36 (KHTML, like Gecko) Chrome/143.0.0.0 Safari/537.36"
71.248.186.63 - - [06/Jan/2026:20:02:41 +0000] "GET /__nextjs_font/geist-mono-latin.woff2 HTTP/2.0" 200 31288 "https://honeydo4you.lead360.app/public/share/3f36ebcf6a3a18ff3bf455e3db88a17c7d8c5599ed558748f71a7ca525d723a8" "Mozilla/5.0 (Windows NT 10.0; Win64; x64) AppleWebKit/537.36 (KHTML, like Gecko) Chrome/143.0.0.0 Safari/537.36"
71.248.186.63 - - [06/Jan/2026:20:02:51 +0000] "GET /favicon.ico HTTP/2.0" 200 9292 "https://honeydo4you.lead360.app/public/share/3f36ebcf6a3a18ff3bf455e3db88a17c7d8c5599ed558748f71a7ca525d723a8" "Mozilla/5.0 (Windows NT 10.0; Win64; x64) AppleWebKit/537.36 (KHTML, like Gecko) Chrome/143.0.0.0 Safari/537.36"
71.248.186.63 - - [06/Jan/2026:20:04:11 +0000] "GET /public/share/3f36ebcf6a3a18ff3bf455e3db88a17c7d8c5599ed558748f71a7ca525d723a8 HTTP/2.0" 200 8056 "https://honeydo4you.lead360.app/public/share/3f36ebcf6a3a18ff3bf455e3db88a17c7d8c5599ed558748f71a7ca525d723a8" "Mozilla/5.0 (Windows NT 10.0; Win64; x64) AppleWebKit/537.36 (KHTML, like Gecko) Chrome/143.0.0.0 Safari/537.36"
71.248.186.63 - - [06/Jan/2026:20:04:11 +0000] "GET /_next/webpack-hmr?id=gUWkWxvPDhxaHRxZ-qqtX HTTP/1.1" 101 59918 "-" "Mozilla/5.0 (Windows NT 10.0; Win64; x64) AppleWebKit/537.36 (KHTML, like Gecko) Chrome/143.0.0.0 Safari/537.36"
71.248.186.63 - - [06/Jan/2026:20:04:11 +0000] "GET /_next/static/chunks/%5Bturbopack%5D_browser_dev_hmr-client_hmr-client_ts_956a0d3a._.js HTTP/2.0" 200 295 "https://honeydo4you.lead360.app/public/share/3f36ebcf6a3a18ff3bf455e3db88a17c7d8c5599ed558748f71a7ca525d723a8" "Mozilla/5.0 (Windows NT 10.0; Win64; x64) AppleWebKit/537.36 (KHTML, like Gecko) Chrome/143.0.0.0 Safari/537.36"
71.248.186.63 - - [06/Jan/2026:20:04:11 +0000] "GET /_next/static/chunks/%5Broot-of-the-server%5D__0f0ba101._.css HTTP/2.0" 200 12439 "https://honeydo4you.lead360.app/public/share/3f36ebcf6a3a18ff3bf455e3db88a17c7d8c5599ed558748f71a7ca525d723a8" "Mozilla/5.0 (Windows NT 10.0; Win64; x64) AppleWebKit/537.36 (KHTML, like Gecko) Chrome/143.0.0.0 Safari/537.36"
71.248.186.63 - - [06/Jan/2026:20:04:11 +0000] "GET /_next/static/chunks/_a0ff3932._.js HTTP/2.0" 200 313 "https://honeydo4you.lead360.app/public/share/3f36ebcf6a3a18ff3bf455e3db88a17c7d8c5599ed558748f71a7ca525d723a8" "Mozilla/5.0 (Windows NT 10.0; Win64; x64) AppleWebKit/537.36 (KHTML, like Gecko) Chrome/143.0.0.0 Safari/537.36"
71.248.186.63 - - [06/Jan/2026:20:04:11 +0000] "GET /_next/static/chunks/node_modules_next_dist_compiled_react-server-dom-turbopack_9212ccad._.js HTTP/2.0" 200 30748 "https://honeydo4you.lead360.app/public/share/3f36ebcf6a3a18ff3bf455e3db88a17c7d8c5599ed558748f71a7ca525d723a8" "Mozilla/5.0 (Windows NT 10.0; Win64; x64) AppleWebKit/537.36 (KHTML, like Gecko) Chrome/143.0.0.0 Safari/537.36"
71.248.186.63 - - [06/Jan/2026:20:04:11 +0000] "GET /_next/static/chunks/node_modules_next_dist_compiled_a0e4c7b4._.js HTTP/2.0" 200 28368 "https://honeydo4you.lead360.app/public/share/3f36ebcf6a3a18ff3bf455e3db88a17c7d8c5599ed558748f71a7ca525d723a8" "Mozilla/5.0 (Windows NT 10.0; Win64; x64) AppleWebKit/537.36 (KHTML, like Gecko) Chrome/143.0.0.0 Safari/537.36"
71.248.186.63 - - [06/Jan/2026:20:04:11 +0000] "GET /_next/static/chunks/node_modules_%40swc_helpers_cjs_d80fb378._.js HTTP/2.0" 200 741 "https://honeydo4you.lead360.app/public/share/3f36ebcf6a3a18ff3bf455e3db88a17c7d8c5599ed558748f71a7ca525d723a8" "Mozilla/5.0 (Windows NT 10.0; Win64; x64) AppleWebKit/537.36 (KHTML, like Gecko) Chrome/143.0.0.0 Safari/537.36"
71.248.186.63 - - [06/Jan/2026:20:04:11 +0000] "GET /_next/static/chunks/src_app_favicon_ico_mjs_81d86e48._.js HTTP/2.0" 200 167 "https://honeydo4you.lead360.app/public/share/3f36ebcf6a3a18ff3bf455e3db88a17c7d8c5599ed558748f71a7ca525d723a8" "Mozilla/5.0 (Windows NT 10.0; Win64; x64) AppleWebKit/537.36 (KHTML, like Gecko) Chrome/143.0.0.0 Safari/537.36"
71.248.186.63 - - [06/Jan/2026:20:04:11 +0000] "GET /_next/static/chunks/turbopack-_23a915ee._.js HTTP/2.0" 200 18537 "https://honeydo4you.lead360.app/public/share/3f36ebcf6a3a18ff3bf455e3db88a17c7d8c5599ed558748f71a7ca525d723a8" "Mozilla/5.0 (Windows NT 10.0; Win64; x64) AppleWebKit/537.36 (KHTML, like Gecko) Chrome/143.0.0.0 Safari/537.36"
71.248.186.63 - - [06/Jan/2026:20:04:11 +0000] "GET /_next/static/chunks/src_app_layout_tsx_1cf6b850._.js HTTP/2.0" 200 207 "https://honeydo4you.lead360.app/public/share/3f36ebcf6a3a18ff3bf455e3db88a17c7d8c5599ed558748f71a7ca525d723a8" "Mozilla/5.0 (Windows NT 10.0; Win64; x64) AppleWebKit/537.36 (KHTML, like Gecko) Chrome/143.0.0.0 Safari/537.36"
71.248.186.63 - - [06/Jan/2026:20:04:11 +0000] "GET /_next/static/chunks/node_modules_next_dist_be32b49c._.js HTTP/2.0" 200 22204 "https://honeydo4you.lead360.app/public/share/3f36ebcf6a3a18ff3bf455e3db88a17c7d8c5599ed558748f71a7ca525d723a8" "Mozilla/5.0 (Windows NT 10.0; Win64; x64) AppleWebKit/537.36 (KHTML, like Gecko) Chrome/143.0.0.0 Safari/537.36"
71.248.186.63 - - [06/Jan/2026:20:04:11 +0000] "GET /_next/static/chunks/node_modules_next_dist_f3530cac._.js HTTP/2.0" 200 38917 "https://honeydo4you.lead360.app/public/share/3f36ebcf6a3a18ff3bf455e3db88a17c7d8c5599ed558748f71a7ca525d723a8" "Mozilla/5.0 (Windows NT 10.0; Win64; x64) AppleWebKit/537.36 (KHTML, like Gecko) Chrome/143.0.0.0 Safari/537.36"
71.248.186.63 - - [06/Jan/2026:20:04:11 +0000] "GET /_next/static/chunks/src_b628a3a2._.js HTTP/2.0" 200 9262 "https://honeydo4you.lead360.app/public/share/3f36ebcf6a3a18ff3bf455e3db88a17c7d8c5599ed558748f71a7ca525d723a8" "Mozilla/5.0 (Windows NT 10.0; Win64; x64) AppleWebKit/537.36 (KHTML, like Gecko) Chrome/143.0.0.0 Safari/537.36"
71.248.186.63 - - [06/Jan/2026:20:04:11 +0000] "GET /_next/static/chunks/src_app_public_share_%5Btoken%5D_page_tsx_849455d8._.js HTTP/2.0" 200 154 "https://honeydo4you.lead360.app/public/share/3f36ebcf6a3a18ff3bf455e3db88a17c7d8c5599ed558748f71a7ca525d723a8" "Mozilla/5.0 (Windows NT 10.0; Win64; x64) AppleWebKit/537.36 (KHTML, like Gecko) Chrome/143.0.0.0 Safari/537.36"
71.248.186.63 - - [06/Jan/2026:20:04:11 +0000] "GET /_next/static/chunks/node_modules_next_dist_client_components_builtin_global-error_1cf6b850.js HTTP/2.0" 200 130 "https://honeydo4you.lead360.app/public/share/3f36ebcf6a3a18ff3bf455e3db88a17c7d8c5599ed558748f71a7ca525d723a8" "Mozilla/5.0 (Windows NT 10.0; Win64; x64) AppleWebKit/537.36 (KHTML, like Gecko) Chrome/143.0.0.0 Safari/537.36"
71.248.186.63 - - [06/Jan/2026:20:04:11 +0000] "GET /_next/static/chunks/_d45df7e8._.js HTTP/2.0" 200 14384 "https://honeydo4you.lead360.app/public/share/3f36ebcf6a3a18ff3bf455e3db88a17c7d8c5599ed558748f71a7ca525d723a8" "Mozilla/5.0 (Windows NT 10.0; Win64; x64) AppleWebKit/537.36 (KHTML, like Gecko) Chrome/143.0.0.0 Safari/537.36"
71.248.186.63 - - [06/Jan/2026:20:04:11 +0000] "GET /_next/static/chunks/node_modules_206a1107._.js HTTP/2.0" 200 51791 "https://honeydo4you.lead360.app/public/share/3f36ebcf6a3a18ff3bf455e3db88a17c7d8c5599ed558748f71a7ca525d723a8" "Mozilla/5.0 (Windows NT 10.0; Win64; x64) AppleWebKit/537.36 (KHTML, like Gecko) Chrome/143.0.0.0 Safari/537.36"
71.248.186.63 - - [06/Jan/2026:20:04:11 +0000] "GET /_next/static/chunks/node_modules_next_dist_client_17643121._.js HTTP/2.0" 200 122333 "https://honeydo4you.lead360.app/public/share/3f36ebcf6a3a18ff3bf455e3db88a17c7d8c5599ed558748f71a7ca525d723a8" "Mozilla/5.0 (Windows NT 10.0; Win64; x64) AppleWebKit/537.36 (KHTML, like Gecko) Chrome/143.0.0.0 Safari/537.36"
71.248.186.63 - - [06/Jan/2026:20:04:11 +0000] "GET /_next/static/chunks/node_modules_next_dist_compiled_react-dom_1e674e59._.js HTTP/2.0" 200 181770 "https://honeydo4you.lead360.app/public/share/3f36ebcf6a3a18ff3bf455e3db88a17c7d8c5599ed558748f71a7ca525d723a8" "Mozilla/5.0 (Windows NT 10.0; Win64; x64) AppleWebKit/537.36 (KHTML, like Gecko) Chrome/143.0.0.0 Safari/537.36"
71.248.186.63 - - [06/Jan/2026:20:04:11 +0000] "GET /_next/static/chunks/node_modules_next_dist_compiled_next-devtools_index_1dd7fb59.js HTTP/2.0" 200 223822 "https://honeydo4you.lead360.app/public/share/3f36ebcf6a3a18ff3bf455e3db88a17c7d8c5599ed558748f71a7ca525d723a8" "Mozilla/5.0 (Windows NT 10.0; Win64; x64) AppleWebKit/537.36 (KHTML, like Gecko) Chrome/143.0.0.0 Safari/537.36"
71.248.186.63 - - [06/Jan/2026:20:04:12 +0000] "GET /_next/static/chunks/%5Bturbopack%5D_browser_dev_hmr-client_hmr-client_ts_c7192189._.js HTTP/2.0" 200 181 "https://honeydo4you.lead360.app/public/share/3f36ebcf6a3a18ff3bf455e3db88a17c7d8c5599ed558748f71a7ca525d723a8" "Mozilla/5.0 (Windows NT 10.0; Win64; x64) AppleWebKit/537.36 (KHTML, like Gecko) Chrome/143.0.0.0 Safari/537.36"
71.248.186.63 - - [06/Jan/2026:20:04:12 +0000] "GET /_next/static/chunks/%5Bturbopack%5D_browser_dev_hmr-client_hmr-client_ts_c8c997ce._.js HTTP/2.0" 200 3821 "https://honeydo4you.lead360.app/public/share/3f36ebcf6a3a18ff3bf455e3db88a17c7d8c5599ed558748f71a7ca525d723a8" "Mozilla/5.0 (Windows NT 10.0; Win64; x64) AppleWebKit/537.36 (KHTML, like Gecko) Chrome/143.0.0.0 Safari/537.36"
71.248.186.63 - - [06/Jan/2026:20:04:12 +0000] "GET /favicon.ico?favicon.0b3bf435.ico HTTP/2.0" 200 9292 "https://honeydo4you.lead360.app/public/share/3f36ebcf6a3a18ff3bf455e3db88a17c7d8c5599ed558748f71a7ca525d723a8" "Mozilla/5.0 (Windows NT 10.0; Win64; x64) AppleWebKit/537.36 (KHTML, like Gecko) Chrome/143.0.0.0 Safari/537.36"
71.248.186.63 - - [06/Jan/2026:20:04:12 +0000] "POST /__nextjs_original-stack-frames HTTP/2.0" 200 936 "https://honeydo4you.lead360.app/public/share/3f36ebcf6a3a18ff3bf455e3db88a17c7d8c5599ed558748f71a7ca525d723a8" "Mozilla/5.0 (Windows NT 10.0; Win64; x64) AppleWebKit/537.36 (KHTML, like Gecko) Chrome/143.0.0.0 Safari/537.36"
71.248.186.63 - - [06/Jan/2026:20:09:06 +0000] "GET /public/share/9fb2dc0e285f5348b9582227ac6d50562fbc811e10f80aa7b3a1df24c7591361 HTTP/2.0" 200 8067 "-" "Mozilla/5.0 (Windows NT 10.0; Win64; x64) AppleWebKit/537.36 (KHTML, like Gecko) Chrome/143.0.0.0 Safari/537.36"
71.248.186.63 - - [06/Jan/2026:20:09:06 +0000] "GET /_next/webpack-hmr?id=TFLTxSfhse5s_mv0YnBD0 HTTP/1.1" 101 193702 "-" "Mozilla/5.0 (Windows NT 10.0; Win64; x64) AppleWebKit/537.36 (KHTML, like Gecko) Chrome/143.0.0.0 Safari/537.36"
71.248.186.63 - - [06/Jan/2026:20:09:06 +0000] "GET /_next/static/chunks/%5Broot-of-the-server%5D__0f0ba101._.css HTTP/2.0" 200 12439 "https://honeydo4you.lead360.app/public/share/9fb2dc0e285f5348b9582227ac6d50562fbc811e10f80aa7b3a1df24c7591361" "Mozilla/5.0 (Windows NT 10.0; Win64; x64) AppleWebKit/537.36 (KHTML, like Gecko) Chrome/143.0.0.0 Safari/537.36"
71.248.186.63 - - [06/Jan/2026:20:09:06 +0000] "GET /_next/static/chunks/%5Bturbopack%5D_browser_dev_hmr-client_hmr-client_ts_956a0d3a._.js HTTP/2.0" 200 295 "https://honeydo4you.lead360.app/public/share/9fb2dc0e285f5348b9582227ac6d50562fbc811e10f80aa7b3a1df24c7591361" "Mozilla/5.0 (Windows NT 10.0; Win64; x64) AppleWebKit/537.36 (KHTML, like Gecko) Chrome/143.0.0.0 Safari/537.36"
71.248.186.63 - - [06/Jan/2026:20:09:06 +0000] "GET /_next/static/chunks/_a0ff3932._.js HTTP/2.0" 200 313 "https://honeydo4you.lead360.app/public/share/9fb2dc0e285f5348b9582227ac6d50562fbc811e10f80aa7b3a1df24c7591361" "Mozilla/5.0 (Windows NT 10.0; Win64; x64) AppleWebKit/537.36 (KHTML, like Gecko) Chrome/143.0.0.0 Safari/537.36"
71.248.186.63 - - [06/Jan/2026:20:09:06 +0000] "GET /_next/static/chunks/node_modules_next_dist_compiled_react-server-dom-turbopack_9212ccad._.js HTTP/2.0" 200 30748 "https://honeydo4you.lead360.app/public/share/9fb2dc0e285f5348b9582227ac6d50562fbc811e10f80aa7b3a1df24c7591361" "Mozilla/5.0 (Windows NT 10.0; Win64; x64) AppleWebKit/537.36 (KHTML, like Gecko) Chrome/143.0.0.0 Safari/537.36"
71.248.186.63 - - [06/Jan/2026:20:09:06 +0000] "GET /_next/static/chunks/node_modules_%40swc_helpers_cjs_d80fb378._.js HTTP/2.0" 200 741 "https://honeydo4you.lead360.app/public/share/9fb2dc0e285f5348b9582227ac6d50562fbc811e10f80aa7b3a1df24c7591361" "Mozilla/5.0 (Windows NT 10.0; Win64; x64) AppleWebKit/537.36 (KHTML, like Gecko) Chrome/143.0.0.0 Safari/537.36"
71.248.186.63 - - [06/Jan/2026:20:09:06 +0000] "GET /_next/static/chunks/node_modules_next_dist_compiled_a0e4c7b4._.js HTTP/2.0" 200 28368 "https://honeydo4you.lead360.app/public/share/9fb2dc0e285f5348b9582227ac6d50562fbc811e10f80aa7b3a1df24c7591361" "Mozilla/5.0 (Windows NT 10.0; Win64; x64) AppleWebKit/537.36 (KHTML, like Gecko) Chrome/143.0.0.0 Safari/537.36"
71.248.186.63 - - [06/Jan/2026:20:09:06 +0000] "GET /_next/static/chunks/src_app_favicon_ico_mjs_81d86e48._.js HTTP/2.0" 200 167 "https://honeydo4you.lead360.app/public/share/9fb2dc0e285f5348b9582227ac6d50562fbc811e10f80aa7b3a1df24c7591361" "Mozilla/5.0 (Windows NT 10.0; Win64; x64) AppleWebKit/537.36 (KHTML, like Gecko) Chrome/143.0.0.0 Safari/537.36"
71.248.186.63 - - [06/Jan/2026:20:09:06 +0000] "GET /_next/static/chunks/turbopack-_23a915ee._.js HTTP/2.0" 200 18537 "https://honeydo4you.lead360.app/public/share/9fb2dc0e285f5348b9582227ac6d50562fbc811e10f80aa7b3a1df24c7591361" "Mozilla/5.0 (Windows NT 10.0; Win64; x64) AppleWebKit/537.36 (KHTML, like Gecko) Chrome/143.0.0.0 Safari/537.36"
71.248.186.63 - - [06/Jan/2026:20:09:06 +0000] "GET /_next/static/chunks/src_app_layout_tsx_1cf6b850._.js HTTP/2.0" 200 207 "https://honeydo4you.lead360.app/public/share/9fb2dc0e285f5348b9582227ac6d50562fbc811e10f80aa7b3a1df24c7591361" "Mozilla/5.0 (Windows NT 10.0; Win64; x64) AppleWebKit/537.36 (KHTML, like Gecko) Chrome/143.0.0.0 Safari/537.36"
71.248.186.63 - - [06/Jan/2026:20:09:06 +0000] "GET /_next/static/chunks/node_modules_next_dist_client_components_builtin_global-error_1cf6b850.js HTTP/2.0" 200 130 "https://honeydo4you.lead360.app/public/share/9fb2dc0e285f5348b9582227ac6d50562fbc811e10f80aa7b3a1df24c7591361" "Mozilla/5.0 (Windows NT 10.0; Win64; x64) AppleWebKit/537.36 (KHTML, like Gecko) Chrome/143.0.0.0 Safari/537.36"
71.248.186.63 - - [06/Jan/2026:20:09:06 +0000] "GET /_next/static/chunks/node_modules_next_dist_be32b49c._.js HTTP/2.0" 200 22204 "https://honeydo4you.lead360.app/public/share/9fb2dc0e285f5348b9582227ac6d50562fbc811e10f80aa7b3a1df24c7591361" "Mozilla/5.0 (Windows NT 10.0; Win64; x64) AppleWebKit/537.36 (KHTML, like Gecko) Chrome/143.0.0.0 Safari/537.36"
71.248.186.63 - - [06/Jan/2026:20:09:06 +0000] "GET /_next/static/chunks/src_app_public_share_%5Btoken%5D_page_tsx_849455d8._.js HTTP/2.0" 200 154 "https://honeydo4you.lead360.app/public/share/9fb2dc0e285f5348b9582227ac6d50562fbc811e10f80aa7b3a1df24c7591361" "Mozilla/5.0 (Windows NT 10.0; Win64; x64) AppleWebKit/537.36 (KHTML, like Gecko) Chrome/143.0.0.0 Safari/537.36"
71.248.186.63 - - [06/Jan/2026:20:09:06 +0000] "GET /_next/static/chunks/src_b628a3a2._.js HTTP/2.0" 200 9262 "https://honeydo4you.lead360.app/public/share/9fb2dc0e285f5348b9582227ac6d50562fbc811e10f80aa7b3a1df24c7591361" "Mozilla/5.0 (Windows NT 10.0; Win64; x64) AppleWebKit/537.36 (KHTML, like Gecko) Chrome/143.0.0.0 Safari/537.36"
71.248.186.63 - - [06/Jan/2026:20:09:06 +0000] "GET /_next/static/chunks/node_modules_next_dist_f3530cac._.js HTTP/2.0" 200 38917 "https://honeydo4you.lead360.app/public/share/9fb2dc0e285f5348b9582227ac6d50562fbc811e10f80aa7b3a1df24c7591361" "Mozilla/5.0 (Windows NT 10.0; Win64; x64) AppleWebKit/537.36 (KHTML, like Gecko) Chrome/143.0.0.0 Safari/537.36"
71.248.186.63 - - [06/Jan/2026:20:09:06 +0000] "GET /_next/static/chunks/_d45df7e8._.js HTTP/2.0" 200 14442 "https://honeydo4you.lead360.app/public/share/9fb2dc0e285f5348b9582227ac6d50562fbc811e10f80aa7b3a1df24c7591361" "Mozilla/5.0 (Windows NT 10.0; Win64; x64) AppleWebKit/537.36 (KHTML, like Gecko) Chrome/143.0.0.0 Safari/537.36"
71.248.186.63 - - [06/Jan/2026:20:09:06 +0000] "GET /_next/static/chunks/node_modules_206a1107._.js HTTP/2.0" 200 51791 "https://honeydo4you.lead360.app/public/share/9fb2dc0e285f5348b9582227ac6d50562fbc811e10f80aa7b3a1df24c7591361" "Mozilla/5.0 (Windows NT 10.0; Win64; x64) AppleWebKit/537.36 (KHTML, like Gecko) Chrome/143.0.0.0 Safari/537.36"
71.248.186.63 - - [06/Jan/2026:20:09:06 +0000] "GET /_next/static/chunks/node_modules_next_dist_client_17643121._.js HTTP/2.0" 200 122333 "https://honeydo4you.lead360.app/public/share/9fb2dc0e285f5348b9582227ac6d50562fbc811e10f80aa7b3a1df24c7591361" "Mozilla/5.0 (Windows NT 10.0; Win64; x64) AppleWebKit/537.36 (KHTML, like Gecko) Chrome/143.0.0.0 Safari/537.36"
71.248.186.63 - - [06/Jan/2026:20:09:06 +0000] "GET /_next/static/chunks/node_modules_next_dist_compiled_next-devtools_index_1dd7fb59.js HTTP/2.0" 200 223822 "https://honeydo4you.lead360.app/public/share/9fb2dc0e285f5348b9582227ac6d50562fbc811e10f80aa7b3a1df24c7591361" "Mozilla/5.0 (Windows NT 10.0; Win64; x64) AppleWebKit/537.36 (KHTML, like Gecko) Chrome/143.0.0.0 Safari/537.36"
71.248.186.63 - - [06/Jan/2026:20:09:06 +0000] "GET /_next/static/chunks/node_modules_next_dist_compiled_react-dom_1e674e59._.js HTTP/2.0" 200 181770 "https://honeydo4you.lead360.app/public/share/9fb2dc0e285f5348b9582227ac6d50562fbc811e10f80aa7b3a1df24c7591361" "Mozilla/5.0 (Windows NT 10.0; Win64; x64) AppleWebKit/537.36 (KHTML, like Gecko) Chrome/143.0.0.0 Safari/537.36"
71.248.186.63 - - [06/Jan/2026:20:09:06 +0000] "GET /_next/static/chunks/%5Bturbopack%5D_browser_dev_hmr-client_hmr-client_ts_c7192189._.js HTTP/2.0" 200 181 "https://honeydo4you.lead360.app/public/share/9fb2dc0e285f5348b9582227ac6d50562fbc811e10f80aa7b3a1df24c7591361" "Mozilla/5.0 (Windows NT 10.0; Win64; x64) AppleWebKit/537.36 (KHTML, like Gecko) Chrome/143.0.0.0 Safari/537.36"
71.248.186.63 - - [06/Jan/2026:20:09:06 +0000] "GET /_next/static/chunks/%5Bturbopack%5D_browser_dev_hmr-client_hmr-client_ts_c8c997ce._.js HTTP/2.0" 200 3821 "https://honeydo4you.lead360.app/public/share/9fb2dc0e285f5348b9582227ac6d50562fbc811e10f80aa7b3a1df24c7591361" "Mozilla/5.0 (Windows NT 10.0; Win64; x64) AppleWebKit/537.36 (KHTML, like Gecko) Chrome/143.0.0.0 Safari/537.36"
71.248.186.63 - - [06/Jan/2026:20:09:06 +0000] "GET /favicon.ico?favicon.0b3bf435.ico HTTP/2.0" 200 9292 "https://honeydo4you.lead360.app/public/share/9fb2dc0e285f5348b9582227ac6d50562fbc811e10f80aa7b3a1df24c7591361" "Mozilla/5.0 (Windows NT 10.0; Win64; x64) AppleWebKit/537.36 (KHTML, like Gecko) Chrome/143.0.0.0 Safari/537.36"
71.248.186.63 - - [06/Jan/2026:20:09:07 +0000] "GET /login?session_expired=true HTTP/2.0" 200 10482 "https://honeydo4you.lead360.app/public/share/9fb2dc0e285f5348b9582227ac6d50562fbc811e10f80aa7b3a1df24c7591361" "Mozilla/5.0 (Windows NT 10.0; Win64; x64) AppleWebKit/537.36 (KHTML, like Gecko) Chrome/143.0.0.0 Safari/537.36"
71.248.186.63 - - [06/Jan/2026:20:09:07 +0000] "GET /_next/webpack-hmr?id=ySgd7Xgcy-zs0WvCdOxeb HTTP/1.1" 101 2301 "-" "Mozilla/5.0 (Windows NT 10.0; Win64; x64) AppleWebKit/537.36 (KHTML, like Gecko) Chrome/143.0.0.0 Safari/537.36"
71.248.186.63 - - [06/Jan/2026:20:09:07 +0000] "GET /_next/static/chunks/%5Bturbopack%5D_browser_dev_hmr-client_hmr-client_ts_956a0d3a._.js HTTP/2.0" 200 295 "https://honeydo4you.lead360.app/login?session_expired=true" "Mozilla/5.0 (Windows NT 10.0; Win64; x64) AppleWebKit/537.36 (KHTML, like Gecko) Chrome/143.0.0.0 Safari/537.36"
71.248.186.63 - - [06/Jan/2026:20:09:07 +0000] "GET /_next/static/chunks/%5Broot-of-the-server%5D__0f0ba101._.css HTTP/2.0" 200 12439 "https://honeydo4you.lead360.app/login?session_expired=true" "Mozilla/5.0 (Windows NT 10.0; Win64; x64) AppleWebKit/537.36 (KHTML, like Gecko) Chrome/143.0.0.0 Safari/537.36"
71.248.186.63 - - [06/Jan/2026:20:09:07 +0000] "GET /_next/static/chunks/node_modules_next_dist_compiled_react-server-dom-turbopack_9212ccad._.js HTTP/2.0" 200 30748 "https://honeydo4you.lead360.app/login?session_expired=true" "Mozilla/5.0 (Windows NT 10.0; Win64; x64) AppleWebKit/537.36 (KHTML, like Gecko) Chrome/143.0.0.0 Safari/537.36"
71.248.186.63 - - [06/Jan/2026:20:09:07 +0000] "GET /_next/static/chunks/_a0ff3932._.js HTTP/2.0" 200 313 "https://honeydo4you.lead360.app/login?session_expired=true" "Mozilla/5.0 (Windows NT 10.0; Win64; x64) AppleWebKit/537.36 (KHTML, like Gecko) Chrome/143.0.0.0 Safari/537.36"
71.248.186.63 - - [06/Jan/2026:20:09:07 +0000] "GET /_next/static/chunks/node_modules_next_dist_compiled_a0e4c7b4._.js HTTP/2.0" 200 28368 "https://honeydo4you.lead360.app/login?session_expired=true" "Mozilla/5.0 (Windows NT 10.0; Win64; x64) AppleWebKit/537.36 (KHTML, like Gecko) Chrome/143.0.0.0 Safari/537.36"
71.248.186.63 - - [06/Jan/2026:20:09:07 +0000] "GET /_next/static/chunks/node_modules_%40swc_helpers_cjs_d80fb378._.js HTTP/2.0" 200 741 "https://honeydo4you.lead360.app/login?session_expired=true" "Mozilla/5.0 (Windows NT 10.0; Win64; x64) AppleWebKit/537.36 (KHTML, like Gecko) Chrome/143.0.0.0 Safari/537.36"
71.248.186.63 - - [06/Jan/2026:20:09:07 +0000] "GET /_next/static/chunks/src_app_favicon_ico_mjs_81d86e48._.js HTTP/2.0" 200 167 "https://honeydo4you.lead360.app/login?session_expired=true" "Mozilla/5.0 (Windows NT 10.0; Win64; x64) AppleWebKit/537.36 (KHTML, like Gecko) Chrome/143.0.0.0 Safari/537.36"
71.248.186.63 - - [06/Jan/2026:20:09:07 +0000] "GET /_next/static/chunks/src_app_layout_tsx_1cf6b850._.js HTTP/2.0" 200 207 "https://honeydo4you.lead360.app/login?session_expired=true" "Mozilla/5.0 (Windows NT 10.0; Win64; x64) AppleWebKit/537.36 (KHTML, like Gecko) Chrome/143.0.0.0 Safari/537.36"
71.248.186.63 - - [06/Jan/2026:20:09:07 +0000] "GET /_next/static/chunks/turbopack-_23a915ee._.js HTTP/2.0" 200 18537 "https://honeydo4you.lead360.app/login?session_expired=true" "Mozilla/5.0 (Windows NT 10.0; Win64; x64) AppleWebKit/537.36 (KHTML, like Gecko) Chrome/143.0.0.0 Safari/537.36"
71.248.186.63 - - [06/Jan/2026:20:09:07 +0000] "GET /_next/static/chunks/src_app_(auth)_layout_tsx_849455d8._.js HTTP/2.0" 200 173 "https://honeydo4you.lead360.app/login?session_expired=true" "Mozilla/5.0 (Windows NT 10.0; Win64; x64) AppleWebKit/537.36 (KHTML, like Gecko) Chrome/143.0.0.0 Safari/537.36"
71.248.186.63 - - [06/Jan/2026:20:09:07 +0000] "GET /_next/static/chunks/node_modules_next_dist_be32b49c._.js HTTP/2.0" 200 22204 "https://honeydo4you.lead360.app/login?session_expired=true" "Mozilla/5.0 (Windows NT 10.0; Win64; x64) AppleWebKit/537.36 (KHTML, like Gecko) Chrome/143.0.0.0 Safari/537.36"
71.248.186.63 - - [06/Jan/2026:20:09:07 +0000] "GET /_next/static/chunks/node_modules_next_dist_f3530cac._.js HTTP/2.0" 200 38917 "https://honeydo4you.lead360.app/login?session_expired=true" "Mozilla/5.0 (Windows NT 10.0; Win64; x64) AppleWebKit/537.36 (KHTML, like Gecko) Chrome/143.0.0.0 Safari/537.36"
71.248.186.63 - - [06/Jan/2026:20:09:07 +0000] "GET /_next/static/chunks/src_b628a3a2._.js HTTP/2.0" 200 9262 "https://honeydo4you.lead360.app/login?session_expired=true" "Mozilla/5.0 (Windows NT 10.0; Win64; x64) AppleWebKit/537.36 (KHTML, like Gecko) Chrome/143.0.0.0 Safari/537.36"
71.248.186.63 - - [06/Jan/2026:20:09:07 +0000] "GET /_next/static/chunks/src_app_(auth)_layout_tsx_82c2017a._.js HTTP/2.0" 200 941 "https://honeydo4you.lead360.app/login?session_expired=true" "Mozilla/5.0 (Windows NT 10.0; Win64; x64) AppleWebKit/537.36 (KHTML, like Gecko) Chrome/143.0.0.0 Safari/537.36"
71.248.186.63 - - [06/Jan/2026:20:09:07 +0000] "GET /_next/static/chunks/src_app_(auth)_login_page_tsx_519b8d3a._.js HTTP/2.0" 200 218 "https://honeydo4you.lead360.app/login?session_expired=true" "Mozilla/5.0 (Windows NT 10.0; Win64; x64) AppleWebKit/537.36 (KHTML, like Gecko) Chrome/143.0.0.0 Safari/537.36"
71.248.186.63 - - [06/Jan/2026:20:09:07 +0000] "GET /_next/static/chunks/node_modules_next_dist_client_components_builtin_global-error_1cf6b850.js HTTP/2.0" 200 130 "https://honeydo4you.lead360.app/login?session_expired=true" "Mozilla/5.0 (Windows NT 10.0; Win64; x64) AppleWebKit/537.36 (KHTML, like Gecko) Chrome/143.0.0.0 Safari/537.36"
71.248.186.63 - - [06/Jan/2026:20:09:07 +0000] "GET /_next/static/chunks/node_modules_206a1107._.js HTTP/2.0" 200 51791 "https://honeydo4you.lead360.app/login?session_expired=true" "Mozilla/5.0 (Windows NT 10.0; Win64; x64) AppleWebKit/537.36 (KHTML, like Gecko) Chrome/143.0.0.0 Safari/537.36"
71.248.186.63 - - [06/Jan/2026:20:09:07 +0000] "GET /_next/static/chunks/src_ed6190f3._.js HTTP/2.0" 200 13865 "https://honeydo4you.lead360.app/login?session_expired=true" "Mozilla/5.0 (Windows NT 10.0; Win64; x64) AppleWebKit/537.36 (KHTML, like Gecko) Chrome/143.0.0.0 Safari/537.36"
71.248.186.63 - - [06/Jan/2026:20:09:07 +0000] "GET /_next/static/chunks/node_modules_%40headlessui_react_dist_60e85774._.js HTTP/2.0" 200 30613 "https://honeydo4you.lead360.app/login?session_expired=true" "Mozilla/5.0 (Windows NT 10.0; Win64; x64) AppleWebKit/537.36 (KHTML, like Gecko) Chrome/143.0.0.0 Safari/537.36"
71.248.186.63 - - [06/Jan/2026:20:09:07 +0000] "GET /_next/static/chunks/node_modules_next_dist_client_17643121._.js HTTP/2.0" 200 122333 "https://honeydo4you.lead360.app/login?session_expired=true" "Mozilla/5.0 (Windows NT 10.0; Win64; x64) AppleWebKit/537.36 (KHTML, like Gecko) Chrome/143.0.0.0 Safari/537.36"
71.248.186.63 - - [06/Jan/2026:20:09:07 +0000] "GET /_next/static/chunks/node_modules_cd6f685f._.js HTTP/2.0" 200 52802 "https://honeydo4you.lead360.app/login?session_expired=true" "Mozilla/5.0 (Windows NT 10.0; Win64; x64) AppleWebKit/537.36 (KHTML, like Gecko) Chrome/143.0.0.0 Safari/537.36"
71.248.186.63 - - [06/Jan/2026:20:09:07 +0000] "GET /_next/static/chunks/node_modules_next_dist_compiled_react-dom_1e674e59._.js HTTP/2.0" 200 181770 "https://honeydo4you.lead360.app/login?session_expired=true" "Mozilla/5.0 (Windows NT 10.0; Win64; x64) AppleWebKit/537.36 (KHTML, like Gecko) Chrome/143.0.0.0 Safari/537.36"
71.248.186.63 - - [06/Jan/2026:20:09:07 +0000] "GET /_next/static/chunks/node_modules_next_dist_compiled_next-devtools_index_1dd7fb59.js HTTP/2.0" 200 223822 "https://honeydo4you.lead360.app/login?session_expired=true" "Mozilla/5.0 (Windows NT 10.0; Win64; x64) AppleWebKit/537.36 (KHTML, like Gecko) Chrome/143.0.0.0 Safari/537.36"
71.248.186.63 - - [06/Jan/2026:20:09:07 +0000] "GET /_next/static/chunks/node_modules_zod_v4_1267b87d._.js HTTP/2.0" 200 95827 "https://honeydo4you.lead360.app/login?session_expired=true" "Mozilla/5.0 (Windows NT 10.0; Win64; x64) AppleWebKit/537.36 (KHTML, like Gecko) Chrome/143.0.0.0 Safari/537.36"
71.248.186.63 - - [06/Jan/2026:20:09:07 +0000] "GET /_next/static/chunks/%5Bturbopack%5D_browser_dev_hmr-client_hmr-client_ts_c7192189._.js HTTP/2.0" 200 181 "https://honeydo4you.lead360.app/login?session_expired=true" "Mozilla/5.0 (Windows NT 10.0; Win64; x64) AppleWebKit/537.36 (KHTML, like Gecko) Chrome/143.0.0.0 Safari/537.36"
71.248.186.63 - - [06/Jan/2026:20:09:07 +0000] "GET /_next/static/chunks/%5Bturbopack%5D_browser_dev_hmr-client_hmr-client_ts_c8c997ce._.js HTTP/2.0" 200 3821 "https://honeydo4you.lead360.app/login?session_expired=true" "Mozilla/5.0 (Windows NT 10.0; Win64; x64) AppleWebKit/537.36 (KHTML, like Gecko) Chrome/143.0.0.0 Safari/537.36"
71.248.186.63 - - [06/Jan/2026:20:09:07 +0000] "GET /favicon.ico?favicon.0b3bf435.ico HTTP/2.0" 200 9292 "https://honeydo4you.lead360.app/login?session_expired=true" "Mozilla/5.0 (Windows NT 10.0; Win64; x64) AppleWebKit/537.36 (KHTML, like Gecko) Chrome/143.0.0.0 Safari/537.36"
71.248.186.63 - - [06/Jan/2026:20:09:10 +0000] "GET /login?session_expired=true HTTP/2.0" 200 10466 "https://honeydo4you.lead360.app/public/share/9fb2dc0e285f5348b9582227ac6d50562fbc811e10f80aa7b3a1df24c7591361" "Mozilla/5.0 (Windows NT 10.0; Win64; x64) AppleWebKit/537.36 (KHTML, like Gecko) Chrome/143.0.0.0 Safari/537.36"
71.248.186.63 - - [06/Jan/2026:20:09:10 +0000] "GET /_next/webpack-hmr?id=iTXJI9JnoxzStSsTvW65P HTTP/1.1" 101 2301 "-" "Mozilla/5.0 (Windows NT 10.0; Win64; x64) AppleWebKit/537.36 (KHTML, like Gecko) Chrome/143.0.0.0 Safari/537.36"
71.248.186.63 - - [06/Jan/2026:20:09:10 +0000] "GET /_next/static/chunks/%5Bturbopack%5D_browser_dev_hmr-client_hmr-client_ts_956a0d3a._.js HTTP/2.0" 200 295 "https://honeydo4you.lead360.app/login?session_expired=true" "Mozilla/5.0 (Windows NT 10.0; Win64; x64) AppleWebKit/537.36 (KHTML, like Gecko) Chrome/143.0.0.0 Safari/537.36"
71.248.186.63 - - [06/Jan/2026:20:09:10 +0000] "GET /_next/static/chunks/%5Broot-of-the-server%5D__0f0ba101._.css HTTP/2.0" 200 12439 "https://honeydo4you.lead360.app/login?session_expired=true" "Mozilla/5.0 (Windows NT 10.0; Win64; x64) AppleWebKit/537.36 (KHTML, like Gecko) Chrome/143.0.0.0 Safari/537.36"
71.248.186.63 - - [06/Jan/2026:20:09:10 +0000] "GET /_next/static/chunks/node_modules_next_dist_compiled_react-server-dom-turbopack_9212ccad._.js HTTP/2.0" 200 30748 "https://honeydo4you.lead360.app/login?session_expired=true" "Mozilla/5.0 (Windows NT 10.0; Win64; x64) AppleWebKit/537.36 (KHTML, like Gecko) Chrome/143.0.0.0 Safari/537.36"
71.248.186.63 - - [06/Jan/2026:20:09:10 +0000] "GET /_next/static/chunks/_a0ff3932._.js HTTP/2.0" 200 313 "https://honeydo4you.lead360.app/login?session_expired=true" "Mozilla/5.0 (Windows NT 10.0; Win64; x64) AppleWebKit/537.36 (KHTML, like Gecko) Chrome/143.0.0.0 Safari/537.36"
71.248.186.63 - - [06/Jan/2026:20:09:10 +0000] "GET /_next/static/chunks/node_modules_next_dist_compiled_a0e4c7b4._.js HTTP/2.0" 200 28368 "https://honeydo4you.lead360.app/login?session_expired=true" "Mozilla/5.0 (Windows NT 10.0; Win64; x64) AppleWebKit/537.36 (KHTML, like Gecko) Chrome/143.0.0.0 Safari/537.36"
71.248.186.63 - - [06/Jan/2026:20:09:10 +0000] "GET /_next/static/chunks/node_modules_%40swc_helpers_cjs_d80fb378._.js HTTP/2.0" 200 741 "https://honeydo4you.lead360.app/login?session_expired=true" "Mozilla/5.0 (Windows NT 10.0; Win64; x64) AppleWebKit/537.36 (KHTML, like Gecko) Chrome/143.0.0.0 Safari/537.36"
71.248.186.63 - - [06/Jan/2026:20:09:10 +0000] "GET /_next/static/chunks/src_app_favicon_ico_mjs_81d86e48._.js HTTP/2.0" 200 167 "https://honeydo4you.lead360.app/login?session_expired=true" "Mozilla/5.0 (Windows NT 10.0; Win64; x64) AppleWebKit/537.36 (KHTML, like Gecko) Chrome/143.0.0.0 Safari/537.36"
71.248.186.63 - - [06/Jan/2026:20:09:10 +0000] "GET /_next/static/chunks/node_modules_next_dist_f3530cac._.js HTTP/2.0" 200 38917 "https://honeydo4you.lead360.app/login?session_expired=true" "Mozilla/5.0 (Windows NT 10.0; Win64; x64) AppleWebKit/537.36 (KHTML, like Gecko) Chrome/143.0.0.0 Safari/537.36"
71.248.186.63 - - [06/Jan/2026:20:09:10 +0000] "GET /_next/static/chunks/turbopack-_23a915ee._.js HTTP/2.0" 200 18537 "https://honeydo4you.lead360.app/login?session_expired=true" "Mozilla/5.0 (Windows NT 10.0; Win64; x64) AppleWebKit/537.36 (KHTML, like Gecko) Chrome/143.0.0.0 Safari/537.36"
71.248.186.63 - - [06/Jan/2026:20:09:10 +0000] "GET /_next/static/chunks/node_modules_next_dist_be32b49c._.js HTTP/2.0" 200 22204 "https://honeydo4you.lead360.app/login?session_expired=true" "Mozilla/5.0 (Windows NT 10.0; Win64; x64) AppleWebKit/537.36 (KHTML, like Gecko) Chrome/143.0.0.0 Safari/537.36"
