145.223.120.93 - - [01/Jan/2026:23:09:59 +0000] "HEAD / HTTP/2.0" 502 0 "-" "curl/8.5.0"
145.223.120.93 - - [01/Jan/2026:23:11:09 +0000] "HEAD / HTTP/2.0" 502 0 "-" "curl/8.5.0"
71.248.186.63 - - [02/Jan/2026:01:42:51 +0000] "GET / HTTP/2.0" 200 7943 "-" "Mozilla/5.0 (Windows NT 10.0; Win64; x64) AppleWebKit/537.36 (KHTML, like Gecko) Chrome/143.0.0.0 Safari/537.36"
71.248.186.63 - - [02/Jan/2026:01:42:51 +0000] "GET /_next/static/media/797e433ab948586e-s.p.dbea232f.woff2 HTTP/2.0" 200 31288 "https://anything.lead360.app/" "Mozilla/5.0 (Windows NT 10.0; Win64; x64) AppleWebKit/537.36 (KHTML, like Gecko) Chrome/143.0.0.0 Safari/537.36"
71.248.186.63 - - [02/Jan/2026:01:42:51 +0000] "GET /_next/static/media/caa3a2e1cccd8315-s.p.853070df.woff2 HTTP/2.0" 200 28388 "https://anything.lead360.app/" "Mozilla/5.0 (Windows NT 10.0; Win64; x64) AppleWebKit/537.36 (KHTML, like Gecko) Chrome/143.0.0.0 Safari/537.36"
71.248.186.63 - - [02/Jan/2026:01:42:51 +0000] "GET /_next/static/chunks/%5Broot-of-the-server%5D__0f0ba101._.css HTTP/2.0" 200 3981 "https://anything.lead360.app/" "Mozilla/5.0 (Windows NT 10.0; Win64; x64) AppleWebKit/537.36 (KHTML, like Gecko) Chrome/143.0.0.0 Safari/537.36"
71.248.186.63 - - [02/Jan/2026:01:42:51 +0000] "GET /next.svg HTTP/2.0" 200 704 "https://anything.lead360.app/" "Mozilla/5.0 (Windows NT 10.0; Win64; x64) AppleWebKit/537.36 (KHTML, like Gecko) Chrome/143.0.0.0 Safari/537.36"
71.248.186.63 - - [02/Jan/2026:01:42:51 +0000] "GET /_next/static/chunks/%5Bturbopack%5D_browser_dev_hmr-client_hmr-client_ts_956a0d3a._.js HTTP/2.0" 200 295 "https://anything.lead360.app/" "Mozilla/5.0 (Windows NT 10.0; Win64; x64) AppleWebKit/537.36 (KHTML, like Gecko) Chrome/143.0.0.0 Safari/537.36"
71.248.186.63 - - [02/Jan/2026:01:42:51 +0000] "GET /_next/static/chunks/node_modules_next_dist_compiled_react-server-dom-turbopack_9212ccad._.js HTTP/2.0" 200 30748 "https://anything.lead360.app/" "Mozilla/5.0 (Windows NT 10.0; Win64; x64) AppleWebKit/537.36 (KHTML, like Gecko) Chrome/143.0.0.0 Safari/537.36"
71.248.186.63 - - [02/Jan/2026:01:42:51 +0000] "GET /_next/static/chunks/node_modules_next_dist_compiled_a0e4c7b4._.js HTTP/2.0" 200 28368 "https://anything.lead360.app/" "Mozilla/5.0 (Windows NT 10.0; Win64; x64) AppleWebKit/537.36 (KHTML, like Gecko) Chrome/143.0.0.0 Safari/537.36"
71.248.186.63 - - [02/Jan/2026:01:42:51 +0000] "GET /_next/static/chunks/node_modules_next_dist_f3530cac._.js HTTP/2.0" 200 38917 "https://anything.lead360.app/" "Mozilla/5.0 (Windows NT 10.0; Win64; x64) AppleWebKit/537.36 (KHTML, like Gecko) Chrome/143.0.0.0 Safari/537.36"
71.248.186.63 - - [02/Jan/2026:01:42:51 +0000] "GET /_next/static/chunks/node_modules_%40swc_helpers_cjs_d80fb378._.js HTTP/2.0" 200 741 "https://anything.lead360.app/" "Mozilla/5.0 (Windows NT 10.0; Win64; x64) AppleWebKit/537.36 (KHTML, like Gecko) Chrome/143.0.0.0 Safari/537.36"
71.248.186.63 - - [02/Jan/2026:01:42:51 +0000] "GET /_next/static/chunks/_a0ff3932._.js HTTP/2.0" 200 313 "https://anything.lead360.app/" "Mozilla/5.0 (Windows NT 10.0; Win64; x64) AppleWebKit/537.36 (KHTML, like Gecko) Chrome/143.0.0.0 Safari/537.36"
71.248.186.63 - - [02/Jan/2026:01:42:51 +0000] "GET /_next/static/chunks/node_modules_next_dist_compiled_react-dom_1e674e59._.js HTTP/2.0" 200 181770 "https://anything.lead360.app/" "Mozilla/5.0 (Windows NT 10.0; Win64; x64) AppleWebKit/537.36 (KHTML, like Gecko) Chrome/143.0.0.0 Safari/537.36"
71.248.186.63 - - [02/Jan/2026:01:42:51 +0000] "GET /_next/static/chunks/node_modules_next_dist_client_17643121._.js HTTP/2.0" 200 122333 "https://anything.lead360.app/" "Mozilla/5.0 (Windows NT 10.0; Win64; x64) AppleWebKit/537.36 (KHTML, like Gecko) Chrome/143.0.0.0 Safari/537.36"
71.248.186.63 - - [02/Jan/2026:01:42:51 +0000] "GET /_next/static/chunks/turbopack-_23a915ee._.js HTTP/2.0" 200 18537 "https://anything.lead360.app/" "Mozilla/5.0 (Windows NT 10.0; Win64; x64) AppleWebKit/537.36 (KHTML, like Gecko) Chrome/143.0.0.0 Safari/537.36"
71.248.186.63 - - [02/Jan/2026:01:42:51 +0000] "GET /_next/static/chunks/src_app_favicon_ico_mjs_81d86e48._.js HTTP/2.0" 200 167 "https://anything.lead360.app/" "Mozilla/5.0 (Windows NT 10.0; Win64; x64) AppleWebKit/537.36 (KHTML, like Gecko) Chrome/143.0.0.0 Safari/537.36"
71.248.186.63 - - [02/Jan/2026:01:42:51 +0000] "GET /_next/static/chunks/node_modules_next_dist_be32b49c._.js HTTP/2.0" 200 22204 "https://anything.lead360.app/" "Mozilla/5.0 (Windows NT 10.0; Win64; x64) AppleWebKit/537.36 (KHTML, like Gecko) Chrome/143.0.0.0 Safari/537.36"
71.248.186.63 - - [02/Jan/2026:01:42:51 +0000] "GET /_next/static/chunks/node_modules_next_dist_compiled_next-devtools_index_1dd7fb59.js HTTP/2.0" 200 223822 "https://anything.lead360.app/" "Mozilla/5.0 (Windows NT 10.0; Win64; x64) AppleWebKit/537.36 (KHTML, like Gecko) Chrome/143.0.0.0 Safari/537.36"
71.248.186.63 - - [02/Jan/2026:01:42:51 +0000] "GET /_next/static/chunks/src_app_layout_tsx_1cf6b850._.js HTTP/2.0" 200 169 "https://anything.lead360.app/" "Mozilla/5.0 (Windows NT 10.0; Win64; x64) AppleWebKit/537.36 (KHTML, like Gecko) Chrome/143.0.0.0 Safari/537.36"
71.248.186.63 - - [02/Jan/2026:01:42:51 +0000] "GET /_next/static/chunks/src_app_page_tsx_47b43e25._.js HTTP/2.0" 200 167 "https://anything.lead360.app/" "Mozilla/5.0 (Windows NT 10.0; Win64; x64) AppleWebKit/537.36 (KHTML, like Gecko) Chrome/143.0.0.0 Safari/537.36"
71.248.186.63 - - [02/Jan/2026:01:42:51 +0000] "GET /_next/static/chunks/node_modules_next_dist_client_components_builtin_global-error_1cf6b850.js HTTP/2.0" 200 130 "https://anything.lead360.app/" "Mozilla/5.0 (Windows NT 10.0; Win64; x64) AppleWebKit/537.36 (KHTML, like Gecko) Chrome/143.0.0.0 Safari/537.36"
71.248.186.63 - - [02/Jan/2026:01:42:51 +0000] "GET /vercel.svg HTTP/2.0" 200 128 "https://anything.lead360.app/" "Mozilla/5.0 (Windows NT 10.0; Win64; x64) AppleWebKit/537.36 (KHTML, like Gecko) Chrome/143.0.0.0 Safari/537.36"
71.248.186.63 - - [02/Jan/2026:01:42:51 +0000] "GET /_next/static/chunks/node_modules_next_dist_2c670af9._.js HTTP/2.0" 200 27245 "https://anything.lead360.app/" "Mozilla/5.0 (Windows NT 10.0; Win64; x64) AppleWebKit/537.36 (KHTML, like Gecko) Chrome/143.0.0.0 Safari/537.36"
71.248.186.63 - - [02/Jan/2026:01:42:51 +0000] "GET /_next/static/chunks/%5Bturbopack%5D_browser_dev_hmr-client_hmr-client_ts_c7192189._.js HTTP/2.0" 200 181 "https://anything.lead360.app/" "Mozilla/5.0 (Windows NT 10.0; Win64; x64) AppleWebKit/537.36 (KHTML, like Gecko) Chrome/143.0.0.0 Safari/537.36"
71.248.186.63 - - [02/Jan/2026:01:42:51 +0000] "GET /_next/static/chunks/%5Bturbopack%5D_browser_dev_hmr-client_hmr-client_ts_c8c997ce._.js HTTP/2.0" 200 3821 "https://anything.lead360.app/" "Mozilla/5.0 (Windows NT 10.0; Win64; x64) AppleWebKit/537.36 (KHTML, like Gecko) Chrome/143.0.0.0 Safari/537.36"
71.248.186.63 - - [02/Jan/2026:01:42:51 +0000] "GET /__nextjs_font/geist-latin.woff2 HTTP/2.0" 200 28356 "https://anything.lead360.app/" "Mozilla/5.0 (Windows NT 10.0; Win64; x64) AppleWebKit/537.36 (KHTML, like Gecko) Chrome/143.0.0.0 Safari/537.36"
71.248.186.63 - - [02/Jan/2026:01:42:51 +0000] "GET /favicon.ico?favicon.0b3bf435.ico HTTP/2.0" 200 9292 "https://anything.lead360.app/" "Mozilla/5.0 (Windows NT 10.0; Win64; x64) AppleWebKit/537.36 (KHTML, like Gecko) Chrome/143.0.0.0 Safari/537.36"
71.248.186.63 - - [02/Jan/2026:01:42:57 +0000] "GET /_next/webpack-hmr?id=YtQYbfw9eRifsp3ggS2iE HTTP/1.1" 101 366 "-" "Mozilla/5.0 (Windows NT 10.0; Win64; x64) AppleWebKit/537.36 (KHTML, like Gecko) Chrome/143.0.0.0 Safari/537.36"
71.248.186.63 - - [02/Jan/2026:01:42:59 +0000] "GET /_next/webpack-hmr?id=YtQYbfw9eRifsp3ggS2iE HTTP/1.1" 502 559 "-" "Mozilla/5.0 (Windows NT 10.0; Win64; x64) AppleWebKit/537.36 (KHTML, like Gecko) Chrome/143.0.0.0 Safari/537.36"
71.248.186.63 - - [02/Jan/2026:01:43:00 +0000] "GET /_next/webpack-hmr?id=YtQYbfw9eRifsp3ggS2iE HTTP/1.1" 502 559 "-" "Mozilla/5.0 (Windows NT 10.0; Win64; x64) AppleWebKit/537.36 (KHTML, like Gecko) Chrome/143.0.0.0 Safari/537.36"
71.248.186.63 - - [02/Jan/2026:01:43:01 +0000] "GET /_next/webpack-hmr?id=YtQYbfw9eRifsp3ggS2iE HTTP/1.1" 502 559 "-" "Mozilla/5.0 (Windows NT 10.0; Win64; x64) AppleWebKit/537.36 (KHTML, like Gecko) Chrome/143.0.0.0 Safari/537.36"
71.248.186.63 - - [02/Jan/2026:01:43:02 +0000] "GET /_next/webpack-hmr?id=YtQYbfw9eRifsp3ggS2iE HTTP/1.1" 502 559 "-" "Mozilla/5.0 (Windows NT 10.0; Win64; x64) AppleWebKit/537.36 (KHTML, like Gecko) Chrome/143.0.0.0 Safari/537.36"
71.248.186.63 - - [02/Jan/2026:01:43:03 +0000] "GET /_next/webpack-hmr?id=YtQYbfw9eRifsp3ggS2iE HTTP/1.1" 502 559 "-" "Mozilla/5.0 (Windows NT 10.0; Win64; x64) AppleWebKit/537.36 (KHTML, like Gecko) Chrome/143.0.0.0 Safari/537.36"
71.248.186.63 - - [02/Jan/2026:01:43:08 +0000] "GET /_next/webpack-hmr?id=YtQYbfw9eRifsp3ggS2iE HTTP/1.1" 502 559 "-" "Mozilla/5.0 (Windows NT 10.0; Win64; x64) AppleWebKit/537.36 (KHTML, like Gecko) Chrome/143.0.0.0 Safari/537.36"
71.248.186.63 - - [02/Jan/2026:01:43:13 +0000] "GET /_next/webpack-hmr?id=YtQYbfw9eRifsp3ggS2iE HTTP/1.1" 502 559 "-" "Mozilla/5.0 (Windows NT 10.0; Win64; x64) AppleWebKit/537.36 (KHTML, like Gecko) Chrome/143.0.0.0 Safari/537.36"
71.248.186.63 - - [02/Jan/2026:01:43:18 +0000] "GET /_next/webpack-hmr?id=YtQYbfw9eRifsp3ggS2iE HTTP/1.1" 502 559 "-" "Mozilla/5.0 (Windows NT 10.0; Win64; x64) AppleWebKit/537.36 (KHTML, like Gecko) Chrome/143.0.0.0 Safari/537.36"
71.248.186.63 - - [02/Jan/2026:01:43:23 +0000] "GET /_next/webpack-hmr?id=YtQYbfw9eRifsp3ggS2iE HTTP/1.1" 502 559 "-" "Mozilla/5.0 (Windows NT 10.0; Win64; x64) AppleWebKit/537.36 (KHTML, like Gecko) Chrome/143.0.0.0 Safari/537.36"
71.248.186.63 - - [02/Jan/2026:01:43:28 +0000] "GET /_next/webpack-hmr?id=YtQYbfw9eRifsp3ggS2iE HTTP/1.1" 502 559 "-" "Mozilla/5.0 (Windows NT 10.0; Win64; x64) AppleWebKit/537.36 (KHTML, like Gecko) Chrome/143.0.0.0 Safari/537.36"
71.248.186.63 - - [02/Jan/2026:01:43:33 +0000] "GET /_next/webpack-hmr?id=YtQYbfw9eRifsp3ggS2iE HTTP/1.1" 502 559 "-" "Mozilla/5.0 (Windows NT 10.0; Win64; x64) AppleWebKit/537.36 (KHTML, like Gecko) Chrome/143.0.0.0 Safari/537.36"
71.248.186.63 - - [02/Jan/2026:01:43:38 +0000] "GET /_next/webpack-hmr?id=YtQYbfw9eRifsp3ggS2iE HTTP/1.1" 502 559 "-" "Mozilla/5.0 (Windows NT 10.0; Win64; x64) AppleWebKit/537.36 (KHTML, like Gecko) Chrome/143.0.0.0 Safari/537.36"
71.248.186.63 - - [02/Jan/2026:01:43:38 +0000] "GET / HTTP/2.0" 502 559 "https://anything.lead360.app/" "Mozilla/5.0 (Windows NT 10.0; Win64; x64) AppleWebKit/537.36 (KHTML, like Gecko) Chrome/143.0.0.0 Safari/537.36"
71.248.186.63 - - [02/Jan/2026:01:43:38 +0000] "GET /favicon.ico HTTP/2.0" 502 559 "https://anything.lead360.app/" "Mozilla/5.0 (Windows NT 10.0; Win64; x64) AppleWebKit/537.36 (KHTML, like Gecko) Chrome/143.0.0.0 Safari/537.36"
71.248.186.63 - - [02/Jan/2026:01:46:05 +0000] "GET / HTTP/2.0" 200 7942 "https://anything.lead360.app/" "Mozilla/5.0 (Windows NT 10.0; Win64; x64) AppleWebKit/537.36 (KHTML, like Gecko) Chrome/143.0.0.0 Safari/537.36"
71.248.186.63 - - [02/Jan/2026:01:46:06 +0000] "GET /_next/static/chunks/%5Bturbopack%5D_browser_dev_hmr-client_hmr-client_ts_956a0d3a._.js HTTP/2.0" 200 295 "https://anything.lead360.app/" "Mozilla/5.0 (Windows NT 10.0; Win64; x64) AppleWebKit/537.36 (KHTML, like Gecko) Chrome/143.0.0.0 Safari/537.36"
71.248.186.63 - - [02/Jan/2026:01:46:06 +0000] "GET /next.svg HTTP/2.0" 304 0 "https://anything.lead360.app/" "Mozilla/5.0 (Windows NT 10.0; Win64; x64) AppleWebKit/537.36 (KHTML, like Gecko) Chrome/143.0.0.0 Safari/537.36"
71.248.186.63 - - [02/Jan/2026:01:46:06 +0000] "GET /_next/static/chunks/%5Broot-of-the-server%5D__0f0ba101._.css HTTP/2.0" 200 3981 "https://anything.lead360.app/" "Mozilla/5.0 (Windows NT 10.0; Win64; x64) AppleWebKit/537.36 (KHTML, like Gecko) Chrome/143.0.0.0 Safari/537.36"
71.248.186.63 - - [02/Jan/2026:01:46:06 +0000] "GET /_next/static/chunks/node_modules_next_dist_compiled_react-server-dom-turbopack_9212ccad._.js HTTP/2.0" 200 30748 "https://anything.lead360.app/" "Mozilla/5.0 (Windows NT 10.0; Win64; x64) AppleWebKit/537.36 (KHTML, like Gecko) Chrome/143.0.0.0 Safari/537.36"
71.248.186.63 - - [02/Jan/2026:01:46:06 +0000] "GET /_next/static/chunks/_a0ff3932._.js HTTP/2.0" 200 313 "https://anything.lead360.app/" "Mozilla/5.0 (Windows NT 10.0; Win64; x64) AppleWebKit/537.36 (KHTML, like Gecko) Chrome/143.0.0.0 Safari/537.36"
71.248.186.63 - - [02/Jan/2026:01:46:06 +0000] "GET /_next/static/chunks/node_modules_next_dist_compiled_a0e4c7b4._.js HTTP/2.0" 200 28368 "https://anything.lead360.app/" "Mozilla/5.0 (Windows NT 10.0; Win64; x64) AppleWebKit/537.36 (KHTML, like Gecko) Chrome/143.0.0.0 Safari/537.36"
71.248.186.63 - - [02/Jan/2026:01:46:06 +0000] "GET /_next/static/chunks/src_app_favicon_ico_mjs_81d86e48._.js HTTP/2.0" 200 167 "https://anything.lead360.app/" "Mozilla/5.0 (Windows NT 10.0; Win64; x64) AppleWebKit/537.36 (KHTML, like Gecko) Chrome/143.0.0.0 Safari/537.36"
71.248.186.63 - - [02/Jan/2026:01:46:06 +0000] "GET /_next/static/chunks/node_modules_%40swc_helpers_cjs_d80fb378._.js HTTP/2.0" 200 741 "https://anything.lead360.app/" "Mozilla/5.0 (Windows NT 10.0; Win64; x64) AppleWebKit/537.36 (KHTML, like Gecko) Chrome/143.0.0.0 Safari/537.36"
71.248.186.63 - - [02/Jan/2026:01:46:06 +0000] "GET /_next/static/chunks/src_app_layout_tsx_1cf6b850._.js HTTP/2.0" 200 169 "https://anything.lead360.app/" "Mozilla/5.0 (Windows NT 10.0; Win64; x64) AppleWebKit/537.36 (KHTML, like Gecko) Chrome/143.0.0.0 Safari/537.36"
71.248.186.63 - - [02/Jan/2026:01:46:06 +0000] "GET /vercel.svg HTTP/2.0" 304 0 "https://anything.lead360.app/" "Mozilla/5.0 (Windows NT 10.0; Win64; x64) AppleWebKit/537.36 (KHTML, like Gecko) Chrome/143.0.0.0 Safari/537.36"
71.248.186.63 - - [02/Jan/2026:01:46:06 +0000] "GET /_next/static/chunks/src_app_page_tsx_47b43e25._.js HTTP/2.0" 200 167 "https://anything.lead360.app/" "Mozilla/5.0 (Windows NT 10.0; Win64; x64) AppleWebKit/537.36 (KHTML, like Gecko) Chrome/143.0.0.0 Safari/537.36"
71.248.186.63 - - [02/Jan/2026:01:46:06 +0000] "GET /_next/static/chunks/node_modules_next_dist_client_components_builtin_global-error_1cf6b850.js HTTP/2.0" 200 130 "https://anything.lead360.app/" "Mozilla/5.0 (Windows NT 10.0; Win64; x64) AppleWebKit/537.36 (KHTML, like Gecko) Chrome/143.0.0.0 Safari/537.36"
71.248.186.63 - - [02/Jan/2026:01:46:06 +0000] "GET /_next/static/chunks/node_modules_next_dist_be32b49c._.js HTTP/2.0" 200 22204 "https://anything.lead360.app/" "Mozilla/5.0 (Windows NT 10.0; Win64; x64) AppleWebKit/537.36 (KHTML, like Gecko) Chrome/143.0.0.0 Safari/537.36"
71.248.186.63 - - [02/Jan/2026:01:46:06 +0000] "GET /_next/static/chunks/turbopack-_23a915ee._.js HTTP/2.0" 200 18537 "https://anything.lead360.app/" "Mozilla/5.0 (Windows NT 10.0; Win64; x64) AppleWebKit/537.36 (KHTML, like Gecko) Chrome/143.0.0.0 Safari/537.36"
71.248.186.63 - - [02/Jan/2026:01:46:06 +0000] "GET /_next/static/chunks/node_modules_next_dist_f3530cac._.js HTTP/2.0" 200 38917 "https://anything.lead360.app/" "Mozilla/5.0 (Windows NT 10.0; Win64; x64) AppleWebKit/537.36 (KHTML, like Gecko) Chrome/143.0.0.0 Safari/537.36"
71.248.186.63 - - [02/Jan/2026:01:46:06 +0000] "GET /_next/static/chunks/node_modules_next_dist_2c670af9._.js HTTP/2.0" 200 27245 "https://anything.lead360.app/" "Mozilla/5.0 (Windows NT 10.0; Win64; x64) AppleWebKit/537.36 (KHTML, like Gecko) Chrome/143.0.0.0 Safari/537.36"
71.248.186.63 - - [02/Jan/2026:01:46:06 +0000] "GET /_next/static/chunks/node_modules_next_dist_client_17643121._.js HTTP/2.0" 200 122333 "https://anything.lead360.app/" "Mozilla/5.0 (Windows NT 10.0; Win64; x64) AppleWebKit/537.36 (KHTML, like Gecko) Chrome/143.0.0.0 Safari/537.36"
71.248.186.63 - - [02/Jan/2026:01:46:06 +0000] "GET /_next/static/chunks/node_modules_next_dist_compiled_react-dom_1e674e59._.js HTTP/2.0" 200 181770 "https://anything.lead360.app/" "Mozilla/5.0 (Windows NT 10.0; Win64; x64) AppleWebKit/537.36 (KHTML, like Gecko) Chrome/143.0.0.0 Safari/537.36"
71.248.186.63 - - [02/Jan/2026:01:46:06 +0000] "GET /_next/static/chunks/node_modules_next_dist_compiled_next-devtools_index_1dd7fb59.js HTTP/2.0" 200 223822 "https://anything.lead360.app/" "Mozilla/5.0 (Windows NT 10.0; Win64; x64) AppleWebKit/537.36 (KHTML, like Gecko) Chrome/143.0.0.0 Safari/537.36"
71.248.186.63 - - [02/Jan/2026:01:46:06 +0000] "GET /_next/static/chunks/%5Bturbopack%5D_browser_dev_hmr-client_hmr-client_ts_c7192189._.js HTTP/2.0" 200 181 "https://anything.lead360.app/" "Mozilla/5.0 (Windows NT 10.0; Win64; x64) AppleWebKit/537.36 (KHTML, like Gecko) Chrome/143.0.0.0 Safari/537.36"
71.248.186.63 - - [02/Jan/2026:01:46:06 +0000] "GET /_next/static/chunks/%5Bturbopack%5D_browser_dev_hmr-client_hmr-client_ts_c8c997ce._.js HTTP/2.0" 200 3821 "https://anything.lead360.app/" "Mozilla/5.0 (Windows NT 10.0; Win64; x64) AppleWebKit/537.36 (KHTML, like Gecko) Chrome/143.0.0.0 Safari/537.36"
71.248.186.63 - - [02/Jan/2026:01:46:06 +0000] "GET /favicon.ico?favicon.0b3bf435.ico HTTP/2.0" 200 9292 "https://anything.lead360.app/" "Mozilla/5.0 (Windows NT 10.0; Win64; x64) AppleWebKit/537.36 (KHTML, like Gecko) Chrome/143.0.0.0 Safari/537.36"
71.248.186.63 - - [02/Jan/2026:01:46:12 +0000] "GET /tenant-debug HTTP/2.0" 500 6340 "-" "Mozilla/5.0 (Windows NT 10.0; Win64; x64) AppleWebKit/537.36 (KHTML, like Gecko) Chrome/143.0.0.0 Safari/537.36"
71.248.186.63 - - [02/Jan/2026:01:46:12 +0000] "GET /_next/webpack-hmr?id=-kM_eqaBjKqw3iw5RbiuO HTTP/1.1" 101 624 "-" "Mozilla/5.0 (Windows NT 10.0; Win64; x64) AppleWebKit/537.36 (KHTML, like Gecko) Chrome/143.0.0.0 Safari/537.36"
71.248.186.63 - - [02/Jan/2026:01:46:13 +0000] "GET /_next/static/chunks/%5Bturbopack%5D_browser_dev_hmr-client_hmr-client_ts_956a0d3a._.js HTTP/2.0" 200 295 "https://anything.lead360.app/tenant-debug" "Mozilla/5.0 (Windows NT 10.0; Win64; x64) AppleWebKit/537.36 (KHTML, like Gecko) Chrome/143.0.0.0 Safari/537.36"
71.248.186.63 - - [02/Jan/2026:01:46:13 +0000] "GET /_next/static/chunks/_a0ff3932._.js HTTP/2.0" 200 313 "https://anything.lead360.app/tenant-debug" "Mozilla/5.0 (Windows NT 10.0; Win64; x64) AppleWebKit/537.36 (KHTML, like Gecko) Chrome/143.0.0.0 Safari/537.36"
71.248.186.63 - - [02/Jan/2026:01:46:13 +0000] "GET /_next/static/chunks/node_modules_next_dist_compiled_react-server-dom-turbopack_9212ccad._.js HTTP/2.0" 200 30748 "https://anything.lead360.app/tenant-debug" "Mozilla/5.0 (Windows NT 10.0; Win64; x64) AppleWebKit/537.36 (KHTML, like Gecko) Chrome/143.0.0.0 Safari/537.36"
71.248.186.63 - - [02/Jan/2026:01:46:13 +0000] "GET /_next/static/chunks/node_modules_%40swc_helpers_cjs_d80fb378._.js HTTP/2.0" 200 741 "https://anything.lead360.app/tenant-debug" "Mozilla/5.0 (Windows NT 10.0; Win64; x64) AppleWebKit/537.36 (KHTML, like Gecko) Chrome/143.0.0.0 Safari/537.36"
71.248.186.63 - - [02/Jan/2026:01:46:13 +0000] "GET /_next/static/chunks/src_app_favicon_ico_mjs_81d86e48._.js HTTP/2.0" 200 167 "https://anything.lead360.app/tenant-debug" "Mozilla/5.0 (Windows NT 10.0; Win64; x64) AppleWebKit/537.36 (KHTML, like Gecko) Chrome/143.0.0.0 Safari/537.36"
71.248.186.63 - - [02/Jan/2026:01:46:13 +0000] "GET /_next/static/chunks/node_modules_next_dist_client_components_builtin_global-error_1cf6b850.js HTTP/2.0" 200 130 "https://anything.lead360.app/tenant-debug" "Mozilla/5.0 (Windows NT 10.0; Win64; x64) AppleWebKit/537.36 (KHTML, like Gecko) Chrome/143.0.0.0 Safari/537.36"
71.248.186.63 - - [02/Jan/2026:01:46:13 +0000] "GET /_next/static/chunks/node_modules_next_dist_compiled_a0e4c7b4._.js HTTP/2.0" 200 28368 "https://anything.lead360.app/tenant-debug" "Mozilla/5.0 (Windows NT 10.0; Win64; x64) AppleWebKit/537.36 (KHTML, like Gecko) Chrome/143.0.0.0 Safari/537.36"
71.248.186.63 - - [02/Jan/2026:01:46:13 +0000] "GET /_next/static/chunks/node_modules_next_dist_be32b49c._.js HTTP/2.0" 200 22204 "https://anything.lead360.app/tenant-debug" "Mozilla/5.0 (Windows NT 10.0; Win64; x64) AppleWebKit/537.36 (KHTML, like Gecko) Chrome/143.0.0.0 Safari/537.36"
71.248.186.63 - - [02/Jan/2026:01:46:13 +0000] "GET /_next/static/chunks/node_modules_next_dist_f3530cac._.js HTTP/2.0" 200 38917 "https://anything.lead360.app/tenant-debug" "Mozilla/5.0 (Windows NT 10.0; Win64; x64) AppleWebKit/537.36 (KHTML, like Gecko) Chrome/143.0.0.0 Safari/537.36"
71.248.186.63 - - [02/Jan/2026:01:46:13 +0000] "GET /_next/static/chunks/turbopack-_23a915ee._.js HTTP/2.0" 200 18537 "https://anything.lead360.app/tenant-debug" "Mozilla/5.0 (Windows NT 10.0; Win64; x64) AppleWebKit/537.36 (KHTML, like Gecko) Chrome/143.0.0.0 Safari/537.36"
71.248.186.63 - - [02/Jan/2026:01:46:13 +0000] "GET /_next/static/chunks/node_modules_next_dist_client_17643121._.js HTTP/2.0" 200 122333 "https://anything.lead360.app/tenant-debug" "Mozilla/5.0 (Windows NT 10.0; Win64; x64) AppleWebKit/537.36 (KHTML, like Gecko) Chrome/143.0.0.0 Safari/537.36"
71.248.186.63 - - [02/Jan/2026:01:46:13 +0000] "GET /_next/static/chunks/node_modules_next_dist_compiled_next-devtools_index_1dd7fb59.js HTTP/2.0" 200 223822 "https://anything.lead360.app/tenant-debug" "Mozilla/5.0 (Windows NT 10.0; Win64; x64) AppleWebKit/537.36 (KHTML, like Gecko) Chrome/143.0.0.0 Safari/537.36"
71.248.186.63 - - [02/Jan/2026:01:46:13 +0000] "GET /_next/static/chunks/node_modules_next_dist_compiled_react-dom_1e674e59._.js HTTP/2.0" 200 181770 "https://anything.lead360.app/tenant-debug" "Mozilla/5.0 (Windows NT 10.0; Win64; x64) AppleWebKit/537.36 (KHTML, like Gecko) Chrome/143.0.0.0 Safari/537.36"
71.248.186.63 - - [02/Jan/2026:01:46:13 +0000] "GET /_next/static/chunks/%5Bturbopack%5D_browser_dev_hmr-client_hmr-client_ts_c7192189._.js HTTP/2.0" 200 181 "https://anything.lead360.app/tenant-debug" "Mozilla/5.0 (Windows NT 10.0; Win64; x64) AppleWebKit/537.36 (KHTML, like Gecko) Chrome/143.0.0.0 Safari/537.36"
71.248.186.63 - - [02/Jan/2026:01:46:13 +0000] "GET /_next/static/chunks/%5Bturbopack%5D_browser_dev_hmr-client_hmr-client_ts_c8c997ce._.js HTTP/2.0" 200 3821 "https://anything.lead360.app/tenant-debug" "Mozilla/5.0 (Windows NT 10.0; Win64; x64) AppleWebKit/537.36 (KHTML, like Gecko) Chrome/143.0.0.0 Safari/537.36"
71.248.186.63 - - [02/Jan/2026:01:46:13 +0000] "GET /_next/static/chunks/%5Broot-of-the-server%5D__0f0ba101._.css HTTP/2.0" 200 3981 "https://anything.lead360.app/tenant-debug" "Mozilla/5.0 (Windows NT 10.0; Win64; x64) AppleWebKit/537.36 (KHTML, like Gecko) Chrome/143.0.0.0 Safari/537.36"
71.248.186.63 - - [02/Jan/2026:01:46:13 +0000] "POST /__nextjs_original-stack-frames HTTP/2.0" 200 540 "https://anything.lead360.app/tenant-debug" "Mozilla/5.0 (Windows NT 10.0; Win64; x64) AppleWebKit/537.36 (KHTML, like Gecko) Chrome/143.0.0.0 Safari/537.36"
71.248.186.63 - - [02/Jan/2026:01:46:13 +0000] "GET /__nextjs_font/geist-mono-latin.woff2 HTTP/2.0" 200 31288 "https://anything.lead360.app/tenant-debug" "Mozilla/5.0 (Windows NT 10.0; Win64; x64) AppleWebKit/537.36 (KHTML, like Gecko) Chrome/143.0.0.0 Safari/537.36"
71.248.186.63 - - [02/Jan/2026:01:46:13 +0000] "GET /favicon.ico HTTP/2.0" 200 9292 "https://anything.lead360.app/tenant-debug" "Mozilla/5.0 (Windows NT 10.0; Win64; x64) AppleWebKit/537.36 (KHTML, like Gecko) Chrome/143.0.0.0 Safari/537.36"
71.248.186.63 - - [02/Jan/2026:01:47:09 +0000] "GET /tenant-debug HTTP/2.0" 200 6592 "https://anything.lead360.app/tenant-debug" "Mozilla/5.0 (Windows NT 10.0; Win64; x64) AppleWebKit/537.36 (KHTML, like Gecko) Chrome/143.0.0.0 Safari/537.36"
71.248.186.63 - - [02/Jan/2026:01:47:09 +0000] "GET /_next/webpack-hmr?id=XbE8Zb2M8KflK6fNR6I7u HTTP/1.1" 101 692 "-" "Mozilla/5.0 (Windows NT 10.0; Win64; x64) AppleWebKit/537.36 (KHTML, like Gecko) Chrome/143.0.0.0 Safari/537.36"
71.248.186.63 - - [02/Jan/2026:01:47:10 +0000] "GET /_next/static/chunks/%5Bturbopack%5D_browser_dev_hmr-client_hmr-client_ts_956a0d3a._.js HTTP/2.0" 200 295 "https://anything.lead360.app/tenant-debug" "Mozilla/5.0 (Windows NT 10.0; Win64; x64) AppleWebKit/537.36 (KHTML, like Gecko) Chrome/143.0.0.0 Safari/537.36"
71.248.186.63 - - [02/Jan/2026:01:47:10 +0000] "GET /_next/static/chunks/%5Broot-of-the-server%5D__0f0ba101._.css HTTP/2.0" 200 3981 "https://anything.lead360.app/tenant-debug" "Mozilla/5.0 (Windows NT 10.0; Win64; x64) AppleWebKit/537.36 (KHTML, like Gecko) Chrome/143.0.0.0 Safari/537.36"
71.248.186.63 - - [02/Jan/2026:01:47:10 +0000] "GET /_next/static/chunks/node_modules_next_dist_compiled_react-server-dom-turbopack_9212ccad._.js HTTP/2.0" 200 30748 "https://anything.lead360.app/tenant-debug" "Mozilla/5.0 (Windows NT 10.0; Win64; x64) AppleWebKit/537.36 (KHTML, like Gecko) Chrome/143.0.0.0 Safari/537.36"
71.248.186.63 - - [02/Jan/2026:01:47:10 +0000] "GET /_next/static/chunks/_a0ff3932._.js HTTP/2.0" 200 313 "https://anything.lead360.app/tenant-debug" "Mozilla/5.0 (Windows NT 10.0; Win64; x64) AppleWebKit/537.36 (KHTML, like Gecko) Chrome/143.0.0.0 Safari/537.36"
71.248.186.63 - - [02/Jan/2026:01:47:10 +0000] "GET /_next/static/chunks/node_modules_next_dist_compiled_a0e4c7b4._.js HTTP/2.0" 200 28368 "https://anything.lead360.app/tenant-debug" "Mozilla/5.0 (Windows NT 10.0; Win64; x64) AppleWebKit/537.36 (KHTML, like Gecko) Chrome/143.0.0.0 Safari/537.36"
71.248.186.63 - - [02/Jan/2026:01:47:10 +0000] "GET /_next/static/chunks/node_modules_%40swc_helpers_cjs_d80fb378._.js HTTP/2.0" 200 741 "https://anything.lead360.app/tenant-debug" "Mozilla/5.0 (Windows NT 10.0; Win64; x64) AppleWebKit/537.36 (KHTML, like Gecko) Chrome/143.0.0.0 Safari/537.36"
71.248.186.63 - - [02/Jan/2026:01:47:10 +0000] "GET /_next/static/chunks/src_app_favicon_ico_mjs_81d86e48._.js HTTP/2.0" 200 167 "https://anything.lead360.app/tenant-debug" "Mozilla/5.0 (Windows NT 10.0; Win64; x64) AppleWebKit/537.36 (KHTML, like Gecko) Chrome/143.0.0.0 Safari/537.36"
71.248.186.63 - - [02/Jan/2026:01:47:10 +0000] "GET /_next/static/chunks/node_modules_next_dist_client_components_builtin_global-error_1cf6b850.js HTTP/2.0" 200 130 "https://anything.lead360.app/tenant-debug" "Mozilla/5.0 (Windows NT 10.0; Win64; x64) AppleWebKit/537.36 (KHTML, like Gecko) Chrome/143.0.0.0 Safari/537.36"
71.248.186.63 - - [02/Jan/2026:01:47:10 +0000] "GET /_next/static/chunks/src_app_layout_tsx_1cf6b850._.js HTTP/2.0" 200 169 "https://anything.lead360.app/tenant-debug" "Mozilla/5.0 (Windows NT 10.0; Win64; x64) AppleWebKit/537.36 (KHTML, like Gecko) Chrome/143.0.0.0 Safari/537.36"
71.248.186.63 - - [02/Jan/2026:01:47:10 +0000] "GET /_next/static/chunks/turbopack-_23a915ee._.js HTTP/2.0" 200 18537 "https://anything.lead360.app/tenant-debug" "Mozilla/5.0 (Windows NT 10.0; Win64; x64) AppleWebKit/537.36 (KHTML, like Gecko) Chrome/143.0.0.0 Safari/537.36"
71.248.186.63 - - [02/Jan/2026:01:47:10 +0000] "GET /_next/static/chunks/node_modules_next_dist_f3530cac._.js HTTP/2.0" 200 38917 "https://anything.lead360.app/tenant-debug" "Mozilla/5.0 (Windows NT 10.0; Win64; x64) AppleWebKit/537.36 (KHTML, like Gecko) Chrome/143.0.0.0 Safari/537.36"
71.248.186.63 - - [02/Jan/2026:01:47:10 +0000] "GET /_next/static/chunks/node_modules_next_dist_be32b49c._.js HTTP/2.0" 200 22204 "https://anything.lead360.app/tenant-debug" "Mozilla/5.0 (Windows NT 10.0; Win64; x64) AppleWebKit/537.36 (KHTML, like Gecko) Chrome/143.0.0.0 Safari/537.36"
71.248.186.63 - - [02/Jan/2026:01:47:10 +0000] "GET /_next/static/chunks/node_modules_next_dist_client_17643121._.js HTTP/2.0" 200 122333 "https://anything.lead360.app/tenant-debug" "Mozilla/5.0 (Windows NT 10.0; Win64; x64) AppleWebKit/537.36 (KHTML, like Gecko) Chrome/143.0.0.0 Safari/537.36"
71.248.186.63 - - [02/Jan/2026:01:47:10 +0000] "GET /_next/static/chunks/node_modules_next_dist_compiled_react-dom_1e674e59._.js HTTP/2.0" 200 181770 "https://anything.lead360.app/tenant-debug" "Mozilla/5.0 (Windows NT 10.0; Win64; x64) AppleWebKit/537.36 (KHTML, like Gecko) Chrome/143.0.0.0 Safari/537.36"
71.248.186.63 - - [02/Jan/2026:01:47:10 +0000] "GET /_next/static/chunks/node_modules_next_dist_compiled_next-devtools_index_1dd7fb59.js HTTP/2.0" 200 223822 "https://anything.lead360.app/tenant-debug" "Mozilla/5.0 (Windows NT 10.0; Win64; x64) AppleWebKit/537.36 (KHTML, like Gecko) Chrome/143.0.0.0 Safari/537.36"
71.248.186.63 - - [02/Jan/2026:01:47:10 +0000] "GET /_next/static/chunks/%5Bturbopack%5D_browser_dev_hmr-client_hmr-client_ts_c7192189._.js HTTP/2.0" 200 181 "https://anything.lead360.app/tenant-debug" "Mozilla/5.0 (Windows NT 10.0; Win64; x64) AppleWebKit/537.36 (KHTML, like Gecko) Chrome/143.0.0.0 Safari/537.36"
71.248.186.63 - - [02/Jan/2026:01:47:10 +0000] "GET /_next/static/chunks/%5Bturbopack%5D_browser_dev_hmr-client_hmr-client_ts_c8c997ce._.js HTTP/2.0" 200 3821 "https://anything.lead360.app/tenant-debug" "Mozilla/5.0 (Windows NT 10.0; Win64; x64) AppleWebKit/537.36 (KHTML, like Gecko) Chrome/143.0.0.0 Safari/537.36"
71.248.186.63 - - [02/Jan/2026:01:47:10 +0000] "GET /favicon.ico?favicon.0b3bf435.ico HTTP/2.0" 200 9292 "https://anything.lead360.app/tenant-debug" "Mozilla/5.0 (Windows NT 10.0; Win64; x64) AppleWebKit/537.36 (KHTML, like Gecko) Chrome/143.0.0.0 Safari/537.36"
71.248.186.63 - - [02/Jan/2026:01:47:49 +0000] "GET /tenant-debug?_rsc=ousdj HTTP/2.0" 200 5089 "https://anything.lead360.app/tenant-debug" "Mozilla/5.0 (Windows NT 10.0; Win64; x64) AppleWebKit/537.36 (KHTML, like Gecko) Chrome/143.0.0.0 Safari/537.36"
71.248.186.63 - - [02/Jan/2026:01:48:27 +0000] "GET /tenant-debug?_rsc=ousdj HTTP/2.0" 200 5091 "https://anything.lead360.app/tenant-debug" "Mozilla/5.0 (Windows NT 10.0; Win64; x64) AppleWebKit/537.36 (KHTML, like Gecko) Chrome/143.0.0.0 Safari/537.36"
71.248.186.63 - - [02/Jan/2026:01:50:19 +0000] "GET /tenant-debug?_rsc=ousdj HTTP/2.0" 200 5607 "https://anything.lead360.app/tenant-debug" "Mozilla/5.0 (Windows NT 10.0; Win64; x64) AppleWebKit/537.36 (KHTML, like Gecko) Chrome/143.0.0.0 Safari/537.36"
71.248.186.63 - - [02/Jan/2026:01:50:27 +0000] "GET /tenant-debug HTTP/2.0" 200 7258 "-" "Mozilla/5.0 (Windows NT 10.0; Win64; x64) AppleWebKit/537.36 (KHTML, like Gecko) Chrome/143.0.0.0 Safari/537.36"
71.248.186.63 - - [02/Jan/2026:01:50:27 +0000] "GET /_next/webpack-hmr?id=Zs_EuzxAstKMpycdNOllN HTTP/1.1" 101 3472 "-" "Mozilla/5.0 (Windows NT 10.0; Win64; x64) AppleWebKit/537.36 (KHTML, like Gecko) Chrome/143.0.0.0 Safari/537.36"
71.248.186.63 - - [02/Jan/2026:01:50:27 +0000] "GET /_next/static/media/797e433ab948586e-s.p.dbea232f.woff2 HTTP/2.0" 200 31288 "https://everything.lead360.app/tenant-debug" "Mozilla/5.0 (Windows NT 10.0; Win64; x64) AppleWebKit/537.36 (KHTML, like Gecko) Chrome/143.0.0.0 Safari/537.36"
71.248.186.63 - - [02/Jan/2026:01:50:27 +0000] "GET /_next/static/media/caa3a2e1cccd8315-s.p.853070df.woff2 HTTP/2.0" 200 28388 "https://everything.lead360.app/tenant-debug" "Mozilla/5.0 (Windows NT 10.0; Win64; x64) AppleWebKit/537.36 (KHTML, like Gecko) Chrome/143.0.0.0 Safari/537.36"
71.248.186.63 - - [02/Jan/2026:01:50:27 +0000] "GET /_next/static/chunks/%5Bturbopack%5D_browser_dev_hmr-client_hmr-client_ts_956a0d3a._.js HTTP/2.0" 200 295 "https://everything.lead360.app/tenant-debug" "Mozilla/5.0 (Windows NT 10.0; Win64; x64) AppleWebKit/537.36 (KHTML, like Gecko) Chrome/143.0.0.0 Safari/537.36"
71.248.186.63 - - [02/Jan/2026:01:50:27 +0000] "GET /_next/static/chunks/%5Broot-of-the-server%5D__0f0ba101._.css HTTP/2.0" 200 3981 "https://everything.lead360.app/tenant-debug" "Mozilla/5.0 (Windows NT 10.0; Win64; x64) AppleWebKit/537.36 (KHTML, like Gecko) Chrome/143.0.0.0 Safari/537.36"
71.248.186.63 - - [02/Jan/2026:01:50:27 +0000] "GET /_next/static/chunks/node_modules_next_dist_compiled_react-server-dom-turbopack_9212ccad._.js HTTP/2.0" 200 30748 "https://everything.lead360.app/tenant-debug" "Mozilla/5.0 (Windows NT 10.0; Win64; x64) AppleWebKit/537.36 (KHTML, like Gecko) Chrome/143.0.0.0 Safari/537.36"
71.248.186.63 - - [02/Jan/2026:01:50:27 +0000] "GET /_next/static/chunks/node_modules_%40swc_helpers_cjs_d80fb378._.js HTTP/2.0" 200 741 "https://everything.lead360.app/tenant-debug" "Mozilla/5.0 (Windows NT 10.0; Win64; x64) AppleWebKit/537.36 (KHTML, like Gecko) Chrome/143.0.0.0 Safari/537.36"
71.248.186.63 - - [02/Jan/2026:01:50:27 +0000] "GET /_next/static/chunks/node_modules_next_dist_compiled_a0e4c7b4._.js HTTP/2.0" 200 28368 "https://everything.lead360.app/tenant-debug" "Mozilla/5.0 (Windows NT 10.0; Win64; x64) AppleWebKit/537.36 (KHTML, like Gecko) Chrome/143.0.0.0 Safari/537.36"
71.248.186.63 - - [02/Jan/2026:01:50:27 +0000] "GET /_next/static/chunks/node_modules_next_dist_f3530cac._.js HTTP/2.0" 200 38917 "https://everything.lead360.app/tenant-debug" "Mozilla/5.0 (Windows NT 10.0; Win64; x64) AppleWebKit/537.36 (KHTML, like Gecko) Chrome/143.0.0.0 Safari/537.36"
71.248.186.63 - - [02/Jan/2026:01:50:27 +0000] "GET /_next/static/chunks/_a0ff3932._.js HTTP/2.0" 200 313 "https://everything.lead360.app/tenant-debug" "Mozilla/5.0 (Windows NT 10.0; Win64; x64) AppleWebKit/537.36 (KHTML, like Gecko) Chrome/143.0.0.0 Safari/537.36"
71.248.186.63 - - [02/Jan/2026:01:50:27 +0000] "GET /_next/static/chunks/node_modules_next_dist_compiled_react-dom_1e674e59._.js HTTP/2.0" 200 181770 "https://everything.lead360.app/tenant-debug" "Mozilla/5.0 (Windows NT 10.0; Win64; x64) AppleWebKit/537.36 (KHTML, like Gecko) Chrome/143.0.0.0 Safari/537.36"
71.248.186.63 - - [02/Jan/2026:01:50:27 +0000] "GET /_next/static/chunks/turbopack-_23a915ee._.js HTTP/2.0" 200 18537 "https://everything.lead360.app/tenant-debug" "Mozilla/5.0 (Windows NT 10.0; Win64; x64) AppleWebKit/537.36 (KHTML, like Gecko) Chrome/143.0.0.0 Safari/537.36"
71.248.186.63 - - [02/Jan/2026:01:50:27 +0000] "GET /_next/static/chunks/node_modules_next_dist_be32b49c._.js HTTP/2.0" 200 22204 "https://everything.lead360.app/tenant-debug" "Mozilla/5.0 (Windows NT 10.0; Win64; x64) AppleWebKit/537.36 (KHTML, like Gecko) Chrome/143.0.0.0 Safari/537.36"
71.248.186.63 - - [02/Jan/2026:01:50:27 +0000] "GET /_next/static/chunks/src_app_favicon_ico_mjs_81d86e48._.js HTTP/2.0" 200 167 "https://everything.lead360.app/tenant-debug" "Mozilla/5.0 (Windows NT 10.0; Win64; x64) AppleWebKit/537.36 (KHTML, like Gecko) Chrome/143.0.0.0 Safari/537.36"
71.248.186.63 - - [02/Jan/2026:01:50:27 +0000] "GET /_next/static/chunks/node_modules_next_dist_client_17643121._.js HTTP/2.0" 200 122333 "https://everything.lead360.app/tenant-debug" "Mozilla/5.0 (Windows NT 10.0; Win64; x64) AppleWebKit/537.36 (KHTML, like Gecko) Chrome/143.0.0.0 Safari/537.36"
71.248.186.63 - - [02/Jan/2026:01:50:27 +0000] "GET /_next/static/chunks/node_modules_next_dist_client_components_builtin_global-error_1cf6b850.js HTTP/2.0" 200 130 "https://everything.lead360.app/tenant-debug" "Mozilla/5.0 (Windows NT 10.0; Win64; x64) AppleWebKit/537.36 (KHTML, like Gecko) Chrome/143.0.0.0 Safari/537.36"
71.248.186.63 - - [02/Jan/2026:01:50:27 +0000] "GET /_next/static/chunks/src_app_layout_tsx_1cf6b850._.js HTTP/2.0" 200 169 "https://everything.lead360.app/tenant-debug" "Mozilla/5.0 (Windows NT 10.0; Win64; x64) AppleWebKit/537.36 (KHTML, like Gecko) Chrome/143.0.0.0 Safari/537.36"
71.248.186.63 - - [02/Jan/2026:01:50:27 +0000] "GET /_next/static/chunks/node_modules_next_dist_compiled_next-devtools_index_1dd7fb59.js HTTP/2.0" 200 223822 "https://everything.lead360.app/tenant-debug" "Mozilla/5.0 (Windows NT 10.0; Win64; x64) AppleWebKit/537.36 (KHTML, like Gecko) Chrome/143.0.0.0 Safari/537.36"
71.248.186.63 - - [02/Jan/2026:01:50:27 +0000] "GET /_next/static/chunks/%5Bturbopack%5D_browser_dev_hmr-client_hmr-client_ts_c7192189._.js HTTP/2.0" 200 181 "https://everything.lead360.app/tenant-debug" "Mozilla/5.0 (Windows NT 10.0; Win64; x64) AppleWebKit/537.36 (KHTML, like Gecko) Chrome/143.0.0.0 Safari/537.36"
71.248.186.63 - - [02/Jan/2026:01:50:27 +0000] "GET /_next/static/chunks/%5Bturbopack%5D_browser_dev_hmr-client_hmr-client_ts_c8c997ce._.js HTTP/2.0" 200 3821 "https://everything.lead360.app/tenant-debug" "Mozilla/5.0 (Windows NT 10.0; Win64; x64) AppleWebKit/537.36 (KHTML, like Gecko) Chrome/143.0.0.0 Safari/537.36"
71.248.186.63 - - [02/Jan/2026:01:50:27 +0000] "GET /favicon.ico?favicon.0b3bf435.ico HTTP/2.0" 200 9292 "https://everything.lead360.app/tenant-debug" "Mozilla/5.0 (Windows NT 10.0; Win64; x64) AppleWebKit/537.36 (KHTML, like Gecko) Chrome/143.0.0.0 Safari/537.36"
71.248.186.63 - - [02/Jan/2026:01:50:27 +0000] "GET /__nextjs_font/geist-latin.woff2 HTTP/2.0" 200 28356 "https://everything.lead360.app/tenant-debug" "Mozilla/5.0 (Windows NT 10.0; Win64; x64) AppleWebKit/537.36 (KHTML, like Gecko) Chrome/143.0.0.0 Safari/537.36"
71.248.186.63 - - [02/Jan/2026:01:50:51 +0000] "GET /tenant-debug HTTP/2.0" 500 21 "-" "Mozilla/5.0 (Windows NT 10.0; Win64; x64) AppleWebKit/537.36 (KHTML, like Gecko) Chrome/143.0.0.0 Safari/537.36"
71.248.186.63 - - [02/Jan/2026:01:50:51 +0000] "GET /_next/webpack-hmr?id=POdkSGLjwXq-rhDgCuV-f HTTP/1.1" 101 517 "-" "Mozilla/5.0 (Windows NT 10.0; Win64; x64) AppleWebKit/537.36 (KHTML, like Gecko) Chrome/143.0.0.0 Safari/537.36"
71.248.186.63 - - [02/Jan/2026:01:50:51 +0000] "GET /favicon.ico HTTP/2.0" 200 9292 "https://everything.lead360.app/tenant-debug" "Mozilla/5.0 (Windows NT 10.0; Win64; x64) AppleWebKit/537.36 (KHTML, like Gecko) Chrome/143.0.0.0 Safari/537.36"
71.248.186.63 - - [02/Jan/2026:01:50:52 +0000] "GET /tenant-debug HTTP/2.0" 500 21 "-" "Mozilla/5.0 (Windows NT 10.0; Win64; x64) AppleWebKit/537.36 (KHTML, like Gecko) Chrome/143.0.0.0 Safari/537.36"
71.248.186.63 - - [02/Jan/2026:01:50:52 +0000] "GET /favicon.ico HTTP/2.0" 200 9292 "https://everything.lead360.app/tenant-debug" "Mozilla/5.0 (Windows NT 10.0; Win64; x64) AppleWebKit/537.36 (KHTML, like Gecko) Chrome/143.0.0.0 Safari/537.36"
71.248.186.63 - - [02/Jan/2026:01:51:39 +0000] "GET /tenant-debug HTTP/2.0" 500 21 "-" "Mozilla/5.0 (Windows NT 10.0; Win64; x64) AppleWebKit/537.36 (KHTML, like Gecko) Chrome/143.0.0.0 Safari/537.36"
71.248.186.63 - - [02/Jan/2026:01:51:39 +0000] "GET /favicon.ico HTTP/2.0" 200 9292 "https://everything.lead360.app/tenant-debug" "Mozilla/5.0 (Windows NT 10.0; Win64; x64) AppleWebKit/537.36 (KHTML, like Gecko) Chrome/143.0.0.0 Safari/537.36"
71.248.186.63 - - [02/Jan/2026:01:52:20 +0000] "GET /tenant-debug HTTP/2.0" 500 21 "-" "Mozilla/5.0 (Windows NT 10.0; Win64; x64) AppleWebKit/537.36 (KHTML, like Gecko) Chrome/143.0.0.0 Safari/537.36"
71.248.186.63 - - [02/Jan/2026:01:52:20 +0000] "GET /favicon.ico HTTP/2.0" 200 9292 "https://everything.lead360.app/tenant-debug" "Mozilla/5.0 (Windows NT 10.0; Win64; x64) AppleWebKit/537.36 (KHTML, like Gecko) Chrome/143.0.0.0 Safari/537.36"
71.248.186.63 - - [02/Jan/2026:01:52:46 +0000] "GET /tenant-debug HTTP/2.0" 500 21 "-" "Mozilla/5.0 (Windows NT 10.0; Win64; x64) AppleWebKit/537.36 (KHTML, like Gecko) Chrome/143.0.0.0 Safari/537.36"
71.248.186.63 - - [02/Jan/2026:01:52:46 +0000] "GET /favicon.ico HTTP/2.0" 200 9292 "https://everything.lead360.app/tenant-debug" "Mozilla/5.0 (Windows NT 10.0; Win64; x64) AppleWebKit/537.36 (KHTML, like Gecko) Chrome/143.0.0.0 Safari/537.36"
71.248.186.63 - - [02/Jan/2026:01:53:01 +0000] "GET /tenant-debug HTTP/2.0" 500 21 "-" "Mozilla/5.0 (Windows NT 10.0; Win64; x64) AppleWebKit/537.36 (KHTML, like Gecko) Chrome/143.0.0.0 Safari/537.36"
71.248.186.63 - - [02/Jan/2026:01:53:01 +0000] "GET /favicon.ico HTTP/2.0" 200 9292 "https://everything.lead360.app/tenant-debug" "Mozilla/5.0 (Windows NT 10.0; Win64; x64) AppleWebKit/537.36 (KHTML, like Gecko) Chrome/143.0.0.0 Safari/537.36"
71.248.186.63 - - [02/Jan/2026:03:02:22 +0000] "GET /tenant-debug HTTP/2.0" 502 559 "-" "Mozilla/5.0 (Windows NT 10.0; Win64; x64) AppleWebKit/537.36 (KHTML, like Gecko) Chrome/143.0.0.0 Safari/537.36"
71.248.186.63 - - [02/Jan/2026:03:02:22 +0000] "GET /favicon.ico HTTP/2.0" 502 559 "https://everything.lead360.app/tenant-debug" "Mozilla/5.0 (Windows NT 10.0; Win64; x64) AppleWebKit/537.36 (KHTML, like Gecko) Chrome/143.0.0.0 Safari/537.36"
43.159.138.217 - - [04/Jan/2026:05:03:00 +0000] "GET / HTTP/1.1" 200 7484 "http://m.lead360.app" "Mozilla/5.0 (iPhone; CPU iPhone OS 13_2_3 like Mac OS X) AppleWebKit/605.1.15 (KHTML, like Gecko) Version/13.0.3 Mobile/15E148 Safari/604.1"
45.134.24.64 - - [04/Jan/2026:08:28:07 +0000] "GET /page/1 HTTP/1.1" 307 57 "-" "Mozilla/5.0 (Windows NT 10.0; Win64; x64) AppleWebKit/537.36 (KHTML, like Gecko) Chrome/121.0.0.0 Safari/537.36 Edg/121.0.0.0"
154.209.222.202 - - [04/Jan/2026:08:28:09 +0000] "GET / HTTP/1.1" 200 7492 "-" "Mozilla/5.0 (iPhone; CPU iPhone OS 17_1 like Mac OS X) AppleWebKit/605.1.15 (KHTML, like Gecko) EdgiOS/119.0.2151.65 Version/17.0 Mobile/15E148 Safari/604.1"
195.19.29.149 - - [04/Jan/2026:08:28:09 +0000] "GET /download/apk.apk HTTP/1.1" 404 7776 "-" "Mozilla/5.0 (iPhone; CPU iPhone OS 17_1 like Mac OS X) AppleWebKit/605.1.15 (KHTML, like Gecko) EdgiOS/120.0.2210.86 Version/17.0 Mobile/15E148 Safari/604.1"
45.150.61.166 - - [04/Jan/2026:08:28:10 +0000] "GET /favicon.ico?favicon.0b3bf435.ico HTTP/1.1" 200 9310 "-" "Mozilla/5.0 (iPhone; CPU iPhone OS 17_2 like Mac OS X) AppleWebKit/605.1.15 (KHTML, like Gecko) EdgiOS/120.0.2210.126 Version/17.0 Mobile/15E148 Safari/604.1"
176.103.90.170 - - [04/Jan/2026:08:28:10 +0000] "GET /favicon.ico?favicon.0b3bf435.ico HTTP/1.1" 200 9310 "-" "Mozilla/5.0 (Windows NT 10.0; Win64; x64) AppleWebKit/537.36 (KHTML, like Gecko) Chrome/121.0.0.0 Safari/537.36 Edg/121.0.0.0"
154.223.207.114 - - [04/Jan/2026:09:52:35 +0000] "GET / HTTP/1.1" 502 157 "-" "Mozilla/5.0 (iPad; CPU OS 17_0_3 like Mac OS X) AppleWebKit/605.1.15 (KHTML, like Gecko) Version/17.0.1 Mobile/15E148 Safari/604.1"
46.150.254.105 - - [04/Jan/2026:09:52:35 +0000] "GET /page/1 HTTP/1.1" 502 157 "-" "Mozilla/5.0 (iPhone; CPU iPhone OS 17_2 like Mac OS X) AppleWebKit/605.1.15 (KHTML, like Gecko) EdgiOS/120.0.2210.141 Version/17.0 Mobile/15E148 Safari/604.1"
45.149.129.230 - - [04/Jan/2026:09:52:35 +0000] "GET /download/apk.apk HTTP/1.1" 502 559 "-" "Mozilla/5.0 (Macintosh; Intel Mac OS X 10_15_7) AppleWebKit/537.36 (KHTML, like Gecko) Chrome/122.0.0.0 Safari/537.36"
154.223.207.114 - - [04/Jan/2026:09:52:36 +0000] "GET / HTTP/1.1" 502 157 "-" "Mozilla/5.0 (iPad; CPU OS 17_0_3 like Mac OS X) AppleWebKit/605.1.15 (KHTML, like Gecko) Version/17.0.1 Mobile/15E148 Safari/604.1"
46.150.254.105 - - [04/Jan/2026:09:52:36 +0000] "GET /page/1 HTTP/1.1" 502 157 "-" "Mozilla/5.0 (iPhone; CPU iPhone OS 17_2 like Mac OS X) AppleWebKit/605.1.15 (KHTML, like Gecko) EdgiOS/120.0.2210.141 Version/17.0 Mobile/15E148 Safari/604.1"
45.149.129.230 - - [04/Jan/2026:09:52:36 +0000] "GET /download/apk.apk HTTP/1.1" 502 559 "-" "Mozilla/5.0 (Macintosh; Intel Mac OS X 10_15_7) AppleWebKit/537.36 (KHTML, like Gecko) Chrome/122.0.0.0 Safari/537.36"
46.150.254.105 - - [04/Jan/2026:09:52:36 +0000] "GET /page/1 HTTP/1.1" 502 157 "-" "Mozilla/5.0 (iPhone; CPU iPhone OS 17_2 like Mac OS X) AppleWebKit/605.1.15 (KHTML, like Gecko) EdgiOS/120.0.2210.141 Version/17.0 Mobile/15E148 Safari/604.1"
154.223.207.114 - - [04/Jan/2026:09:52:36 +0000] "GET / HTTP/1.1" 502 157 "-" "Mozilla/5.0 (iPad; CPU OS 17_0_3 like Mac OS X) AppleWebKit/605.1.15 (KHTML, like Gecko) Version/17.0.1 Mobile/15E148 Safari/604.1"
45.149.129.230 - - [04/Jan/2026:09:52:36 +0000] "GET /download/apk.apk HTTP/1.1" 502 559 "-" "Mozilla/5.0 (Macintosh; Intel Mac OS X 10_15_7) AppleWebKit/537.36 (KHTML, like Gecko) Chrome/122.0.0.0 Safari/537.36"
154.209.208.148 - - [04/Jan/2026:09:52:37 +0000] "GET /favicon.ico HTTP/1.1" 502 157 "-" "Mozilla/5.0 (iPad; CPU OS 17_0_2 like Mac OS X) AppleWebKit/605.1.15 (KHTML, like Gecko) Version/17.0 Mobile/15E148 Safari/604.1"
193.31.5.46 - - [04/Jan/2026:09:52:37 +0000] "GET /favicon.ico HTTP/1.1" 502 559 "-" "Mozilla/5.0 (Linux; Android 10; K) AppleWebKit/537.36 (KHTML, like Gecko) Chrome/122.0.0.0 Mobile Safari/537.36"
195.209.135.230 - - [04/Jan/2026:09:52:37 +0000] "GET /favicon.ico HTTP/1.1" 502 559 "-" "Mozilla/5.0 (Linux; Android 8.1.0; Moto G (4)) AppleWebKit/537.36 (KHTML, like Gecko) Chrome/122.0.0.0 Mobile Safari/537.36 PTST/240201.144844"
154.209.208.148 - - [04/Jan/2026:09:52:37 +0000] "GET /favicon.ico HTTP/1.1" 502 157 "-" "Mozilla/5.0 (iPad; CPU OS 17_0_2 like Mac OS X) AppleWebKit/605.1.15 (KHTML, like Gecko) Version/17.0 Mobile/15E148 Safari/604.1"
193.31.5.46 - - [04/Jan/2026:09:52:37 +0000] "GET /favicon.ico HTTP/1.1" 502 559 "-" "Mozilla/5.0 (Linux; Android 10; K) AppleWebKit/537.36 (KHTML, like Gecko) Chrome/122.0.0.0 Mobile Safari/537.36"
195.209.135.230 - - [04/Jan/2026:09:52:38 +0000] "GET /favicon.ico HTTP/1.1" 502 559 "-" "Mozilla/5.0 (Linux; Android 8.1.0; Moto G (4)) AppleWebKit/537.36 (KHTML, like Gecko) Chrome/122.0.0.0 Mobile Safari/537.36 PTST/240201.144844"
193.31.5.46 - - [04/Jan/2026:09:52:38 +0000] "GET /favicon.ico HTTP/1.1" 502 559 "-" "Mozilla/5.0 (Linux; Android 10; K) AppleWebKit/537.36 (KHTML, like Gecko) Chrome/122.0.0.0 Mobile Safari/537.36"
154.209.208.148 - - [04/Jan/2026:09:52:38 +0000] "GET /favicon.ico HTTP/1.1" 502 157 "-" "Mozilla/5.0 (iPad; CPU OS 17_0_2 like Mac OS X) AppleWebKit/605.1.15 (KHTML, like Gecko) Version/17.0 Mobile/15E148 Safari/604.1"
195.209.135.230 - - [04/Jan/2026:09:52:38 +0000] "GET /favicon.ico HTTP/1.1" 502 559 "-" "Mozilla/5.0 (Linux; Android 8.1.0; Moto G (4)) AppleWebKit/537.36 (KHTML, like Gecko) Chrome/122.0.0.0 Mobile Safari/537.36 PTST/240201.144844"
43.166.238.12 - - [04/Jan/2026:12:17:01 +0000] "GET / HTTP/1.1" 502 157 "http://m.lead360.app" "Mozilla/5.0 (iPhone; CPU iPhone OS 13_2_3 like Mac OS X) AppleWebKit/605.1.15 (KHTML, like Gecko) Version/13.0.3 Mobile/15E148 Safari/604.1"
212.193.162.168 - - [04/Jan/2026:17:53:50 +0000] "GET /download/apk.apk HTTP/1.1" 502 559 "-" "Mozilla/5.0 (Windows NT 10.0; Win64; x64) AppleWebKit/537.36 (KHTML, like Gecko) Chrome/121.0.0.0 Safari/537.36 Edg/121.0.0.0 Unique/97.7.7286.70"
195.19.219.200 - - [04/Jan/2026:17:53:50 +0000] "GET / HTTP/1.1" 502 157 "-" "Mozilla/5.0 (iPhone; CPU iPhone OS 17_0_3 like Mac OS X) AppleWebKit/605.1.15 (KHTML, like Gecko) Version/17.0 Mobile/15E148 Safari/604.1"
195.208.95.65 - - [04/Jan/2026:17:53:50 +0000] "GET /page/1 HTTP/1.1" 502 157 "-" "Mozilla/5.0 (Windows NT 10.0; Win64; x64; rv:123.0) Gecko/20100101 Firefox/123.0"
212.193.162.168 - - [04/Jan/2026:17:53:51 +0000] "GET /download/apk.apk HTTP/1.1" 502 559 "-" "Mozilla/5.0 (Windows NT 10.0; Win64; x64) AppleWebKit/537.36 (KHTML, like Gecko) Chrome/121.0.0.0 Safari/537.36 Edg/121.0.0.0 Unique/97.7.7286.70"
195.19.219.200 - - [04/Jan/2026:17:53:51 +0000] "GET / HTTP/1.1" 502 157 "-" "Mozilla/5.0 (iPhone; CPU iPhone OS 17_0_3 like Mac OS X) AppleWebKit/605.1.15 (KHTML, like Gecko) Version/17.0 Mobile/15E148 Safari/604.1"
195.208.95.65 - - [04/Jan/2026:17:53:51 +0000] "GET /page/1 HTTP/1.1" 502 157 "-" "Mozilla/5.0 (Windows NT 10.0; Win64; x64; rv:123.0) Gecko/20100101 Firefox/123.0"
212.193.162.168 - - [04/Jan/2026:17:53:51 +0000] "GET /download/apk.apk HTTP/1.1" 502 559 "-" "Mozilla/5.0 (Windows NT 10.0; Win64; x64) AppleWebKit/537.36 (KHTML, like Gecko) Chrome/121.0.0.0 Safari/537.36 Edg/121.0.0.0 Unique/97.7.7286.70"
195.208.95.65 - - [04/Jan/2026:17:53:52 +0000] "GET /page/1 HTTP/1.1" 502 157 "-" "Mozilla/5.0 (Windows NT 10.0; Win64; x64; rv:123.0) Gecko/20100101 Firefox/123.0"
195.19.219.200 - - [04/Jan/2026:17:53:52 +0000] "GET / HTTP/1.1" 502 157 "-" "Mozilla/5.0 (iPhone; CPU iPhone OS 17_0_3 like Mac OS X) AppleWebKit/605.1.15 (KHTML, like Gecko) Version/17.0 Mobile/15E148 Safari/604.1"
176.103.92.118 - - [04/Jan/2026:17:53:52 +0000] "GET /favicon.ico HTTP/1.1" 502 157 "-" "Mozilla/5.0 (iPhone; CPU iPhone OS 17_1 like Mac OS X) AppleWebKit/605.1.15 (KHTML, like Gecko) EdgiOS/118.0.2088.68 Version/17.0 Mobile/15E148 Safari/604.1"
45.87.255.50 - - [04/Jan/2026:17:53:52 +0000] "GET /favicon.ico HTTP/1.1" 502 157 "-" "Mozilla/5.0 (iPhone; CPU iPhone OS 17_0_2 like Mac OS X) AppleWebKit/605.1.15 (KHTML, like Gecko) Version/17.0 Mobile/15E148 Safari/604.1"
154.223.201.23 - - [04/Jan/2026:17:53:52 +0000] "GET /favicon.ico HTTP/1.1" 502 157 "-" "Mozilla/5.0 (iPhone; CPU iPhone OS 17_1 like Mac OS X) AppleWebKit/605.1.15 (KHTML, like Gecko) EdgiOS/119.0.2151.65 Version/17.0 Mobile/15E148 Safari/604.1"
176.103.92.118 - - [04/Jan/2026:17:53:52 +0000] "GET /favicon.ico HTTP/1.1" 502 157 "-" "Mozilla/5.0 (iPhone; CPU iPhone OS 17_1 like Mac OS X) AppleWebKit/605.1.15 (KHTML, like Gecko) EdgiOS/118.0.2088.68 Version/17.0 Mobile/15E148 Safari/604.1"
45.87.255.50 - - [04/Jan/2026:17:53:52 +0000] "GET /favicon.ico HTTP/1.1" 502 157 "-" "Mozilla/5.0 (iPhone; CPU iPhone OS 17_0_2 like Mac OS X) AppleWebKit/605.1.15 (KHTML, like Gecko) Version/17.0 Mobile/15E148 Safari/604.1"
154.223.201.23 - - [04/Jan/2026:17:53:53 +0000] "GET /favicon.ico HTTP/1.1" 502 157 "-" "Mozilla/5.0 (iPhone; CPU iPhone OS 17_1 like Mac OS X) AppleWebKit/605.1.15 (KHTML, like Gecko) EdgiOS/119.0.2151.65 Version/17.0 Mobile/15E148 Safari/604.1"
176.103.92.118 - - [04/Jan/2026:17:53:53 +0000] "GET /favicon.ico HTTP/1.1" 502 157 "-" "Mozilla/5.0 (iPhone; CPU iPhone OS 17_1 like Mac OS X) AppleWebKit/605.1.15 (KHTML, like Gecko) EdgiOS/118.0.2088.68 Version/17.0 Mobile/15E148 Safari/604.1"
45.87.255.50 - - [04/Jan/2026:17:53:53 +0000] "GET /favicon.ico HTTP/1.1" 502 157 "-" "Mozilla/5.0 (iPhone; CPU iPhone OS 17_0_2 like Mac OS X) AppleWebKit/605.1.15 (KHTML, like Gecko) Version/17.0 Mobile/15E148 Safari/604.1"
154.223.201.23 - - [04/Jan/2026:17:53:53 +0000] "GET /favicon.ico HTTP/1.1" 502 157 "-" "Mozilla/5.0 (iPhone; CPU iPhone OS 17_1 like Mac OS X) AppleWebKit/605.1.15 (KHTML, like Gecko) EdgiOS/119.0.2151.65 Version/17.0 Mobile/15E148 Safari/604.1"
43.155.27.244 - - [04/Jan/2026:18:50:29 +0000] "GET / HTTP/1.1" 502 157 "http://m.lead360.app" "Mozilla/5.0 (iPhone; CPU iPhone OS 13_2_3 like Mac OS X) AppleWebKit/605.1.15 (KHTML, like Gecko) Version/13.0.3 Mobile/15E148 Safari/604.1"
43.133.253.253 - - [05/Jan/2026:01:33:20 +0000] "GET / HTTP/1.1" 200 7491 "http://m.lead360.app" "Mozilla/5.0 (iPhone; CPU iPhone OS 13_2_3 like Mac OS X) AppleWebKit/605.1.15 (KHTML, like Gecko) Version/13.0.3 Mobile/15E148 Safari/604.1"
